Archive member included because of file (symbol)

d:/program/altera/13.0sp1/nios2eds/bin/gnu/h-i686-mingw32/bin/../lib/gcc/nios2-elf/4.1.2\libgcc.a(_fixunsdfsi.o)
                              obj/default/touch.o (__fixunsdfsi)
d:/program/altera/13.0sp1/nios2eds/bin/gnu/h-i686-mingw32/bin/../lib/gcc/nios2-elf/4.1.2\libgcc.a(_addsub_df.o)
                              d:/program/altera/13.0sp1/nios2eds/bin/gnu/h-i686-mingw32/bin/../lib/gcc/nios2-elf/4.1.2\libgcc.a(_fixunsdfsi.o) (__subdf3)
d:/program/altera/13.0sp1/nios2eds/bin/gnu/h-i686-mingw32/bin/../lib/gcc/nios2-elf/4.1.2\libgcc.a(_mul_df.o)
                              obj/default/touch.o (__muldf3)
d:/program/altera/13.0sp1/nios2eds/bin/gnu/h-i686-mingw32/bin/../lib/gcc/nios2-elf/4.1.2\libgcc.a(_div_df.o)
                              obj/default/touch.o (__divdf3)
d:/program/altera/13.0sp1/nios2eds/bin/gnu/h-i686-mingw32/bin/../lib/gcc/nios2-elf/4.1.2\libgcc.a(_eq_df.o)
                              obj/default/touch.o (__eqdf2)
d:/program/altera/13.0sp1/nios2eds/bin/gnu/h-i686-mingw32/bin/../lib/gcc/nios2-elf/4.1.2\libgcc.a(_ne_df.o)
                              obj/default/touch.o (__nedf2)
d:/program/altera/13.0sp1/nios2eds/bin/gnu/h-i686-mingw32/bin/../lib/gcc/nios2-elf/4.1.2\libgcc.a(_ge_df.o)
                              d:/program/altera/13.0sp1/nios2eds/bin/gnu/h-i686-mingw32/bin/../lib/gcc/nios2-elf/4.1.2\libgcc.a(_fixunsdfsi.o) (__gedf2)
d:/program/altera/13.0sp1/nios2eds/bin/gnu/h-i686-mingw32/bin/../lib/gcc/nios2-elf/4.1.2\libgcc.a(_si_to_df.o)
                              obj/default/touch.o (__floatsidf)
d:/program/altera/13.0sp1/nios2eds/bin/gnu/h-i686-mingw32/bin/../lib/gcc/nios2-elf/4.1.2\libgcc.a(_df_to_si.o)
                              d:/program/altera/13.0sp1/nios2eds/bin/gnu/h-i686-mingw32/bin/../lib/gcc/nios2-elf/4.1.2\libgcc.a(_fixunsdfsi.o) (__fixdfsi)
d:/program/altera/13.0sp1/nios2eds/bin/gnu/h-i686-mingw32/bin/../lib/gcc/nios2-elf/4.1.2\libgcc.a(_thenan_df.o)
                              d:/program/altera/13.0sp1/nios2eds/bin/gnu/h-i686-mingw32/bin/../lib/gcc/nios2-elf/4.1.2\libgcc.a(_addsub_df.o) (__thenan_df)
d:/program/altera/13.0sp1/nios2eds/bin/gnu/h-i686-mingw32/bin/../lib/gcc/nios2-elf/4.1.2\libgcc.a(_muldi3.o)
                              d:/program/altera/13.0sp1/nios2eds/bin/gnu/h-i686-mingw32/bin/../lib/gcc/nios2-elf/4.1.2\libgcc.a(_mul_df.o) (__muldi3)
d:/program/altera/13.0sp1/nios2eds/bin/gnu/h-i686-mingw32/bin/../lib/gcc/nios2-elf/4.1.2\libgcc.a(_clzsi2.o)
                              d:/program/altera/13.0sp1/nios2eds/bin/gnu/h-i686-mingw32/bin/../lib/gcc/nios2-elf/4.1.2\libgcc.a(_si_to_df.o) (__clzsi2)
d:/program/altera/13.0sp1/nios2eds/bin/gnu/h-i686-mingw32/bin/../lib/gcc/nios2-elf/4.1.2\libgcc.a(_pack_df.o)
                              d:/program/altera/13.0sp1/nios2eds/bin/gnu/h-i686-mingw32/bin/../lib/gcc/nios2-elf/4.1.2\libgcc.a(_addsub_df.o) (__pack_d)
d:/program/altera/13.0sp1/nios2eds/bin/gnu/h-i686-mingw32/bin/../lib/gcc/nios2-elf/4.1.2\libgcc.a(_unpack_df.o)
                              d:/program/altera/13.0sp1/nios2eds/bin/gnu/h-i686-mingw32/bin/../lib/gcc/nios2-elf/4.1.2\libgcc.a(_addsub_df.o) (__unpack_d)
d:/program/altera/13.0sp1/nios2eds/bin/gnu/h-i686-mingw32/bin/../lib/gcc/nios2-elf/4.1.2\libgcc.a(_fpcmp_parts_df.o)
                              d:/program/altera/13.0sp1/nios2eds/bin/gnu/h-i686-mingw32/bin/../lib/gcc/nios2-elf/4.1.2\libgcc.a(_eq_df.o) (__fpcmp_parts_d)
d:/program/altera/13.0sp1/nios2eds/bin/gnu/h-i686-mingw32/bin/../lib/gcc/nios2-elf/4.1.2\libgcc.a(_clz.o)
                              d:/program/altera/13.0sp1/nios2eds/bin/gnu/h-i686-mingw32/bin/../lib/gcc/nios2-elf/4.1.2\libgcc.a(_clzsi2.o) (__clz_tab)
d:/program/altera/13.0sp1/nios2eds/bin/gnu/h-i686-mingw32/bin/../lib/gcc/nios2-elf/4.1.2/../../../../nios2-elf/lib\libc.a(lib_a-fclose.o)
                              obj/default/game.o (fclose)
d:/program/altera/13.0sp1/nios2eds/bin/gnu/h-i686-mingw32/bin/../lib/gcc/nios2-elf/4.1.2/../../../../nios2-elf/lib\libc.a(lib_a-fflush.o)
                              d:/program/altera/13.0sp1/nios2eds/bin/gnu/h-i686-mingw32/bin/../lib/gcc/nios2-elf/4.1.2/../../../../nios2-elf/lib\libc.a(lib_a-fclose.o) (_fflush_r)
d:/program/altera/13.0sp1/nios2eds/bin/gnu/h-i686-mingw32/bin/../lib/gcc/nios2-elf/4.1.2/../../../../nios2-elf/lib\libc.a(lib_a-findfp.o)
                              d:/program/altera/13.0sp1/nios2eds/bin/gnu/h-i686-mingw32/bin/../lib/gcc/nios2-elf/4.1.2/../../../../nios2-elf/lib\libc.a(lib_a-fclose.o) (__sfp_lock_acquire)
d:/program/altera/13.0sp1/nios2eds/bin/gnu/h-i686-mingw32/bin/../lib/gcc/nios2-elf/4.1.2/../../../../nios2-elf/lib\libc.a(lib_a-fopen.o)
                              obj/default/game.o (fopen)
d:/program/altera/13.0sp1/nios2eds/bin/gnu/h-i686-mingw32/bin/../lib/gcc/nios2-elf/4.1.2/../../../../nios2-elf/lib\libc.a(lib_a-fprintf.o)
                              obj/default/game.o (fprintf)
[...]
Memory Configuration

Name             Origin             Length             Attributes
reset            0x00000000         0x00000020
epcs             0x00000020         0x000007e0
sdram_BEFORE_EXCEPTION 0x04000000         0x00000020
sdram            0x04000020         0x01ffffe0
*default*        0x00000000         0xffffffff

Linker script and memory map

LOAD ../lcd_nios_5_bsp//obj/HAL/src/crt0.o
LOAD obj/default/AsciiLib.o
LOAD obj/default/LCD32.o
LOAD obj/default/game.o
LOAD obj/default/main.o
LOAD obj/default/touch.o
LOAD d:/program/altera/13.0sp1/nios2eds/bin/gnu/h-i686-mingw32/bin/../lib/gcc/nios2-elf/4.1.2/../../../../nios2-elf/lib\libstdc++.a
LOAD d:/program/altera/13.0sp1/nios2eds/bin/gnu/h-i686-mingw32/bin/../lib/gcc/nios2-elf/4.1.2/../../../../nios2-elf/lib\libm.a
LOAD d:/program/altera/13.0sp1/nios2eds/bin/gnu/h-i686-mingw32/bin/../lib/gcc/nios2-elf/4.1.2\libgcc.a
START GROUP
LOAD d:/program/altera/13.0sp1/nios2eds/bin/gnu/h-i686-mingw32/bin/../lib/gcc/nios2-elf/4.1.2/../../../../nios2-elf/lib\libc.a
LOAD d:/program/altera/13.0sp1/nios2eds/bin/gnu/h-i686-mingw32/bin/../lib/gcc/nios2-elf/4.1.2\libgcc.a
LOAD ../lcd_nios_5_bsp/\libhal_bsp.a
END GROUP
LOAD d:/program/altera/13.0sp1/nios2eds/bin/gnu/h-i686-mingw32/bin/../lib/gcc/nios2-elf/4.1.2\libgcc.a
                0x00000000                __alt_mem_epcs = 0x0
                0x04000000                __alt_mem_sdram = 0x4000000

.entry          0x00000000        0x0
 *(.entry)
 .entry         0x00000000        0x0 ../lcd_nios_5_bsp//obj/HAL/src/crt0.o
                0x00000000                __reset

.exceptions     0x04000020      0x194
                0x04000020                PROVIDE (__ram_exceptions_start, ABSOLUTE (.))
                0x04000020                . = ALIGN (0x20)
 *(.irq)
 *(.exceptions.entry.label)
 .exceptions.entry.label
                0x04000020        0x0 ../lcd_nios_5_bsp/\libhal_bsp.a(alt_irq_entry.o)
                0x04000020                alt_irq_entry
 .exceptions.entry.label
                0x04000020        0x0 ../lcd_nios_5_bsp/\libhal_bsp.a(alt_exception_entry.o)
                0x04000020                alt_exception
 *(.exceptions.entry.user)
 *(.exceptions.entry)
 .exceptions.entry
                0x04000020       0x54 ../lcd_nios_5_bsp/\libhal_bsp.a(alt_exception_entry.o)
 *(.exceptions.irqtest.user)
 *(.exceptions.irqtest)
 .exceptions.irqtest
                0x04000074       0x10 ../lcd_nios_5_bsp/\libhal_bsp.a(alt_irq_entry.o)
 *(.exceptions.irqhandler.user)
 *(.exceptions.irqhandler)
 .exceptions.irqhandler
                0x04000084        0x4 ../lcd_nios_5_bsp/\libhal_bsp.a(alt_irq_entry.o)
 *(.exceptions.irqreturn.user)
 *(.exceptions.irqreturn)
 .exceptions.irqreturn
                0x04000088        0x4 ../lcd_nios_5_bsp/\libhal_bsp.a(alt_irq_entry.o)
 *(.exceptions.notirq.label)
 .exceptions.notirq.label
                0x0400008c        0x0 ../lcd_nios_5_bsp/\libhal_bsp.a(alt_irq_entry.o)
 *(.exceptions.notirq.user)
 *(.exceptions.notirq)
 .exceptions.notirq
                0x0400008c        0x8 ../lcd_nios_5_bsp/\libhal_bsp.a(alt_exception_entry.o)
 *(.exceptions.soft.user)
 *(.exceptions.soft)
 *(.exceptions.unknown.user)
 *(.exceptions.unknown)
 .exceptions.unknown
                0x04000094        0x4 ../lcd_nios_5_bsp/\libhal_bsp.a(alt_exception_entry.o)
 *(.exceptions.exit.label)
 .exceptions.exit.label
                0x04000098        0x0 ../lcd_nios_5_bsp/\libhal_bsp.a(alt_irq_entry.o)
 .exceptions.exit.label
                0x04000098        0x0 ../lcd_nios_5_bsp/\libhal_bsp.a(alt_exception_entry.o)
 *(.exceptions.exit.user)
 *(.exceptions.exit)
 .exceptions.exit
                0x04000098       0x54 ../lcd_nios_5_bsp/\libhal_bsp.a(alt_exception_entry.o)
 *(.exceptions)
 .exceptions    0x040000ec       0xc8 ../lcd_nios_5_bsp/\libhal_bsp.a(alt_irq_handler.o)
                0x040000ec                alt_irq_handler
                0x040001b4                PROVIDE (__ram_exceptions_end, ABSOLUTE (.))
                0x04000020                PROVIDE (__flash_exceptions_start, LOADADDR (.exceptions))

.text           0x040001b4    0x10934
                0x040001b4                PROVIDE (stext, ABSOLUTE (.))
 *(.interp)
 *(.hash)
 *(.dynsym)
 *(.dynstr)
 *(.gnu.version)
 *(.gnu.version_d)
 *(.gnu.version_r)
 *(.rel.init)
 *(.rela.init)
 *(.rel.text .rel.text.* .rel.gnu.linkonce.t.*)
 *(.rela.text .rela.text.* .rela.gnu.linkonce.t.*)
 *(.rel.fini)
 *(.rela.fini)
 *(.rel.rodata .rel.rodata.* .rel.gnu.linkonce.r.*)
 *(.rela.rodata .rela.rodata.* .rela.gnu.linkonce.r.*)
 *(.rel.data .rel.data.* .rel.gnu.linkonce.d.*)
 *(.rela.data .rela.data.* .rela.gnu.linkonce.d.*)
 *(.rel.tdata .rel.tdata.* .rel.gnu.linkonce.td.*)
 *(.rela.tdata .rela.tdata.* .rela.gnu.linkonce.td.*)
 *(.rel.tbss .rel.tbss.* .rel.gnu.linkonce.tb.*)
 *(.rela.tbss .rela.tbss.* .rela.gnu.linkonce.tb.*)
 *(.rel.ctors)
 *(.rela.ctors)
 *(.rel.dtors)
 *(.rela.dtors)
 *(.rel.got)
 *(.rela.got)
 *(.rel.sdata .rel.sdata.* .rel.gnu.linkonce.s.*)
 *(.rela.sdata .rela.sdata.* .rela.gnu.linkonce.s.*)
 *(.rel.sbss .rel.sbss.* .rel.gnu.linkonce.sb.*)
 *(.rela.sbss .rela.sbss.* .rela.gnu.linkonce.sb.*)
 *(.rel.sdata2 .rel.sdata2.* .rel.gnu.linkonce.s2.*)
 *(.rela.sdata2 .rela.sdata2.* .rela.gnu.linkonce.s2.*)
 *(.rel.sbss2 .rel.sbss2.* .rel.gnu.linkonce.sb2.*)
 *(.rela.sbss2 .rela.sbss2.* .rela.gnu.linkonce.sb2.*)
 *(.rel.bss .rel.bss.* .rel.gnu.linkonce.b.*)
 *(.rela.bss .rela.bss.* .rela.gnu.linkonce.b.*)
 *(.rel.plt)
 *(.rela.plt)
 *(.rel.dyn)
 *(.init)
 *(.plt)
 *(.text .stub .text.* .gnu.linkonce.t.*)
 .text          0x040001b4       0x38 ../lcd_nios_5_bsp//obj/HAL/src/crt0.o
                0x040001b4                _start
 .text          0x040001ec       0x60 obj/default/AsciiLib.o
                0x040001ec                GetASCIICode
 .text          0x0400024c     0x124c obj/default/LCD32.o
                0x0400024c                LCD_WriteIndex
                0x040002ac                LCD_WriteData
                0x04000304                LCD_ReadData
                0x0400037c                LCD_WriteReg
                0x040003cc                LCD_ReadReg
                0x0400041c                LCD_SetCursor
                0x04000548                LCD_Initializtion
                0x04000bcc                LCD_Clear
                0x04000cd0                LCD_show_test
                0x04000df8                LCD_BGR2RGB
                0x04000e70                LCD_GetPoint
                0x04000fe4                LCD_SetPoint
                0x04001048                LCD_DrawLine
                0x040012bc                PutChar
                0x040013d0                GUI_Text
 .text          0x04001498      0x328 obj/default/game.o
                0x04001498                saveCoordinatesToCSV
                0x04001588                DrawOnLCDAndStore
                0x040016c8                DisplayNumber
                0x04001724                DisplayStoredImage
 .text          0x040017c0       0xc4 obj/default/main.o
                0x040017c0                main
 .text          0x04001884     0x1410 obj/default/touch.o
                0x04001884                TP_Init
                0x040018b4                DelayUS
                0x040018e4                WR_CMD
                0x04001930                RD_AD
                0x040019f4                Read_X
                0x04001a50                Read_Y
                0x04001aac                TP_GetAdXY
                0x04001b08                TP_DrawPoint
                0x04001ba4                DrawCross
                0x04001e80                Read_Ads7846
                0x04002244                setCalibrationMatrix
                0x04002868                getDisplayPoint
                0x04002b50                TouchPanel_Calibrate
 .text          0x04002c94       0xa4 d:/program/altera/13.0sp1/nios2eds/bin/gnu/h-i686-mingw32/bin/../lib/gcc/nios2-elf/4.1.2\libgcc.a(_fixunsdfsi.o)
                0x04002c94                __fixunsdfsi
 .text          0x04002d38      0x504 d:/program/altera/13.0sp1/nios2eds/bin/gnu/h-i686-mingw32/bin/../lib/gcc/nios2-elf/4.1.2\libgcc.a(_addsub_df.o)
                0x04003148                __subdf3
                0x040031c8                __adddf3
 .text          0x0400323c      0x3c4 d:/program/altera/13.0sp1/nios2eds/bin/gnu/h-i686-mingw32/bin/../lib/gcc/nios2-elf/4.1.2\libgcc.a(_mul_df.o)
                0x0400323c                __muldf3
 .text          0x04003600      0x258 d:/program/altera/13.0sp1/nios2eds/bin/gnu/h-i686-mingw32/bin/../lib/gcc/nios2-elf/4.1.2\libgcc.a(_div_df.o)
                0x04003600                __divdf3
 .text          0x04003858       0x88 d:/program/altera/13.0sp1/nios2eds/bin/gnu/h-i686-mingw32/bin/../lib/gcc/nios2-elf/4.1.2\libgcc.a(_eq_df.o)
                0x04003858                __eqdf2
 .text          0x040038e0       0x88 d:/program/altera/13.0sp1/nios2eds/bin/gnu/h-i686-mingw32/bin/../lib/gcc/nios2-elf/4.1.2\libgcc.a(_ne_df.o)
                0x040038e0                __nedf2
 .text          0x04003968       0x88 d:/program/altera/13.0sp1/nios2eds/bin/gnu/h-i686-mingw32/bin/../lib/gcc/nios2-elf/4.1.2\libgcc.a(_ge_df.o)
                0x04003968                __gedf2
 .text          0x040039f0       0xf8 d:/program/altera/13.0sp1/nios2eds/bin/gnu/h-i686-mingw32/bin/../lib/gcc/nios2-elf/4.1.2\libgcc.a(_si_to_df.o)
                0x040039f0                __floatsidf
 .text          0x04003ae8       0xd8 d:/program/altera/13.0sp1/nios2eds/bin/gnu/h-i686-mingw32/bin/../lib/gcc/nios2-elf/4.1.2\libgcc.a(_df_to_si.o)
                0x04003ae8                __fixdfsi
 .text          0x04003bc0        0x0 d:/program/altera/13.0sp1/nios2eds/bin/gnu/h-i686-mingw32/bin/../lib/gcc/nios2-elf/4.1.2\libgcc.a(_thenan_df.o)
 .text          0x04003bc0       0x98 d:/program/altera/13.0sp1/nios2eds/bin/gnu/h-i686-mingw32/bin/../lib/gcc/nios2-elf/4.1.2\libgcc.a(_muldi3.o)
                0x04003bc0                __muldi3
 .text          0x04003c58       0x80 d:/program/altera/13.0sp1/nios2eds/bin/gnu/h-i686-mingw32/bin/../lib/gcc/nios2-elf/4.1.2\libgcc.a(_clzsi2.o)
                0x04003c58                __clzsi2
 .text          0x04003cd8      0x314 d:/program/altera/13.0sp1/nios2eds/bin/gnu/h-i686-mingw32/bin/../lib/gcc/nios2-elf/4.1.2\libgcc.a(_pack_df.o)
                0x04003cd8                __pack_d
 .text          0x04003fec      0x138 d:/program/altera/13.0sp1/nios2eds/bin/gnu/h-i686-mingw32/bin/../lib/gcc/nios2-elf/4.1.2\libgcc.a(_unpack_df.o)
                0x04003fec                __unpack_d
 .text          0x04004124       0xc8 d:/program/altera/13.0sp1/nios2eds/bin/gnu/h-i686-mingw32/bin/../lib/gcc/nios2-elf/4.1.2\libgcc.a(_fpcmp_parts_df.o)
                0x04004124                __fpcmp_parts_d
 .text          0x040041ec        0x0 d:/program/altera/13.0sp1/nios2eds/bin/gnu/h-i686-mingw32/bin/../lib/gcc/nios2-elf/4.1.2\libgcc.a(_clz.o)
 .text          0x040041ec      0x124 d:/program/altera/13.0sp1/nios2eds/bin/gnu/h-i686-mingw32/bin/../lib/gcc/nios2-elf/4.1.2/../../../../nios2-elf/lib\libc.a(lib_a-fclose.o)
                0x040041ec                _fclose_r
                0x040042fc                fclose
 .text          0x04004310      0x230 d:/program/altera/13.0sp1/nios2eds/bin/gnu/h-i686-mingw32/bin/../lib/gcc/nios2-elf/4.1.2/../../../../nios2-elf/lib\libc.a(lib_a-fflush.o)
                0x04004310                _fflush_r
                0x0400450c                fflush
 .text          0x04004540      0x2c0 d:/program/altera/13.0sp1/nios2eds/bin/gnu/h-i686-mingw32/bin/../lib/gcc/nios2-elf/4.1.2/../../../../nios2-elf/lib\libc.a(lib_a-findfp.o)
                0x04004598                __sfp_lock_acquire
                0x0400459c                __sfp_lock_release
                0x040045a0                __sinit_lock_acquire
                0x040045a4                __sinit_lock_release
                0x040045a8                __sinit
                0x0400465c                __fp_unlock_all
                0x04004674                __fp_lock_all
                0x0400468c                _cleanup_r
                0x04004698                _cleanup
                0x040046a8                __sfmoreglue
                0x04004710                __sfp
 .text          0x04004800      0x110 d:/program/altera/13.0sp1/nios2eds/bin/gnu/h-i686-mingw32/bin/../lib/gcc/nios2-elf/4.1.2/../../../../nios2-elf/lib\libc.a(lib_a-fopen.o)
                0x04004800                _fopen_r
                0x040048f4                fopen
 .text          0x04004910       0x60 d:/program/altera/13.0sp1/nios2eds/bin/gnu/h-i686-mingw32/bin/../lib/gcc/nios2-elf/4.1.2/../../../../nios2-elf/lib\libc.a(lib_a-fprintf.o)
                0x04004910                fprintf
                0x0400493c                _fprintf_r
 .text          0x04004970      0x440 d:/program/altera/13.0sp1/nios2eds/bin/gnu/h-i686-mingw32/bin/../lib/gcc/nios2-elf/4.1.2/../../../../nios2-elf/lib\libc.a(lib_a-freer.o)
                0x04004970                _malloc_trim_r
                0x04004a9c                _free_r
 .text          0x04004db0      0x460 d:/program/altera/13.0sp1/nios2eds/bin/gnu/h-i686-mingw32/bin/../lib/gcc/nios2-elf/4.1.2/../../../../nios2-elf/lib\libc.a(lib_a-fseek.o)
                0x04004db0                _fseek_r
                0x040051ec                fseek
 .text          0x04005210       0x74 d:/program/altera/13.0sp1/nios2eds/bin/gnu/h-i686-mingw32/bin/../lib/gcc/nios2-elf/4.1.2/../../../../nios2-elf/lib\libc.a(lib_a-fstatr.o)
                0x04005210                _fstat_r
 .text          0x04005284      0x180 d:/program/altera/13.0sp1/nios2eds/bin/gnu/h-i686-mingw32/bin/../lib/gcc/nios2-elf/4.1.2/../../../../nios2-elf/lib\libc.a(lib_a-fwalk.o)
                0x04005284                _fwalk_reent
                0x0400534c                _fwalk
 .text          0x04005404        0x0 d:/program/altera/13.0sp1/nios2eds/bin/gnu/h-i686-mingw32/bin/../lib/gcc/nios2-elf/4.1.2/../../../../nios2-elf/lib\libc.a(lib_a-impure.o)
 .text          0x04005404        0x0 d:/program/altera/13.0sp1/nios2eds/bin/gnu/h-i686-mingw32/bin/../lib/gcc/nios2-elf/4.1.2/../../../../nios2-elf/lib\libc.a(lib_a-int_errno.o)
 .text          0x04005404      0x194 d:/program/altera/13.0sp1/nios2eds/bin/gnu/h-i686-mingw32/bin/../lib/gcc/nios2-elf/4.1.2/../../../../nios2-elf/lib\libc.a(lib_a-makebuf.o)
                0x04005404                __smakebuf_r
 .text          0x04005598      0x740 d:/program/altera/13.0sp1/nios2eds/bin/gnu/h-i686-mingw32/bin/../lib/gcc/nios2-elf/4.1.2/../../../../nios2-elf/lib\libc.a(lib_a-mallocr.o)
                0x04005598                _malloc_r
 .text          0x04005cd8       0xa0 d:/program/altera/13.0sp1/nios2eds/bin/gnu/h-i686-mingw32/bin/../lib/gcc/nios2-elf/4.1.2/../../../../nios2-elf/lib\libc.a(lib_a-memcpy.o)
                0x04005cd8                memcpy
 .text          0x04005d78       0x98 d:/program/altera/13.0sp1/nios2eds/bin/gnu/h-i686-mingw32/bin/../lib/gcc/nios2-elf/4.1.2/../../../../nios2-elf/lib\libc.a(lib_a-memset.o)
                0x04005d78                memset
 .text          0x04005e10       0x78 d:/program/altera/13.0sp1/nios2eds/bin/gnu/h-i686-mingw32/bin/../lib/gcc/nios2-elf/4.1.2/../../../../nios2-elf/lib\libc.a(lib_a-openr.o)
                0x04005e10                _open_r
 .text          0x04005e88       0x78 d:/program/altera/13.0sp1/nios2eds/bin/gnu/h-i686-mingw32/bin/../lib/gcc/nios2-elf/4.1.2/../../../../nios2-elf/lib\libc.a(lib_a-printf.o)
                0x04005e88                printf
                0x04005ecc                _printf_r
 .text          0x04005f00       0xb4 d:/program/altera/13.0sp1/nios2eds/bin/gnu/h-i686-mingw32/bin/../lib/gcc/nios2-elf/4.1.2/../../../../nios2-elf/lib\libc.a(lib_a-puts.o)
                0x04005f00                _puts_r
                0x04005fa0                puts
 .text          0x04005fb4      0x1e0 d:/program/altera/13.0sp1/nios2eds/bin/gnu/h-i686-mingw32/bin/../lib/gcc/nios2-elf/4.1.2/../../../../nios2-elf/lib\libc.a(lib_a-refill.o)
                0x04005fb4                __srefill_r
 .text          0x04006194       0x70 d:/program/altera/13.0sp1/nios2eds/bin/gnu/h-i686-mingw32/bin/../lib/gcc/nios2-elf/4.1.2/../../../../nios2-elf/lib\libc.a(lib_a-sbrkr.o)
                0x04006194                _sbrk_r
 .text          0x04006204       0xd4 d:/program/altera/13.0sp1/nios2eds/bin/gnu/h-i686-mingw32/bin/../lib/gcc/nios2-elf/4.1.2/../../../../nios2-elf/lib\libc.a(lib_a-sprintf.o)
                0x04006204                sprintf
                0x04006278                _sprintf_r
 .text          0x040062d8      0x14c d:/program/altera/13.0sp1/nios2eds/bin/gnu/h-i686-mingw32/bin/../lib/gcc/nios2-elf/4.1.2/../../../../nios2-elf/lib\libc.a(lib_a-stdio.o)
                0x040062d8                __sclose
                0x040062e0                __sseek
                0x04006348                __swrite
                0x040063c4                __sread
 .text          0x04006424       0x74 d:/program/altera/13.0sp1/nios2eds/bin/gnu/h-i686-mingw32/bin/../lib/gcc/nios2-elf/4.1.2/../../../../nios2-elf/lib\libc.a(lib_a-strlen.o)
                0x04006424                strlen
 .text          0x04006498     0x1f28 d:/program/altera/13.0sp1/nios2eds/bin/gnu/h-i686-mingw32/bin/../lib/gcc/nios2-elf/4.1.2/../../../../nios2-elf/lib\libc.a(lib_a-vfprintf.o)
                0x040064f0                ___vfprintf_internal_r
                0x0400839c                __vfprintf_internal
 .text          0x040083c0       0x78 d:/program/altera/13.0sp1/nios2eds/bin/gnu/h-i686-mingw32/bin/../lib/gcc/nios2-elf/4.1.2/../../../../nios2-elf/lib\libc.a(lib_a-writer.o)
                0x040083c0                _write_r
 .text          0x04008438      0x13c d:/program/altera/13.0sp1/nios2eds/bin/gnu/h-i686-mingw32/bin/../lib/gcc/nios2-elf/4.1.2/../../../../nios2-elf/lib\libc.a(lib_a-wsetup.o)
                0x04008438                __swsetup_r
 .text          0x04008574       0x70 d:/program/altera/13.0sp1/nios2eds/bin/gnu/h-i686-mingw32/bin/../lib/gcc/nios2-elf/4.1.2/../../../../nios2-elf/lib\libc.a(lib_a-closer.o)
                0x04008574                _close_r
 .text          0x040085e4     0x17cc d:/program/altera/13.0sp1/nios2eds/bin/gnu/h-i686-mingw32/bin/../lib/gcc/nios2-elf/4.1.2/../../../../nios2-elf/lib\libc.a(lib_a-dtoa.o)
                0x040087fc                _dtoa_r
 .text          0x04009db0       0xa0 d:/program/altera/13.0sp1/nios2eds/bin/gnu/h-i686-mingw32/bin/../lib/gcc/nios2-elf/4.1.2/../../../../nios2-elf/lib\libc.a(lib_a-flags.o)
                0x04009db0                __sflags
 .text          0x04009e50      0x49c d:/program/altera/13.0sp1/nios2eds/bin/gnu/h-i686-mingw32/bin/../lib/gcc/nios2-elf/4.1.2/../../../../nios2-elf/lib\libc.a(lib_a-fvwrite.o)
                0x04009e50                __sfvwrite_r
 .text          0x0400a2ec       0x70 d:/program/altera/13.0sp1/nios2eds/bin/gnu/h-i686-mingw32/bin/../lib/gcc/nios2-elf/4.1.2/../../../../nios2-elf/lib\libc.a(lib_a-isattyr.o)
                0x0400a2ec                _isatty_r
 .text          0x0400a35c       0xc4 d:/program/altera/13.0sp1/nios2eds/bin/gnu/h-i686-mingw32/bin/../lib/gcc/nios2-elf/4.1.2/../../../../nios2-elf/lib\libc.a(lib_a-locale.o)
                0x0400a35c                __locale_charset
                0x0400a364                _localeconv_r
                0x0400a370                localeconv
                0x0400a380                _setlocale_r
                0x0400a404                setlocale
 .text          0x0400a420       0x78 d:/program/altera/13.0sp1/nios2eds/bin/gnu/h-i686-mingw32/bin/../lib/gcc/nios2-elf/4.1.2/../../../../nios2-elf/lib\libc.a(lib_a-lseekr.o)
                0x0400a420                _lseek_r
 .text          0x0400a498       0xe4 d:/program/altera/13.0sp1/nios2eds/bin/gnu/h-i686-mingw32/bin/../lib/gcc/nios2-elf/4.1.2/../../../../nios2-elf/lib\libc.a(lib_a-memchr.o)
                0x0400a498                memchr
 .text          0x0400a57c       0xe0 d:/program/altera/13.0sp1/nios2eds/bin/gnu/h-i686-mingw32/bin/../lib/gcc/nios2-elf/4.1.2/../../../../nios2-elf/lib\libc.a(lib_a-memmove.o)
                0x0400a57c                memmove
 .text          0x0400a65c      0xff4 d:/program/altera/13.0sp1/nios2eds/bin/gnu/h-i686-mingw32/bin/../lib/gcc/nios2-elf/4.1.2/../../../../nios2-elf/lib\libc.a(lib_a-mprec.o)
                0x0400a65c                _Bfree
                0x0400a684                __hi0bits
                0x0400a6f4                __lo0bits
                0x0400a7b8                __mcmp
                0x0400a818                __ulp
                0x0400a898                __b2d
                0x0400a9b8                __ratio
                0x0400aa68                _mprec_log10
                0x0400aafc                __copybits
                0x0400ab54                __any_on
                0x0400abdc                _Balloc
                0x0400ac98                __d2b
                0x0400ae14                __mdiff
                0x0400afa0                __lshift
                0x0400b0ec                __multiply
                0x0400b2d4                __i2b
                0x0400b310                __multadd
                0x0400b410                __pow5mult
                0x0400b530                __s2b
 .text          0x0400b650       0x78 d:/program/altera/13.0sp1/nios2eds/bin/gnu/h-i686-mingw32/bin/../lib/gcc/nios2-elf/4.1.2/../../../../nios2-elf/lib\libc.a(lib_a-readr.o)
                0x0400b650                _read_r
 .text          0x0400b6c8      0x5f4 d:/program/altera/13.0sp1/nios2eds/bin/gnu/h-i686-mingw32/bin/../lib/gcc/nios2-elf/4.1.2/../../../../nios2-elf/lib\libc.a(lib_a-reallocr.o)
                0x0400b6c8                _realloc_r
 .text          0x0400bcbc       0x40 d:/program/altera/13.0sp1/nios2eds/bin/gnu/h-i686-mingw32/bin/../lib/gcc/nios2-elf/4.1.2/../../../../nios2-elf/lib\libc.a(lib_a-s_isinfd.o)
                0x0400bcbc                __isinfd
 .text          0x0400bcfc       0x30 d:/program/altera/13.0sp1/nios2eds/bin/gnu/h-i686-mingw32/bin/../lib/gcc/nios2-elf/4.1.2/../../../../nios2-elf/lib\libc.a(lib_a-s_isnand.o)
                0x0400bcfc                __isnand
 .text          0x0400bd2c       0xbc d:/program/altera/13.0sp1/nios2eds/bin/gnu/h-i686-mingw32/bin/../lib/gcc/nios2-elf/4.1.2/../../../../nios2-elf/lib\libc.a(lib_a-strcmp.o)
                0x0400bd2c                strcmp
 .text          0x0400bde8       0xb4 d:/program/altera/13.0sp1/nios2eds/bin/gnu/h-i686-mingw32/bin/../lib/gcc/nios2-elf/4.1.2/../../../../nios2-elf/lib\libc.a(lib_a-callocr.o)
                0x0400bde8                _calloc_r
 .text          0x0400be9c      0x5dc d:/program/altera/13.0sp1/nios2eds/bin/gnu/h-i686-mingw32/bin/../lib/gcc/nios2-elf/4.1.2\libgcc.a(_udivdi3.o)
                0x0400be9c                __udivdi3
 .text          0x0400c478      0x5b0 d:/program/altera/13.0sp1/nios2eds/bin/gnu/h-i686-mingw32/bin/../lib/gcc/nios2-elf/4.1.2\libgcc.a(_umoddi3.o)
                0x0400c478                __umoddi3
 .text          0x0400ca28       0x88 d:/program/altera/13.0sp1/nios2eds/bin/gnu/h-i686-mingw32/bin/../lib/gcc/nios2-elf/4.1.2\libgcc.a(_gt_df.o)
                0x0400ca28                __gtdf2
 .text          0x0400cab0       0x88 d:/program/altera/13.0sp1/nios2eds/bin/gnu/h-i686-mingw32/bin/../lib/gcc/nios2-elf/4.1.2\libgcc.a(_lt_df.o)
                0x0400cab0                __ltdf2
 .text          0x0400cb38      0x194 d:/program/altera/13.0sp1/nios2eds/bin/gnu/h-i686-mingw32/bin/../lib/gcc/nios2-elf/4.1.2\libgcc.a(_usi_to_df.o)
                0x0400cb38                __floatunsidf
 .text          0x0400cccc      0x14c d:/program/altera/13.0sp1/nios2eds/bin/gnu/h-i686-mingw32/bin/../lib/gcc/nios2-elf/4.1.2\libgcc.a(lib2-divmod.o)
                0x0400cd48                __divsi3
                0x0400cda8                __modsi3
                0x0400ce08                __udivsi3
                0x0400ce10                __umodsi3
 .text          0x0400ce18      0x15c ../lcd_nios_5_bsp/\libhal_bsp.a(alt_close.o)
                0x0400ce18                close
 .text          0x0400cf74       0x2c ../lcd_nios_5_bsp/\libhal_bsp.a(alt_dev.o)
 .text          0x0400cfa0        0x0 ../lcd_nios_5_bsp/\libhal_bsp.a(alt_errno.o)
 .text          0x0400cfa0      0x134 ../lcd_nios_5_bsp/\libhal_bsp.a(alt_fstat.o)
                0x0400cfa0                fstat
 .text          0x0400d0d4      0x120 ../lcd_nios_5_bsp/\libhal_bsp.a(alt_isatty.o)
                0x0400d0d4                isatty
 .text          0x0400d1f4      0x150 ../lcd_nios_5_bsp/\libhal_bsp.a(alt_lseek.o)
                0x0400d1f4                lseek
 .text          0x0400d344       0x6c ../lcd_nios_5_bsp/\libhal_bsp.a(alt_main.o)
                0x0400d344                alt_main
 .text          0x0400d3b0       0x40 ../lcd_nios_5_bsp/\libhal_bsp.a(alt_malloc_lock.o)
                0x0400d3b0                __malloc_lock
                0x0400d3d0                __malloc_unlock
 .text          0x0400d3f0      0x2c4 ../lcd_nios_5_bsp/\libhal_bsp.a(alt_open.o)
                0x0400d4cc                open
 .text          0x0400d6b4      0x180 ../lcd_nios_5_bsp/\libhal_bsp.a(alt_read.o)
                0x0400d6b4                read
 .text          0x0400d834       0x60 ../lcd_nios_5_bsp/\libhal_bsp.a(alt_release_fd.o)
                0x0400d834                alt_release_fd
 .text          0x0400d894       0xbc ../lcd_nios_5_bsp/\libhal_bsp.a(alt_sbrk.o)
                0x0400d894                sbrk
 .text          0x0400d950       0x30 ../lcd_nios_5_bsp/\libhal_bsp.a(alt_usleep.o)
                0x0400d950                usleep
 .text          0x0400d980      0x180 ../lcd_nios_5_bsp/\libhal_bsp.a(alt_write.o)
                0x0400d980                write
 .text          0x0400db00       0xbc ../lcd_nios_5_bsp/\libhal_bsp.a(alt_sys_init.o)
                0x0400db00                alt_irq_init
                0x0400db34                alt_sys_init
 .text          0x0400dbbc      0x9e4 ../lcd_nios_5_bsp/\libhal_bsp.a(altera_avalon_epcs_flash_controller.o)
                0x0400dbbc                alt_epcs_flash_init
                0x0400dfd8                alt_epcs_flash_write
                0x0400e258                alt_epcs_flash_get_info
                0x0400e2e8                alt_epcs_flash_erase_block
                0x0400e3ec                alt_epcs_flash_write_block
                0x0400e508                alt_epcs_flash_read
 .text          0x0400e5a0      0x148 ../lcd_nios_5_bsp/\libhal_bsp.a(altera_avalon_jtag_uart_fd.o)
                0x0400e5a0                altera_avalon_jtag_uart_read_fd
                0x0400e5f8                altera_avalon_jtag_uart_write_fd
                0x0400e650                altera_avalon_jtag_uart_close_fd
                0x0400e698                altera_avalon_jtag_uart_ioctl_fd
 .text          0x0400e6e8      0x40c ../lcd_nios_5_bsp/\libhal_bsp.a(altera_avalon_jtag_uart_init.o)
                0x0400e6e8                altera_avalon_jtag_uart_init
                0x0400ea80                altera_avalon_jtag_uart_close
 .text          0x0400eaf4       0xf4 ../lcd_nios_5_bsp/\libhal_bsp.a(altera_avalon_jtag_uart_ioctl.o)
                0x0400eaf4                altera_avalon_jtag_uart_ioctl
 .text          0x0400ebe8      0x224 ../lcd_nios_5_bsp/\libhal_bsp.a(altera_avalon_jtag_uart_read.o)
                0x0400ebe8                altera_avalon_jtag_uart_read
 .text          0x0400ee0c      0x240 ../lcd_nios_5_bsp/\libhal_bsp.a(altera_avalon_jtag_uart_write.o)
                0x0400ee0c                altera_avalon_jtag_uart_write
 .text          0x0400f04c      0x238 ../lcd_nios_5_bsp/\libhal_bsp.a(altera_avalon_spi.o)
                0x0400f04c                alt_avalon_spi_command
 .text          0x0400f284      0x6d4 ../lcd_nios_5_bsp/\libhal_bsp.a(epcs_commands.o)
                0x0400f284                epcs_read_status_register
                0x0400f2e4                epcs_sector_erase
                0x0400f44c                epcs_read_buffer
                0x0400f598                epcs_write_enable
                0x0400f5e8                epcs_write_status_register
                0x0400f64c                epcs_write_buffer
                0x0400f7bc                epcs_read_electronic_signature
                0x0400f828                epcs_read_device_id
                0x0400f8a8                epcs_enter_4_bytes_mode
                0x0400f900                epcs_exit_4_bytes_mode
 .text          0x0400f958      0x154 ../lcd_nios_5_bsp/\libhal_bsp.a(alt_alarm_start.o)
                0x0400f958                alt_alarm_start
 .text          0x0400faac      0x14c ../lcd_nios_5_bsp/\libhal_bsp.a(alt_busy_sleep.o)
                0x0400faac                alt_busy_sleep
 .text          0x0400fbf8      0x114 ../lcd_nios_5_bsp/\libhal_bsp.a(alt_dev_llist_insert.o)
                0x0400fbf8                alt_dev_llist_insert
 .text          0x0400fd0c       0x64 ../lcd_nios_5_bsp/\libhal_bsp.a(alt_do_ctors.o)
                0x0400fd0c                _do_ctors
 .text          0x0400fd70       0x64 ../lcd_nios_5_bsp/\libhal_bsp.a(alt_do_dtors.o)
                0x0400fd70                _do_dtors
 .text          0x0400fdd4       0x94 ../lcd_nios_5_bsp/\libhal_bsp.a(alt_find_dev.o)
                0x0400fdd4                alt_find_dev
 .text          0x0400fe68      0x120 ../lcd_nios_5_bsp/\libhal_bsp.a(alt_find_file.o)
                0x0400fe68                alt_find_file
 .text          0x0400ff88       0xd0 ../lcd_nios_5_bsp/\libhal_bsp.a(alt_flash_dev.o)
                0x0400ff88                alt_flash_open_dev
                0x04010004                alt_flash_close_dev
 .text          0x04010058       0xb8 ../lcd_nios_5_bsp/\libhal_bsp.a(alt_get_fd.o)
                0x04010058                alt_get_fd
 .text          0x04010110      0x1d4 ../lcd_nios_5_bsp/\libhal_bsp.a(alt_iic.o)
                0x04010110                alt_ic_isr_register
                0x04010160                alt_ic_irq_enable
                0x040101fc                alt_ic_irq_disable
                0x0401029c                alt_ic_irq_enabled
 .text          0x040102e4       0xf8 ../lcd_nios_5_bsp/\libhal_bsp.a(alt_iic_isr_register.o)
                0x040102e4                alt_iic_isr_register
 .text          0x040103dc      0x13c ../lcd_nios_5_bsp/\libhal_bsp.a(alt_io_redirect.o)
                0x040104a0                alt_io_redirect
 .text          0x04010518        0x0 ../lcd_nios_5_bsp/\libhal_bsp.a(alt_irq_entry.o)
 .text          0x04010518        0x0 ../lcd_nios_5_bsp/\libhal_bsp.a(alt_irq_handler.o)
 .text          0x04010518        0x0 ../lcd_nios_5_bsp/\libhal_bsp.a(alt_irq_vars.o)
 .text          0x04010518      0x1a4 ../lcd_nios_5_bsp/\libhal_bsp.a(alt_tick.o)
                0x04010518                alt_alarm_stop
                0x040105b0                alt_tick
 .text          0x040106bc       0x20 ../lcd_nios_5_bsp/\libhal_bsp.a(altera_nios2_qsys_irq.o)
                0x040106bc                altera_nios2_qsys_irq_init
 .text          0x040106dc        0x0 ../lcd_nios_5_bsp/\libhal_bsp.a(alt_exception_entry.o)
 .text          0x040106dc       0x14 d:/program/altera/13.0sp1/nios2eds/bin/gnu/h-i686-mingw32/bin/../lib/gcc/nios2-elf/4.1.2/../../../../nios2-elf/lib\libc.a(lib_a-atexit.o)
                0x040106dc                atexit
 .text          0x040106f0       0x38 d:/program/altera/13.0sp1/nios2eds/bin/gnu/h-i686-mingw32/bin/../lib/gcc/nios2-elf/4.1.2/../../../../nios2-elf/lib\libc.a(lib_a-exit.o)
                0x040106f0                exit
 .text          0x04010728       0x74 d:/program/altera/13.0sp1/nios2eds/bin/gnu/h-i686-mingw32/bin/../lib/gcc/nios2-elf/4.1.2/../../../../nios2-elf/lib\libc.a(lib_a-memcmp.o)
                0x04010728                memcmp
 .text          0x0401079c      0x134 d:/program/altera/13.0sp1/nios2eds/bin/gnu/h-i686-mingw32/bin/../lib/gcc/nios2-elf/4.1.2/../../../../nios2-elf/lib\libc.a(lib_a-__atexit.o)
                0x0401079c                __register_exitproc
 .text          0x040108d0      0x1b4 d:/program/altera/13.0sp1/nios2eds/bin/gnu/h-i686-mingw32/bin/../lib/gcc/nios2-elf/4.1.2/../../../../nios2-elf/lib\libc.a(lib_a-__call_atexit.o)
                0x040108d4                __call_exitprocs
 .text          0x04010a84       0x60 ../lcd_nios_5_bsp/\libhal_bsp.a(alt_exit.o)
                0x04010ac4                _exit
 *(.gnu.warning.*)
 *(.fini)
                0x04010ae4                PROVIDE (__etext, ABSOLUTE (.))
                0x04010ae4                PROVIDE (_etext, ABSOLUTE (.))
                0x04010ae4                PROVIDE (etext, ABSOLUTE (.))
 *(.eh_frame_hdr)
                0x04010ae4                . = ALIGN (0x4)
                0x04010ae4                PROVIDE (__preinit_array_start, ABSOLUTE (.))
 *(.preinit_array)
                0x04010ae4                PROVIDE (__preinit_array_end, ABSOLUTE (.))
                0x04010ae4                PROVIDE (__init_array_start, ABSOLUTE (.))
 *(.init_array)
                0x04010ae4                PROVIDE (__init_array_end, ABSOLUTE (.))
                0x04010ae4                PROVIDE (__fini_array_start, ABSOLUTE (.))
 *(.fini_array)
                0x04010ae4                PROVIDE (__fini_array_end, ABSOLUTE (.))
 *(.eh_frame)
 *(.gcc_except_table)
 *(.dynamic)
                0x04010ae4                PROVIDE (__CTOR_LIST__, ABSOLUTE (.))
 *(.ctors)
 *(SORT(.ctors.*))
 .ctors.65535   0x04010ae4        0x4 d:/program/altera/13.0sp1/nios2eds/bin/gnu/h-i686-mingw32/bin/../lib/gcc/nios2-elf/4.1.2/../../../../nios2-elf/lib\libc.a(lib_a-__call_atexit.o)
                0x04010ae8                PROVIDE (__CTOR_END__, ABSOLUTE (.))
                0x04010ae8                PROVIDE (__DTOR_LIST__, ABSOLUTE (.))
 *(.dtors)
 *(SORT(.dtors.*))
                0x04010ae8                PROVIDE (__DTOR_END__, ABSOLUTE (.))
 *(.jcr)
                0x04010ae8                . = ALIGN (0x4)

.rodata         0x04010ae8      0x9f4
                0x04010ae8                PROVIDE (__ram_rodata_start, ABSOLUTE (.))
                0x04010ae8                . = ALIGN (0x4)
 *(.rodata .rodata.* .gnu.linkonce.r.*)
 .rodata        0x04010ae8      0x5f0 obj/default/AsciiLib.o
 .rodata        0x040110d8       0x10 obj/default/LCD32.o
                0x040110d8                colorfol1
 .rodata        0x040110e8       0x8c obj/default/game.o
 .rodata        0x04011174       0x20 obj/default/touch.o
 .rodata        0x04011194       0x14 d:/program/altera/13.0sp1/nios2eds/bin/gnu/h-i686-mingw32/bin/../lib/gcc/nios2-elf/4.1.2\libgcc.a(_thenan_df.o)
                0x04011194                __thenan_df
 .rodata        0x040111a8      0x100 d:/program/altera/13.0sp1/nios2eds/bin/gnu/h-i686-mingw32/bin/../lib/gcc/nios2-elf/4.1.2\libgcc.a(_clz.o)
                0x040111a8                __clz_tab
 .rodata.str1.4
                0x040112a8        0x2 d:/program/altera/13.0sp1/nios2eds/bin/gnu/h-i686-mingw32/bin/../lib/gcc/nios2-elf/4.1.2/../../../../nios2-elf/lib\libc.a(lib_a-impure.o)
                                  0x4 (size before relaxing)
 *fill*         0x040112aa        0x2 00
 .rodata.str1.4
                0x040112ac        0x2 d:/program/altera/13.0sp1/nios2eds/bin/gnu/h-i686-mingw32/bin/../lib/gcc/nios2-elf/4.1.2/../../../../nios2-elf/lib\libc.a(lib_a-puts.o)
                                  0x4 (size before relaxing)
 *fill*         0x040112ae        0x2 00
 .rodata.str1.4
                0x040112b0       0x5e d:/program/altera/13.0sp1/nios2eds/bin/gnu/h-i686-mingw32/bin/../lib/gcc/nios2-elf/4.1.2/../../../../nios2-elf/lib\libc.a(lib_a-vfprintf.o)
                                 0x60 (size before relaxing)
 .rodata        0x0401130e       0x20 d:/program/altera/13.0sp1/nios2eds/bin/gnu/h-i686-mingw32/bin/../lib/gcc/nios2-elf/4.1.2/../../../../nios2-elf/lib\libc.a(lib_a-vfprintf.o)
 *fill*         0x0401132e        0x2 00
 .rodata.str1.4
                0x04011330       0x10 d:/program/altera/13.0sp1/nios2eds/bin/gnu/h-i686-mingw32/bin/../lib/gcc/nios2-elf/4.1.2/../../../../nios2-elf/lib\libc.a(lib_a-dtoa.o)
                                 0x14 (size before relaxing)
 .rodata.str1.4
                0x04011340       0x10 d:/program/altera/13.0sp1/nios2eds/bin/gnu/h-i686-mingw32/bin/../lib/gcc/nios2-elf/4.1.2/../../../../nios2-elf/lib\libc.a(lib_a-locale.o)
                                 0x18 (size before relaxing)
 .rodata        0x04011350       0x30 d:/program/altera/13.0sp1/nios2eds/bin/gnu/h-i686-mingw32/bin/../lib/gcc/nios2-elf/4.1.2/../../../../nios2-elf/lib\libc.a(lib_a-locale.o)
 .rodata        0x04011380      0x124 d:/program/altera/13.0sp1/nios2eds/bin/gnu/h-i686-mingw32/bin/../lib/gcc/nios2-elf/4.1.2/../../../../nios2-elf/lib\libc.a(lib_a-mprec.o)
                0x04011380                __mprec_tens
                0x04011448                __mprec_bigtens
                0x04011470                __mprec_tinytens
 .rodata        0x040114a4        0xc ../lcd_nios_5_bsp/\libhal_bsp.a(alt_dev.o)
 .rodata        0x040114b0       0x10 ../lcd_nios_5_bsp/\libhal_bsp.a(alt_main.o)
 .rodata        0x040114c0       0x1c ../lcd_nios_5_bsp/\libhal_bsp.a(alt_sys_init.o)
 *(.rodata1)
                0x040114dc                . = ALIGN (0x4)
                0x040114dc                PROVIDE (__ram_rodata_end, ABSOLUTE (.))
                0x04010ae8                PROVIDE (__flash_rodata_start, LOADADDR (.rodata))

.rwdata         0x040114dc     0x1b38
                0x040114dc                PROVIDE (__ram_rwdata_start, ABSOLUTE (.))
                0x040114dc                . = ALIGN (0x4)
 *(.got.plt)
 *(.got)
 *(.data1)
 *(.data .data.* .gnu.linkonce.d.*)
 .data          0x040114dc        0x0 ../lcd_nios_5_bsp//obj/HAL/src/crt0.o
 .data          0x040114dc        0x0 obj/default/AsciiLib.o
 .data          0x040114dc        0x0 obj/default/LCD32.o
 .data          0x040114dc        0x0 obj/default/game.o
 .data          0x040114dc        0x0 obj/default/main.o
 .data          0x040114dc        0xc obj/default/touch.o
                0x040114dc                DisplaySample
 .data          0x040114e8        0x0 d:/program/altera/13.0sp1/nios2eds/bin/gnu/h-i686-mingw32/bin/../lib/gcc/nios2-elf/4.1.2\libgcc.a(_fixunsdfsi.o)
 .data          0x040114e8        0x0 d:/program/altera/13.0sp1/nios2eds/bin/gnu/h-i686-mingw32/bin/../lib/gcc/nios2-elf/4.1.2\libgcc.a(_addsub_df.o)
 .data          0x040114e8        0x0 d:/program/altera/13.0sp1/nios2eds/bin/gnu/h-i686-mingw32/bin/../lib/gcc/nios2-elf/4.1.2\libgcc.a(_mul_df.o)
 .data          0x040114e8        0x0 d:/program/altera/13.0sp1/nios2eds/bin/gnu/h-i686-mingw32/bin/../lib/gcc/nios2-elf/4.1.2\libgcc.a(_div_df.o)
 .data          0x040114e8        0x0 d:/program/altera/13.0sp1/nios2eds/bin/gnu/h-i686-mingw32/bin/../lib/gcc/nios2-elf/4.1.2\libgcc.a(_eq_df.o)
 .data          0x040114e8        0x0 d:/program/altera/13.0sp1/nios2eds/bin/gnu/h-i686-mingw32/bin/../lib/gcc/nios2-elf/4.1.2\libgcc.a(_ne_df.o)
 .data          0x040114e8        0x0 d:/program/altera/13.0sp1/nios2eds/bin/gnu/h-i686-mingw32/bin/../lib/gcc/nios2-elf/4.1.2\libgcc.a(_ge_df.o)
 .data          0x040114e8        0x0 d:/program/altera/13.0sp1/nios2eds/bin/gnu/h-i686-mingw32/bin/../lib/gcc/nios2-elf/4.1.2\libgcc.a(_si_to_df.o)
 .data          0x040114e8        0x0 d:/program/altera/13.0sp1/nios2eds/bin/gnu/h-i686-mingw32/bin/../lib/gcc/nios2-elf/4.1.2\libgcc.a(_df_to_si.o)
 .data          0x040114e8        0x0 d:/program/altera/13.0sp1/nios2eds/bin/gnu/h-i686-mingw32/bin/../lib/gcc/nios2-elf/4.1.2\libgcc.a(_thenan_df.o)
 .data          0x040114e8        0x0 d:/program/altera/13.0sp1/nios2eds/bin/gnu/h-i686-mingw32/bin/../lib/gcc/nios2-elf/4.1.2\libgcc.a(_muldi3.o)
 .data          0x040114e8        0x0 d:/program/altera/13.0sp1/nios2eds/bin/gnu/h-i686-mingw32/bin/../lib/gcc/nios2-elf/4.1.2\libgcc.a(_clzsi2.o)
 .data          0x040114e8        0x0 d:/program/altera/13.0sp1/nios2eds/bin/gnu/h-i686-mingw32/bin/../lib/gcc/nios2-elf/4.1.2\libgcc.a(_pack_df.o)
 .data          0x040114e8        0x0 d:/program/altera/13.0sp1/nios2eds/bin/gnu/h-i686-mingw32/bin/../lib/gcc/nios2-elf/4.1.2\libgcc.a(_unpack_df.o)
 .data          0x040114e8        0x0 d:/program/altera/13.0sp1/nios2eds/bin/gnu/h-i686-mingw32/bin/../lib/gcc/nios2-elf/4.1.2\libgcc.a(_fpcmp_parts_df.o)
 .data          0x040114e8        0x0 d:/program/altera/13.0sp1/nios2eds/bin/gnu/h-i686-mingw32/bin/../lib/gcc/nios2-elf/4.1.2\libgcc.a(_clz.o)
 .data          0x040114e8        0x0 d:/program/altera/13.0sp1/nios2eds/bin/gnu/h-i686-mingw32/bin/../lib/gcc/nios2-elf/4.1.2/../../../../nios2-elf/lib\libc.a(lib_a-fclose.o)
 .data          0x040114e8        0x0 d:/program/altera/13.0sp1/nios2eds/bin/gnu/h-i686-mingw32/bin/../lib/gcc/nios2-elf/4.1.2/../../../../nios2-elf/lib\libc.a(lib_a-fflush.o)
 .data          0x040114e8        0x0 d:/program/altera/13.0sp1/nios2eds/bin/gnu/h-i686-mingw32/bin/../lib/gcc/nios2-elf/4.1.2/../../../../nios2-elf/lib\libc.a(lib_a-findfp.o)
 .data          0x040114e8        0x0 d:/program/altera/13.0sp1/nios2eds/bin/gnu/h-i686-mingw32/bin/../lib/gcc/nios2-elf/4.1.2/../../../../nios2-elf/lib\libc.a(lib_a-fopen.o)
 .data          0x040114e8        0x0 d:/program/altera/13.0sp1/nios2eds/bin/gnu/h-i686-mingw32/bin/../lib/gcc/nios2-elf/4.1.2/../../../../nios2-elf/lib\libc.a(lib_a-fprintf.o)
 .data          0x040114e8        0x0 d:/program/altera/13.0sp1/nios2eds/bin/gnu/h-i686-mingw32/bin/../lib/gcc/nios2-elf/4.1.2/../../../../nios2-elf/lib\libc.a(lib_a-freer.o)
 .data          0x040114e8        0x0 d:/program/altera/13.0sp1/nios2eds/bin/gnu/h-i686-mingw32/bin/../lib/gcc/nios2-elf/4.1.2/../../../../nios2-elf/lib\libc.a(lib_a-fseek.o)
 .data          0x040114e8        0x0 d:/program/altera/13.0sp1/nios2eds/bin/gnu/h-i686-mingw32/bin/../lib/gcc/nios2-elf/4.1.2/../../../../nios2-elf/lib\libc.a(lib_a-fstatr.o)
 .data          0x040114e8        0x0 d:/program/altera/13.0sp1/nios2eds/bin/gnu/h-i686-mingw32/bin/../lib/gcc/nios2-elf/4.1.2/../../../../nios2-elf/lib\libc.a(lib_a-fwalk.o)
 .data          0x040114e8      0x400 d:/program/altera/13.0sp1/nios2eds/bin/gnu/h-i686-mingw32/bin/../lib/gcc/nios2-elf/4.1.2/../../../../nios2-elf/lib\libc.a(lib_a-impure.o)
 .data          0x040118e8        0x0 d:/program/altera/13.0sp1/nios2eds/bin/gnu/h-i686-mingw32/bin/../lib/gcc/nios2-elf/4.1.2/../../../../nios2-elf/lib\libc.a(lib_a-int_errno.o)
 .data          0x040118e8        0x0 d:/program/altera/13.0sp1/nios2eds/bin/gnu/h-i686-mingw32/bin/../lib/gcc/nios2-elf/4.1.2/../../../../nios2-elf/lib\libc.a(lib_a-makebuf.o)
 .data          0x040118e8      0x408 d:/program/altera/13.0sp1/nios2eds/bin/gnu/h-i686-mingw32/bin/../lib/gcc/nios2-elf/4.1.2/../../../../nios2-elf/lib\libc.a(lib_a-mallocr.o)
                0x040118e8                __malloc_av_
 .data          0x04011cf0        0x0 d:/program/altera/13.0sp1/nios2eds/bin/gnu/h-i686-mingw32/bin/../lib/gcc/nios2-elf/4.1.2/../../../../nios2-elf/lib\libc.a(lib_a-memcpy.o)
 .data          0x04011cf0        0x0 d:/program/altera/13.0sp1/nios2eds/bin/gnu/h-i686-mingw32/bin/../lib/gcc/nios2-elf/4.1.2/../../../../nios2-elf/lib\libc.a(lib_a-memset.o)
 .data          0x04011cf0        0x0 d:/program/altera/13.0sp1/nios2eds/bin/gnu/h-i686-mingw32/bin/../lib/gcc/nios2-elf/4.1.2/../../../../nios2-elf/lib\libc.a(lib_a-openr.o)
 .data          0x04011cf0        0x0 d:/program/altera/13.0sp1/nios2eds/bin/gnu/h-i686-mingw32/bin/../lib/gcc/nios2-elf/4.1.2/../../../../nios2-elf/lib\libc.a(lib_a-printf.o)
 .data          0x04011cf0        0x0 d:/program/altera/13.0sp1/nios2eds/bin/gnu/h-i686-mingw32/bin/../lib/gcc/nios2-elf/4.1.2/../../../../nios2-elf/lib\libc.a(lib_a-puts.o)
 .data          0x04011cf0        0x0 d:/program/altera/13.0sp1/nios2eds/bin/gnu/h-i686-mingw32/bin/../lib/gcc/nios2-elf/4.1.2/../../../../nios2-elf/lib\libc.a(lib_a-refill.o)
 .data          0x04011cf0        0x0 d:/program/altera/13.0sp1/nios2eds/bin/gnu/h-i686-mingw32/bin/../lib/gcc/nios2-elf/4.1.2/../../../../nios2-elf/lib\libc.a(lib_a-sbrkr.o)
 .data          0x04011cf0        0x0 d:/program/altera/13.0sp1/nios2eds/bin/gnu/h-i686-mingw32/bin/../lib/gcc/nios2-elf/4.1.2/../../../../nios2-elf/lib\libc.a(lib_a-sprintf.o)
 .data          0x04011cf0        0x0 d:/program/altera/13.0sp1/nios2eds/bin/gnu/h-i686-mingw32/bin/../lib/gcc/nios2-elf/4.1.2/../../../../nios2-elf/lib\libc.a(lib_a-stdio.o)
 .data          0x04011cf0        0x0 d:/program/altera/13.0sp1/nios2eds/bin/gnu/h-i686-mingw32/bin/../lib/gcc/nios2-elf/4.1.2/../../../../nios2-elf/lib\libc.a(lib_a-strlen.o)
 .data          0x04011cf0        0x0 d:/program/altera/13.0sp1/nios2eds/bin/gnu/h-i686-mingw32/bin/../lib/gcc/nios2-elf/4.1.2/../../../../nios2-elf/lib\libc.a(lib_a-vfprintf.o)
 .data          0x04011cf0        0x0 d:/program/altera/13.0sp1/nios2eds/bin/gnu/h-i686-mingw32/bin/../lib/gcc/nios2-elf/4.1.2/../../../../nios2-elf/lib\libc.a(lib_a-writer.o)
 .data          0x04011cf0        0x0 d:/program/altera/13.0sp1/nios2eds/bin/gnu/h-i686-mingw32/bin/../lib/gcc/nios2-elf/4.1.2/../../../../nios2-elf/lib\libc.a(lib_a-wsetup.o)
 .data          0x04011cf0        0x0 d:/program/altera/13.0sp1/nios2eds/bin/gnu/h-i686-mingw32/bin/../lib/gcc/nios2-elf/4.1.2/../../../../nios2-elf/lib\libc.a(lib_a-closer.o)
 .data          0x04011cf0        0x0 d:/program/altera/13.0sp1/nios2eds/bin/gnu/h-i686-mingw32/bin/../lib/gcc/nios2-elf/4.1.2/../../../../nios2-elf/lib\libc.a(lib_a-dtoa.o)
 .data          0x04011cf0        0x0 d:/program/altera/13.0sp1/nios2eds/bin/gnu/h-i686-mingw32/bin/../lib/gcc/nios2-elf/4.1.2/../../../../nios2-elf/lib\libc.a(lib_a-flags.o)
 .data          0x04011cf0        0x0 d:/program/altera/13.0sp1/nios2eds/bin/gnu/h-i686-mingw32/bin/../lib/gcc/nios2-elf/4.1.2/../../../../nios2-elf/lib\libc.a(lib_a-fvwrite.o)
 .data          0x04011cf0        0x0 d:/program/altera/13.0sp1/nios2eds/bin/gnu/h-i686-mingw32/bin/../lib/gcc/nios2-elf/4.1.2/../../../../nios2-elf/lib\libc.a(lib_a-isattyr.o)
 .data          0x04011cf0        0xc d:/program/altera/13.0sp1/nios2eds/bin/gnu/h-i686-mingw32/bin/../lib/gcc/nios2-elf/4.1.2/../../../../nios2-elf/lib\libc.a(lib_a-locale.o)
                0x04011cf0                __lc_ctype
 .data          0x04011cfc        0x0 d:/program/altera/13.0sp1/nios2eds/bin/gnu/h-i686-mingw32/bin/../lib/gcc/nios2-elf/4.1.2/../../../../nios2-elf/lib\libc.a(lib_a-lseekr.o)
 .data          0x04011cfc        0x0 d:/program/altera/13.0sp1/nios2eds/bin/gnu/h-i686-mingw32/bin/../lib/gcc/nios2-elf/4.1.2/../../../../nios2-elf/lib\libc.a(lib_a-memchr.o)
 .data          0x04011cfc        0x0 d:/program/altera/13.0sp1/nios2eds/bin/gnu/h-i686-mingw32/bin/../lib/gcc/nios2-elf/4.1.2/../../../../nios2-elf/lib\libc.a(lib_a-memmove.o)
 .data          0x04011cfc        0x0 d:/program/altera/13.0sp1/nios2eds/bin/gnu/h-i686-mingw32/bin/../lib/gcc/nios2-elf/4.1.2/../../../../nios2-elf/lib\libc.a(lib_a-mprec.o)
 .data          0x04011cfc        0x0 d:/program/altera/13.0sp1/nios2eds/bin/gnu/h-i686-mingw32/bin/../lib/gcc/nios2-elf/4.1.2/../../../../nios2-elf/lib\libc.a(lib_a-readr.o)
 .data          0x04011cfc        0x0 d:/program/altera/13.0sp1/nios2eds/bin/gnu/h-i686-mingw32/bin/../lib/gcc/nios2-elf/4.1.2/../../../../nios2-elf/lib\libc.a(lib_a-reallocr.o)
 .data          0x04011cfc        0x0 d:/program/altera/13.0sp1/nios2eds/bin/gnu/h-i686-mingw32/bin/../lib/gcc/nios2-elf/4.1.2/../../../../nios2-elf/lib\libc.a(lib_a-s_isinfd.o)
 .data          0x04011cfc        0x0 d:/program/altera/13.0sp1/nios2eds/bin/gnu/h-i686-mingw32/bin/../lib/gcc/nios2-elf/4.1.2/../../../../nios2-elf/lib\libc.a(lib_a-s_isnand.o)
 .data          0x04011cfc        0x0 d:/program/altera/13.0sp1/nios2eds/bin/gnu/h-i686-mingw32/bin/../lib/gcc/nios2-elf/4.1.2/../../../../nios2-elf/lib\libc.a(lib_a-strcmp.o)
 .data          0x04011cfc        0x0 d:/program/altera/13.0sp1/nios2eds/bin/gnu/h-i686-mingw32/bin/../lib/gcc/nios2-elf/4.1.2/../../../../nios2-elf/lib\libc.a(lib_a-callocr.o)
 .data          0x04011cfc        0x0 d:/program/altera/13.0sp1/nios2eds/bin/gnu/h-i686-mingw32/bin/../lib/gcc/nios2-elf/4.1.2\libgcc.a(_udivdi3.o)
 .data          0x04011cfc        0x0 d:/program/altera/13.0sp1/nios2eds/bin/gnu/h-i686-mingw32/bin/../lib/gcc/nios2-elf/4.1.2\libgcc.a(_umoddi3.o)
 .data          0x04011cfc        0x0 d:/program/altera/13.0sp1/nios2eds/bin/gnu/h-i686-mingw32/bin/../lib/gcc/nios2-elf/4.1.2\libgcc.a(_gt_df.o)
 .data          0x04011cfc        0x0 d:/program/altera/13.0sp1/nios2eds/bin/gnu/h-i686-mingw32/bin/../lib/gcc/nios2-elf/4.1.2\libgcc.a(_lt_df.o)
 .data          0x04011cfc        0x0 d:/program/altera/13.0sp1/nios2eds/bin/gnu/h-i686-mingw32/bin/../lib/gcc/nios2-elf/4.1.2\libgcc.a(_usi_to_df.o)
 .data          0x04011cfc        0x0 d:/program/altera/13.0sp1/nios2eds/bin/gnu/h-i686-mingw32/bin/../lib/gcc/nios2-elf/4.1.2\libgcc.a(lib2-divmod.o)
 .data          0x04011cfc        0x0 ../lcd_nios_5_bsp/\libhal_bsp.a(alt_close.o)
 .data          0x04011cfc      0x1a8 ../lcd_nios_5_bsp/\libhal_bsp.a(alt_dev.o)
                0x04011cfc                alt_dev_null
                0x04011d24                alt_fd_list
 .data          0x04011ea4        0x0 ../lcd_nios_5_bsp/\libhal_bsp.a(alt_errno.o)
 .data          0x04011ea4        0x0 ../lcd_nios_5_bsp/\libhal_bsp.a(alt_fstat.o)
 .data          0x04011ea4        0x0 ../lcd_nios_5_bsp/\libhal_bsp.a(alt_isatty.o)
 .data          0x04011ea4        0x0 ../lcd_nios_5_bsp/\libhal_bsp.a(alt_lseek.o)
 .data          0x04011ea4        0x0 ../lcd_nios_5_bsp/\libhal_bsp.a(alt_main.o)
 .data          0x04011ea4        0x0 ../lcd_nios_5_bsp/\libhal_bsp.a(alt_malloc_lock.o)
 .data          0x04011ea4        0x0 ../lcd_nios_5_bsp/\libhal_bsp.a(alt_open.o)
 .data          0x04011ea4        0x0 ../lcd_nios_5_bsp/\libhal_bsp.a(alt_read.o)
 .data          0x04011ea4        0x0 ../lcd_nios_5_bsp/\libhal_bsp.a(alt_release_fd.o)
 .data          0x04011ea4        0x0 ../lcd_nios_5_bsp/\libhal_bsp.a(alt_sbrk.o)
 .data          0x04011ea4        0x0 ../lcd_nios_5_bsp/\libhal_bsp.a(alt_usleep.o)
 .data          0x04011ea4        0x0 ../lcd_nios_5_bsp/\libhal_bsp.a(alt_write.o)
 .data          0x04011ea4     0x1128 ../lcd_nios_5_bsp/\libhal_bsp.a(alt_sys_init.o)
 .data          0x04012fcc        0x0 ../lcd_nios_5_bsp/\libhal_bsp.a(altera_avalon_epcs_flash_controller.o)
 .data          0x04012fcc        0x0 ../lcd_nios_5_bsp/\libhal_bsp.a(altera_avalon_jtag_uart_fd.o)
 .data          0x04012fcc        0x0 ../lcd_nios_5_bsp/\libhal_bsp.a(altera_avalon_jtag_uart_init.o)
 .data          0x04012fcc        0x0 ../lcd_nios_5_bsp/\libhal_bsp.a(altera_avalon_jtag_uart_ioctl.o)
 .data          0x04012fcc        0x0 ../lcd_nios_5_bsp/\libhal_bsp.a(altera_avalon_jtag_uart_read.o)
 .data          0x04012fcc        0x0 ../lcd_nios_5_bsp/\libhal_bsp.a(altera_avalon_jtag_uart_write.o)
 .data          0x04012fcc        0x0 ../lcd_nios_5_bsp/\libhal_bsp.a(altera_avalon_spi.o)
 .data          0x04012fcc        0x0 ../lcd_nios_5_bsp/\libhal_bsp.a(epcs_commands.o)
 .data          0x04012fcc        0x0 ../lcd_nios_5_bsp/\libhal_bsp.a(alt_alarm_start.o)
 .data          0x04012fcc        0x0 ../lcd_nios_5_bsp/\libhal_bsp.a(alt_busy_sleep.o)
 .data          0x04012fcc        0x0 ../lcd_nios_5_bsp/\libhal_bsp.a(alt_dev_llist_insert.o)
 .data          0x04012fcc        0x0 ../lcd_nios_5_bsp/\libhal_bsp.a(alt_do_ctors.o)
 .data          0x04012fcc        0x0 ../lcd_nios_5_bsp/\libhal_bsp.a(alt_do_dtors.o)
 .data          0x04012fcc        0x0 ../lcd_nios_5_bsp/\libhal_bsp.a(alt_find_dev.o)
 .data          0x04012fcc        0x0 ../lcd_nios_5_bsp/\libhal_bsp.a(alt_find_file.o)
 .data          0x04012fcc        0x0 ../lcd_nios_5_bsp/\libhal_bsp.a(alt_flash_dev.o)
 .data          0x04012fcc        0x0 ../lcd_nios_5_bsp/\libhal_bsp.a(alt_get_fd.o)
 .data          0x04012fcc        0x0 ../lcd_nios_5_bsp/\libhal_bsp.a(alt_iic.o)
 .data          0x04012fcc        0x0 ../lcd_nios_5_bsp/\libhal_bsp.a(alt_iic_isr_register.o)
 .data          0x04012fcc        0x0 ../lcd_nios_5_bsp/\libhal_bsp.a(alt_io_redirect.o)
 .data          0x04012fcc        0x0 ../lcd_nios_5_bsp/\libhal_bsp.a(alt_irq_entry.o)
 .data          0x04012fcc        0x0 ../lcd_nios_5_bsp/\libhal_bsp.a(alt_irq_handler.o)
 .data          0x04012fcc        0x0 ../lcd_nios_5_bsp/\libhal_bsp.a(alt_irq_vars.o)
 .data          0x04012fcc        0x0 ../lcd_nios_5_bsp/\libhal_bsp.a(alt_tick.o)
 .data          0x04012fcc        0x0 ../lcd_nios_5_bsp/\libhal_bsp.a(altera_nios2_qsys_irq.o)
 .data          0x04012fcc        0x0 ../lcd_nios_5_bsp/\libhal_bsp.a(alt_exception_entry.o)
 .data          0x04012fcc        0x0 d:/program/altera/13.0sp1/nios2eds/bin/gnu/h-i686-mingw32/bin/../lib/gcc/nios2-elf/4.1.2/../../../../nios2-elf/lib\libc.a(lib_a-atexit.o)
 .data          0x04012fcc        0x0 d:/program/altera/13.0sp1/nios2eds/bin/gnu/h-i686-mingw32/bin/../lib/gcc/nios2-elf/4.1.2/../../../../nios2-elf/lib\libc.a(lib_a-exit.o)
 .data          0x04012fcc        0x0 d:/program/altera/13.0sp1/nios2eds/bin/gnu/h-i686-mingw32/bin/../lib/gcc/nios2-elf/4.1.2/../../../../nios2-elf/lib\libc.a(lib_a-memcmp.o)
 .data          0x04012fcc        0x0 d:/program/altera/13.0sp1/nios2eds/bin/gnu/h-i686-mingw32/bin/../lib/gcc/nios2-elf/4.1.2/../../../../nios2-elf/lib\libc.a(lib_a-__atexit.o)
 .data          0x04012fcc        0x0 d:/program/altera/13.0sp1/nios2eds/bin/gnu/h-i686-mingw32/bin/../lib/gcc/nios2-elf/4.1.2/../../../../nios2-elf/lib\libc.a(lib_a-__call_atexit.o)
 .data          0x04012fcc        0x0 ../lcd_nios_5_bsp/\libhal_bsp.a(alt_exit.o)
                0x0401afcc                _gp = ABSOLUTE ((. + 0x8000))
                0x0401afcc                PROVIDE (gp, _gp)
 *(.rwdata .rwdata.*)
 *(.sdata .sdata.* .gnu.linkonce.s.*)
 .sdata         0x04012fcc        0x8 d:/program/altera/13.0sp1/nios2eds/bin/gnu/h-i686-mingw32/bin/../lib/gcc/nios2-elf/4.1.2/../../../../nios2-elf/lib\libc.a(lib_a-impure.o)
                0x04012fcc                _impure_ptr
                0x04012fd0                _global_impure_ptr
 .sdata         0x04012fd4        0x8 d:/program/altera/13.0sp1/nios2eds/bin/gnu/h-i686-mingw32/bin/../lib/gcc/nios2-elf/4.1.2/../../../../nios2-elf/lib\libc.a(lib_a-mallocr.o)
                0x04012fd4                __malloc_trim_threshold
                0x04012fd8                __malloc_sbrk_base
 .sdata         0x04012fdc        0x8 d:/program/altera/13.0sp1/nios2eds/bin/gnu/h-i686-mingw32/bin/../lib/gcc/nios2-elf/4.1.2/../../../../nios2-elf/lib\libc.a(lib_a-locale.o)
                0x04012fdc                __mb_cur_max
 .sdata         0x04012fe4       0x14 ../lcd_nios_5_bsp/\libhal_bsp.a(alt_dev.o)
                0x04012fe4                alt_fs_list
                0x04012fec                alt_dev_list
                0x04012ff4                alt_max_fd
 .sdata         0x04012ff8        0x4 ../lcd_nios_5_bsp/\libhal_bsp.a(alt_errno.o)
                0x04012ff8                alt_errno
 .sdata         0x04012ffc        0x4 ../lcd_nios_5_bsp/\libhal_bsp.a(alt_sbrk.o)
 .sdata         0x04013000        0x8 ../lcd_nios_5_bsp/\libhal_bsp.a(alt_flash_dev.o)
                0x04013000                alt_flash_dev_list
 .sdata         0x04013008        0x4 ../lcd_nios_5_bsp/\libhal_bsp.a(alt_irq_vars.o)
                0x04013008                alt_priority_mask
 .sdata         0x0401300c        0x8 ../lcd_nios_5_bsp/\libhal_bsp.a(alt_tick.o)
                0x0401300c                alt_alarm_list
 *(.sdata2 .sdata2.* .gnu.linkonce.s2.*)
                0x04013014                . = ALIGN (0x4)
                0x04013014                _edata = ABSOLUTE (.)
                0x04013014                PROVIDE (edata, ABSOLUTE (.))
                0x04013014                PROVIDE (__ram_rwdata_end, ABSOLUTE (.))
                0x040114dc                PROVIDE (__flash_rwdata_start, LOADADDR (.rwdata))

.bss            0x04013014      0x33c
                0x04013014                __bss_start = ABSOLUTE (.)
                0x04013014                PROVIDE (__sbss_start, ABSOLUTE (.))
                0x04013014                PROVIDE (___sbss_start, ABSOLUTE (.))
 *(.dynsbss)
 *(.sbss .sbss.* .gnu.linkonce.sb.*)
 .sbss          0x04013014        0x1 obj/default/LCD32.o
 *fill*         0x04013015        0x1 00
 .sbss          0x04013016        0x4 obj/default/touch.o
 .sbss          0x0401301a        0x4 obj/default/touch.o
                0x0401301a                display
 *fill*         0x0401301e        0x2 00
 .sbss          0x04013020        0x4 d:/program/altera/13.0sp1/nios2eds/bin/gnu/h-i686-mingw32/bin/../lib/gcc/nios2-elf/4.1.2/../../../../nios2-elf/lib\libc.a(lib_a-int_errno.o)
                0x04013020                errno
 .sbss          0x04013024        0xc d:/program/altera/13.0sp1/nios2eds/bin/gnu/h-i686-mingw32/bin/../lib/gcc/nios2-elf/4.1.2/../../../../nios2-elf/lib\libc.a(lib_a-mallocr.o)
                0x04013024                __malloc_top_pad
                0x04013028                __malloc_max_sbrked_mem
                0x0401302c                __malloc_max_total_mem
 .sbss          0x04013030        0xc d:/program/altera/13.0sp1/nios2eds/bin/gnu/h-i686-mingw32/bin/../lib/gcc/nios2-elf/4.1.2/../../../../nios2-elf/lib\libc.a(lib_a-locale.o)
                0x04013030                __nlocale_changed
                0x04013034                __mlocale_changed
                0x04013038                _PathLocale
 .sbss          0x0401303c        0xc ../lcd_nios_5_bsp/\libhal_bsp.a(alt_main.o)
                0x0401303c                alt_argc
                0x04013040                alt_argv
                0x04013044                alt_envp
 .sbss          0x04013048        0x4 ../lcd_nios_5_bsp/\libhal_bsp.a(alt_irq_vars.o)
                0x04013048                alt_irq_active
 .sbss          0x0401304c        0x8 ../lcd_nios_5_bsp/\libhal_bsp.a(alt_tick.o)
                0x0401304c                _alt_tick_rate
                0x04013050                _alt_nticks
 *(.sbss2 .sbss2.* .gnu.linkonce.sb2.*)
 *(.scommon)
                0x04013054                PROVIDE (__sbss_end, ABSOLUTE (.))
                0x04013054                PROVIDE (___sbss_end, ABSOLUTE (.))
 *(.dynbss)
 *(.bss .bss.* .gnu.linkonce.b.*)
 .bss           0x04013054        0x0 ../lcd_nios_5_bsp//obj/HAL/src/crt0.o
 .bss           0x04013054        0x0 obj/default/AsciiLib.o
 .bss           0x04013054        0x0 obj/default/LCD32.o
 .bss           0x04013054        0x0 obj/default/game.o
 .bss           0x04013054        0x0 obj/default/main.o
 .bss           0x04013054        0x0 obj/default/touch.o
 .bss           0x04013054        0x0 d:/program/altera/13.0sp1/nios2eds/bin/gnu/h-i686-mingw32/bin/../lib/gcc/nios2-elf/4.1.2\libgcc.a(_fixunsdfsi.o)
 .bss           0x04013054        0x0 d:/program/altera/13.0sp1/nios2eds/bin/gnu/h-i686-mingw32/bin/../lib/gcc/nios2-elf/4.1.2\libgcc.a(_addsub_df.o)
 .bss           0x04013054        0x0 d:/program/altera/13.0sp1/nios2eds/bin/gnu/h-i686-mingw32/bin/../lib/gcc/nios2-elf/4.1.2\libgcc.a(_mul_df.o)
 .bss           0x04013054        0x0 d:/program/altera/13.0sp1/nios2eds/bin/gnu/h-i686-mingw32/bin/../lib/gcc/nios2-elf/4.1.2\libgcc.a(_div_df.o)
 .bss           0x04013054        0x0 d:/program/altera/13.0sp1/nios2eds/bin/gnu/h-i686-mingw32/bin/../lib/gcc/nios2-elf/4.1.2\libgcc.a(_eq_df.o)
 .bss           0x04013054        0x0 d:/program/altera/13.0sp1/nios2eds/bin/gnu/h-i686-mingw32/bin/../lib/gcc/nios2-elf/4.1.2\libgcc.a(_ne_df.o)
 .bss           0x04013054        0x0 d:/program/altera/13.0sp1/nios2eds/bin/gnu/h-i686-mingw32/bin/../lib/gcc/nios2-elf/4.1.2\libgcc.a(_ge_df.o)
 .bss           0x04013054        0x0 d:/program/altera/13.0sp1/nios2eds/bin/gnu/h-i686-mingw32/bin/../lib/gcc/nios2-elf/4.1.2\libgcc.a(_si_to_df.o)
 .bss           0x04013054        0x0 d:/program/altera/13.0sp1/nios2eds/bin/gnu/h-i686-mingw32/bin/../lib/gcc/nios2-elf/4.1.2\libgcc.a(_df_to_si.o)
 .bss           0x04013054        0x0 d:/program/altera/13.0sp1/nios2eds/bin/gnu/h-i686-mingw32/bin/../lib/gcc/nios2-elf/4.1.2\libgcc.a(_thenan_df.o)
 .bss           0x04013054        0x0 d:/program/altera/13.0sp1/nios2eds/bin/gnu/h-i686-mingw32/bin/../lib/gcc/nios2-elf/4.1.2\libgcc.a(_muldi3.o)
 .bss           0x04013054        0x0 d:/program/altera/13.0sp1/nios2eds/bin/gnu/h-i686-mingw32/bin/../lib/gcc/nios2-elf/4.1.2\libgcc.a(_clzsi2.o)
 .bss           0x04013054        0x0 d:/program/altera/13.0sp1/nios2eds/bin/gnu/h-i686-mingw32/bin/../lib/gcc/nios2-elf/4.1.2\libgcc.a(_pack_df.o)
 .bss           0x04013054        0x0 d:/program/altera/13.0sp1/nios2eds/bin/gnu/h-i686-mingw32/bin/../lib/gcc/nios2-elf/4.1.2\libgcc.a(_unpack_df.o)
 .bss           0x04013054        0x0 d:/program/altera/13.0sp1/nios2eds/bin/gnu/h-i686-mingw32/bin/../lib/gcc/nios2-elf/4.1.2\libgcc.a(_fpcmp_parts_df.o)
 .bss           0x04013054        0x0 d:/program/altera/13.0sp1/nios2eds/bin/gnu/h-i686-mingw32/bin/../lib/gcc/nios2-elf/4.1.2\libgcc.a(_clz.o)
 .bss           0x04013054        0x0 d:/program/altera/13.0sp1/nios2eds/bin/gnu/h-i686-mingw32/bin/../lib/gcc/nios2-elf/4.1.2/../../../../nios2-elf/lib\libc.a(lib_a-fclose.o)
 .bss           0x04013054        0x0 d:/program/altera/13.0sp1/nios2eds/bin/gnu/h-i686-mingw32/bin/../lib/gcc/nios2-elf/4.1.2/../../../../nios2-elf/lib\libc.a(lib_a-fflush.o)
 .bss           0x04013054        0x0 d:/program/altera/13.0sp1/nios2eds/bin/gnu/h-i686-mingw32/bin/../lib/gcc/nios2-elf/4.1.2/../../../../nios2-elf/lib\libc.a(lib_a-findfp.o)
 .bss           0x04013054        0x0 d:/program/altera/13.0sp1/nios2eds/bin/gnu/h-i686-mingw32/bin/../lib/gcc/nios2-elf/4.1.2/../../../../nios2-elf/lib\libc.a(lib_a-fopen.o)
 .bss           0x04013054        0x0 d:/program/altera/13.0sp1/nios2eds/bin/gnu/h-i686-mingw32/bin/../lib/gcc/nios2-elf/4.1.2/../../../../nios2-elf/lib\libc.a(lib_a-fprintf.o)
 .bss           0x04013054        0x0 d:/program/altera/13.0sp1/nios2eds/bin/gnu/h-i686-mingw32/bin/../lib/gcc/nios2-elf/4.1.2/../../../../nios2-elf/lib\libc.a(lib_a-freer.o)
 .bss           0x04013054        0x0 d:/program/altera/13.0sp1/nios2eds/bin/gnu/h-i686-mingw32/bin/../lib/gcc/nios2-elf/4.1.2/../../../../nios2-elf/lib\libc.a(lib_a-fseek.o)
 .bss           0x04013054        0x0 d:/program/altera/13.0sp1/nios2eds/bin/gnu/h-i686-mingw32/bin/../lib/gcc/nios2-elf/4.1.2/../../../../nios2-elf/lib\libc.a(lib_a-fstatr.o)
 .bss           0x04013054        0x0 d:/program/altera/13.0sp1/nios2eds/bin/gnu/h-i686-mingw32/bin/../lib/gcc/nios2-elf/4.1.2/../../../../nios2-elf/lib\libc.a(lib_a-fwalk.o)
 .bss           0x04013054        0x0 d:/program/altera/13.0sp1/nios2eds/bin/gnu/h-i686-mingw32/bin/../lib/gcc/nios2-elf/4.1.2/../../../../nios2-elf/lib\libc.a(lib_a-impure.o)
 .bss           0x04013054        0x0 d:/program/altera/13.0sp1/nios2eds/bin/gnu/h-i686-mingw32/bin/../lib/gcc/nios2-elf/4.1.2/../../../../nios2-elf/lib\libc.a(lib_a-int_errno.o)
 .bss           0x04013054        0x0 d:/program/altera/13.0sp1/nios2eds/bin/gnu/h-i686-mingw32/bin/../lib/gcc/nios2-elf/4.1.2/../../../../nios2-elf/lib\libc.a(lib_a-makebuf.o)
 .bss           0x04013054       0x28 d:/program/altera/13.0sp1/nios2eds/bin/gnu/h-i686-mingw32/bin/../lib/gcc/nios2-elf/4.1.2/../../../../nios2-elf/lib\libc.a(lib_a-mallocr.o)
                0x04013054                __malloc_current_mallinfo
 .bss           0x0401307c        0x0 d:/program/altera/13.0sp1/nios2eds/bin/gnu/h-i686-mingw32/bin/../lib/gcc/nios2-elf/4.1.2/../../../../nios2-elf/lib\libc.a(lib_a-memcpy.o)
 .bss           0x0401307c        0x0 d:/program/altera/13.0sp1/nios2eds/bin/gnu/h-i686-mingw32/bin/../lib/gcc/nios2-elf/4.1.2/../../../../nios2-elf/lib\libc.a(lib_a-memset.o)
 .bss           0x0401307c        0x0 d:/program/altera/13.0sp1/nios2eds/bin/gnu/h-i686-mingw32/bin/../lib/gcc/nios2-elf/4.1.2/../../../../nios2-elf/lib\libc.a(lib_a-openr.o)
 .bss           0x0401307c        0x0 d:/program/altera/13.0sp1/nios2eds/bin/gnu/h-i686-mingw32/bin/../lib/gcc/nios2-elf/4.1.2/../../../../nios2-elf/lib\libc.a(lib_a-printf.o)
 .bss           0x0401307c        0x0 d:/program/altera/13.0sp1/nios2eds/bin/gnu/h-i686-mingw32/bin/../lib/gcc/nios2-elf/4.1.2/../../../../nios2-elf/lib\libc.a(lib_a-puts.o)
 .bss           0x0401307c        0x0 d:/program/altera/13.0sp1/nios2eds/bin/gnu/h-i686-mingw32/bin/../lib/gcc/nios2-elf/4.1.2/../../../../nios2-elf/lib\libc.a(lib_a-refill.o)
 .bss           0x0401307c        0x0 d:/program/altera/13.0sp1/nios2eds/bin/gnu/h-i686-mingw32/bin/../lib/gcc/nios2-elf/4.1.2/../../../../nios2-elf/lib\libc.a(lib_a-sbrkr.o)
 .bss           0x0401307c        0x0 d:/program/altera/13.0sp1/nios2eds/bin/gnu/h-i686-mingw32/bin/../lib/gcc/nios2-elf/4.1.2/../../../../nios2-elf/lib\libc.a(lib_a-sprintf.o)
 .bss           0x0401307c        0x0 d:/program/altera/13.0sp1/nios2eds/bin/gnu/h-i686-mingw32/bin/../lib/gcc/nios2-elf/4.1.2/../../../../nios2-elf/lib\libc.a(lib_a-stdio.o)
 .bss           0x0401307c        0x0 d:/program/altera/13.0sp1/nios2eds/bin/gnu/h-i686-mingw32/bin/../lib/gcc/nios2-elf/4.1.2/../../../../nios2-elf/lib\libc.a(lib_a-strlen.o)
 .bss           0x0401307c        0x0 d:/program/altera/13.0sp1/nios2eds/bin/gnu/h-i686-mingw32/bin/../lib/gcc/nios2-elf/4.1.2/../../../../nios2-elf/lib\libc.a(lib_a-vfprintf.o)
 .bss           0x0401307c        0x0 d:/program/altera/13.0sp1/nios2eds/bin/gnu/h-i686-mingw32/bin/../lib/gcc/nios2-elf/4.1.2/../../../../nios2-elf/lib\libc.a(lib_a-writer.o)
 .bss           0x0401307c        0x0 d:/program/altera/13.0sp1/nios2eds/bin/gnu/h-i686-mingw32/bin/../lib/gcc/nios2-elf/4.1.2/../../../../nios2-elf/lib\libc.a(lib_a-wsetup.o)
 .bss           0x0401307c        0x0 d:/program/altera/13.0sp1/nios2eds/bin/gnu/h-i686-mingw32/bin/../lib/gcc/nios2-elf/4.1.2/../../../../nios2-elf/lib\libc.a(lib_a-closer.o)
 .bss           0x0401307c        0x0 d:/program/altera/13.0sp1/nios2eds/bin/gnu/h-i686-mingw32/bin/../lib/gcc/nios2-elf/4.1.2/../../../../nios2-elf/lib\libc.a(lib_a-dtoa.o)
 .bss           0x0401307c        0x0 d:/program/altera/13.0sp1/nios2eds/bin/gnu/h-i686-mingw32/bin/../lib/gcc/nios2-elf/4.1.2/../../../../nios2-elf/lib\libc.a(lib_a-flags.o)
 .bss           0x0401307c        0x0 d:/program/altera/13.0sp1/nios2eds/bin/gnu/h-i686-mingw32/bin/../lib/gcc/nios2-elf/4.1.2/../../../../nios2-elf/lib\libc.a(lib_a-fvwrite.o)
 .bss           0x0401307c        0x0 d:/program/altera/13.0sp1/nios2eds/bin/gnu/h-i686-mingw32/bin/../lib/gcc/nios2-elf/4.1.2/../../../../nios2-elf/lib\libc.a(lib_a-isattyr.o)
 .bss           0x0401307c        0x0 d:/program/altera/13.0sp1/nios2eds/bin/gnu/h-i686-mingw32/bin/../lib/gcc/nios2-elf/4.1.2/../../../../nios2-elf/lib\libc.a(lib_a-locale.o)
 .bss           0x0401307c        0x0 d:/program/altera/13.0sp1/nios2eds/bin/gnu/h-i686-mingw32/bin/../lib/gcc/nios2-elf/4.1.2/../../../../nios2-elf/lib\libc.a(lib_a-lseekr.o)
 .bss           0x0401307c        0x0 d:/program/altera/13.0sp1/nios2eds/bin/gnu/h-i686-mingw32/bin/../lib/gcc/nios2-elf/4.1.2/../../../../nios2-elf/lib\libc.a(lib_a-memchr.o)
 .bss           0x0401307c        0x0 d:/program/altera/13.0sp1/nios2eds/bin/gnu/h-i686-mingw32/bin/../lib/gcc/nios2-elf/4.1.2/../../../../nios2-elf/lib\libc.a(lib_a-memmove.o)
 .bss           0x0401307c        0x0 d:/program/altera/13.0sp1/nios2eds/bin/gnu/h-i686-mingw32/bin/../lib/gcc/nios2-elf/4.1.2/../../../../nios2-elf/lib\libc.a(lib_a-mprec.o)
 .bss           0x0401307c        0x0 d:/program/altera/13.0sp1/nios2eds/bin/gnu/h-i686-mingw32/bin/../lib/gcc/nios2-elf/4.1.2/../../../../nios2-elf/lib\libc.a(lib_a-readr.o)
 .bss           0x0401307c        0x0 d:/program/altera/13.0sp1/nios2eds/bin/gnu/h-i686-mingw32/bin/../lib/gcc/nios2-elf/4.1.2/../../../../nios2-elf/lib\libc.a(lib_a-reallocr.o)
 .bss           0x0401307c        0x0 d:/program/altera/13.0sp1/nios2eds/bin/gnu/h-i686-mingw32/bin/../lib/gcc/nios2-elf/4.1.2/../../../../nios2-elf/lib\libc.a(lib_a-s_isinfd.o)
 .bss           0x0401307c        0x0 d:/program/altera/13.0sp1/nios2eds/bin/gnu/h-i686-mingw32/bin/../lib/gcc/nios2-elf/4.1.2/../../../../nios2-elf/lib\libc.a(lib_a-s_isnand.o)
 .bss           0x0401307c        0x0 d:/program/altera/13.0sp1/nios2eds/bin/gnu/h-i686-mingw32/bin/../lib/gcc/nios2-elf/4.1.2/../../../../nios2-elf/lib\libc.a(lib_a-strcmp.o)
 .bss           0x0401307c        0x0 d:/program/altera/13.0sp1/nios2eds/bin/gnu/h-i686-mingw32/bin/../lib/gcc/nios2-elf/4.1.2/../../../../nios2-elf/lib\libc.a(lib_a-callocr.o)
 .bss           0x0401307c        0x0 d:/program/altera/13.0sp1/nios2eds/bin/gnu/h-i686-mingw32/bin/../lib/gcc/nios2-elf/4.1.2\libgcc.a(_udivdi3.o)
 .bss           0x0401307c        0x0 d:/program/altera/13.0sp1/nios2eds/bin/gnu/h-i686-mingw32/bin/../lib/gcc/nios2-elf/4.1.2\libgcc.a(_umoddi3.o)
 .bss           0x0401307c        0x0 d:/program/altera/13.0sp1/nios2eds/bin/gnu/h-i686-mingw32/bin/../lib/gcc/nios2-elf/4.1.2\libgcc.a(_gt_df.o)
 .bss           0x0401307c        0x0 d:/program/altera/13.0sp1/nios2eds/bin/gnu/h-i686-mingw32/bin/../lib/gcc/nios2-elf/4.1.2\libgcc.a(_lt_df.o)
 .bss           0x0401307c        0x0 d:/program/altera/13.0sp1/nios2eds/bin/gnu/h-i686-mingw32/bin/../lib/gcc/nios2-elf/4.1.2\libgcc.a(_usi_to_df.o)
 .bss           0x0401307c        0x0 d:/program/altera/13.0sp1/nios2eds/bin/gnu/h-i686-mingw32/bin/../lib/gcc/nios2-elf/4.1.2\libgcc.a(lib2-divmod.o)
 .bss           0x0401307c        0x0 ../lcd_nios_5_bsp/\libhal_bsp.a(alt_close.o)
 .bss           0x0401307c        0x0 ../lcd_nios_5_bsp/\libhal_bsp.a(alt_dev.o)
 .bss           0x0401307c        0x0 ../lcd_nios_5_bsp/\libhal_bsp.a(alt_errno.o)
 .bss           0x0401307c        0x0 ../lcd_nios_5_bsp/\libhal_bsp.a(alt_fstat.o)
 .bss           0x0401307c        0x0 ../lcd_nios_5_bsp/\libhal_bsp.a(alt_isatty.o)
 .bss           0x0401307c        0x0 ../lcd_nios_5_bsp/\libhal_bsp.a(alt_lseek.o)
 .bss           0x0401307c        0x0 ../lcd_nios_5_bsp/\libhal_bsp.a(alt_main.o)
 .bss           0x0401307c        0x0 ../lcd_nios_5_bsp/\libhal_bsp.a(alt_malloc_lock.o)
 .bss           0x0401307c        0x0 ../lcd_nios_5_bsp/\libhal_bsp.a(alt_open.o)
 .bss           0x0401307c        0x0 ../lcd_nios_5_bsp/\libhal_bsp.a(alt_read.o)
 .bss           0x0401307c        0x0 ../lcd_nios_5_bsp/\libhal_bsp.a(alt_release_fd.o)
 .bss           0x0401307c        0x0 ../lcd_nios_5_bsp/\libhal_bsp.a(alt_sbrk.o)
 .bss           0x0401307c        0x0 ../lcd_nios_5_bsp/\libhal_bsp.a(alt_usleep.o)
 .bss           0x0401307c        0x0 ../lcd_nios_5_bsp/\libhal_bsp.a(alt_write.o)
 .bss           0x0401307c        0x0 ../lcd_nios_5_bsp/\libhal_bsp.a(alt_sys_init.o)
 .bss           0x0401307c        0x0 ../lcd_nios_5_bsp/\libhal_bsp.a(altera_avalon_epcs_flash_controller.o)
 .bss           0x0401307c        0x0 ../lcd_nios_5_bsp/\libhal_bsp.a(altera_avalon_jtag_uart_fd.o)
 .bss           0x0401307c        0x0 ../lcd_nios_5_bsp/\libhal_bsp.a(altera_avalon_jtag_uart_init.o)
 .bss           0x0401307c        0x0 ../lcd_nios_5_bsp/\libhal_bsp.a(altera_avalon_jtag_uart_ioctl.o)
 .bss           0x0401307c        0x0 ../lcd_nios_5_bsp/\libhal_bsp.a(altera_avalon_jtag_uart_read.o)
 .bss           0x0401307c        0x0 ../lcd_nios_5_bsp/\libhal_bsp.a(altera_avalon_jtag_uart_write.o)
 .bss           0x0401307c        0x0 ../lcd_nios_5_bsp/\libhal_bsp.a(altera_avalon_spi.o)
 .bss           0x0401307c        0x0 ../lcd_nios_5_bsp/\libhal_bsp.a(epcs_commands.o)
 .bss           0x0401307c        0x0 ../lcd_nios_5_bsp/\libhal_bsp.a(alt_alarm_start.o)
 .bss           0x0401307c        0x0 ../lcd_nios_5_bsp/\libhal_bsp.a(alt_busy_sleep.o)
 .bss           0x0401307c        0x0 ../lcd_nios_5_bsp/\libhal_bsp.a(alt_dev_llist_insert.o)
 .bss           0x0401307c        0x0 ../lcd_nios_5_bsp/\libhal_bsp.a(alt_do_ctors.o)
 .bss           0x0401307c        0x0 ../lcd_nios_5_bsp/\libhal_bsp.a(alt_do_dtors.o)
 .bss           0x0401307c        0x0 ../lcd_nios_5_bsp/\libhal_bsp.a(alt_find_dev.o)
 .bss           0x0401307c        0x0 ../lcd_nios_5_bsp/\libhal_bsp.a(alt_find_file.o)
 .bss           0x0401307c        0x0 ../lcd_nios_5_bsp/\libhal_bsp.a(alt_flash_dev.o)
 .bss           0x0401307c        0x0 ../lcd_nios_5_bsp/\libhal_bsp.a(alt_get_fd.o)
 .bss           0x0401307c        0x0 ../lcd_nios_5_bsp/\libhal_bsp.a(alt_iic.o)
 .bss           0x0401307c        0x0 ../lcd_nios_5_bsp/\libhal_bsp.a(alt_iic_isr_register.o)
 .bss           0x0401307c        0x0 ../lcd_nios_5_bsp/\libhal_bsp.a(alt_io_redirect.o)
 .bss           0x0401307c        0x0 ../lcd_nios_5_bsp/\libhal_bsp.a(alt_irq_entry.o)
 .bss           0x0401307c        0x0 ../lcd_nios_5_bsp/\libhal_bsp.a(alt_irq_handler.o)
 .bss           0x0401307c        0x0 ../lcd_nios_5_bsp/\libhal_bsp.a(alt_irq_vars.o)
 .bss           0x0401307c        0x0 ../lcd_nios_5_bsp/\libhal_bsp.a(alt_tick.o)
 .bss           0x0401307c        0x0 ../lcd_nios_5_bsp/\libhal_bsp.a(altera_nios2_qsys_irq.o)
 .bss           0x0401307c        0x0 ../lcd_nios_5_bsp/\libhal_bsp.a(alt_exception_entry.o)
 .bss           0x0401307c        0x0 d:/program/altera/13.0sp1/nios2eds/bin/gnu/h-i686-mingw32/bin/../lib/gcc/nios2-elf/4.1.2/../../../../nios2-elf/lib\libc.a(lib_a-atexit.o)
 .bss           0x0401307c        0x0 d:/program/altera/13.0sp1/nios2eds/bin/gnu/h-i686-mingw32/bin/../lib/gcc/nios2-elf/4.1.2/../../../../nios2-elf/lib\libc.a(lib_a-exit.o)
 .bss           0x0401307c        0x0 d:/program/altera/13.0sp1/nios2eds/bin/gnu/h-i686-mingw32/bin/../lib/gcc/nios2-elf/4.1.2/../../../../nios2-elf/lib\libc.a(lib_a-memcmp.o)
 .bss           0x0401307c        0x0 d:/program/altera/13.0sp1/nios2eds/bin/gnu/h-i686-mingw32/bin/../lib/gcc/nios2-elf/4.1.2/../../../../nios2-elf/lib\libc.a(lib_a-__atexit.o)
 .bss           0x0401307c        0x0 d:/program/altera/13.0sp1/nios2eds/bin/gnu/h-i686-mingw32/bin/../lib/gcc/nios2-elf/4.1.2/../../../../nios2-elf/lib\libc.a(lib_a-__call_atexit.o)
 .bss           0x0401307c        0x0 ../lcd_nios_5_bsp/\libhal_bsp.a(alt_exit.o)
 *(COMMON)
 COMMON         0x0401307c       0x44 obj/default/touch.o
                0x0401307c                ScreenSample
                0x04013088                matrix
 COMMON         0x040130c0      0x100 ../lcd_nios_5_bsp/\libhal_bsp.a(alt_irq_handler.o)
                0x040130c0                alt_irq
 COMMON         0x040131c0      0x190 d:/program/altera/13.0sp1/nios2eds/bin/gnu/h-i686-mingw32/bin/../lib/gcc/nios2-elf/4.1.2/../../../../nios2-elf/lib\libc.a(lib_a-atexit.o)
                0x040131c0                _atexit0
                0x04013350                . = ALIGN (0x4)
                0x04013350                __bss_end = ABSOLUTE (.)

.epcs           0x00000020        0x0
                0x00000020                PROVIDE (_alt_partition_epcs_start, ABSOLUTE (.))
 *(.epcs. epcs.*)
                0x00000020                . = ALIGN (0x4)
                0x00000020                PROVIDE (_alt_partition_epcs_end, ABSOLUTE (.))
                0x00000020                PROVIDE (_alt_partition_epcs_load_addr, LOADADDR (.epcs))

.sdram          0x04013350        0x0
                0x04013350                PROVIDE (_alt_partition_sdram_start, ABSOLUTE (.))
 *(.sdram. sdram.*)
                0x04013350                . = ALIGN (0x4)
                0x04013350                PROVIDE (_alt_partition_sdram_end, ABSOLUTE (.))
                0x04013350                _end = ABSOLUTE (.)
                0x04013350                end = ABSOLUTE (.)
                0x04013350                __alt_stack_base = ABSOLUTE (.)
                0x04013350                PROVIDE (_alt_partition_sdram_load_addr, LOADADDR (.sdram))

.stab
 *(.stab)

.stabstr
 *(.stabstr)

.stab.excl
 *(.stab.excl)

.stab.exclstr
 *(.stab.exclstr)

.stab.index
 *(.stab.index)

.stab.indexstr
 *(.stab.indexstr)

.comment        0x00000000       0x26
 *(.comment)
 .comment       0x00000000       0x26 obj/default/AsciiLib.o
                                 0x27 (size before relaxing)
 .comment       0x00000000       0x27 obj/default/LCD32.o
 .comment       0x00000000       0x27 obj/default/game.o
 .comment       0x00000000       0x27 obj/default/main.o
 .comment       0x00000000       0x27 obj/default/touch.o
 .comment       0x00000000       0x27 d:/program/altera/13.0sp1/nios2eds/bin/gnu/h-i686-mingw32/bin/../lib/gcc/nios2-elf/4.1.2\libgcc.a(_fixunsdfsi.o)
 .comment       0x00000000       0x27 d:/program/altera/13.0sp1/nios2eds/bin/gnu/h-i686-mingw32/bin/../lib/gcc/nios2-elf/4.1.2\libgcc.a(_addsub_df.o)
 .comment       0x00000000       0x27 d:/program/altera/13.0sp1/nios2eds/bin/gnu/h-i686-mingw32/bin/../lib/gcc/nios2-elf/4.1.2\libgcc.a(_mul_df.o)
 .comment       0x00000000       0x27 d:/program/altera/13.0sp1/nios2eds/bin/gnu/h-i686-mingw32/bin/../lib/gcc/nios2-elf/4.1.2\libgcc.a(_div_df.o)
 .comment       0x00000000       0x27 d:/program/altera/13.0sp1/nios2eds/bin/gnu/h-i686-mingw32/bin/../lib/gcc/nios2-elf/4.1.2\libgcc.a(_eq_df.o)
 .comment       0x00000000       0x27 d:/program/altera/13.0sp1/nios2eds/bin/gnu/h-i686-mingw32/bin/../lib/gcc/nios2-elf/4.1.2\libgcc.a(_ne_df.o)
 .comment       0x00000000       0x27 d:/program/altera/13.0sp1/nios2eds/bin/gnu/h-i686-mingw32/bin/../lib/gcc/nios2-elf/4.1.2\libgcc.a(_ge_df.o)
 .comment       0x00000000       0x27 d:/program/altera/13.0sp1/nios2eds/bin/gnu/h-i686-mingw32/bin/../lib/gcc/nios2-elf/4.1.2\libgcc.a(_si_to_df.o)
 .comment       0x00000000       0x27 d:/program/altera/13.0sp1/nios2eds/bin/gnu/h-i686-mingw32/bin/../lib/gcc/nios2-elf/4.1.2\libgcc.a(_df_to_si.o)
 .comment       0x00000000       0x27 d:/program/altera/13.0sp1/nios2eds/bin/gnu/h-i686-mingw32/bin/../lib/gcc/nios2-elf/4.1.2\libgcc.a(_thenan_df.o)
 .comment       0x00000000       0x27 d:/program/altera/13.0sp1/nios2eds/bin/gnu/h-i686-mingw32/bin/../lib/gcc/nios2-elf/4.1.2\libgcc.a(_muldi3.o)
 .comment       0x00000000       0x27 d:/program/altera/13.0sp1/nios2eds/bin/gnu/h-i686-mingw32/bin/../lib/gcc/nios2-elf/4.1.2\libgcc.a(_clzsi2.o)
 .comment       0x00000000       0x27 d:/program/altera/13.0sp1/nios2eds/bin/gnu/h-i686-mingw32/bin/../lib/gcc/nios2-elf/4.1.2\libgcc.a(_pack_df.o)
 .comment       0x00000000       0x27 d:/program/altera/13.0sp1/nios2eds/bin/gnu/h-i686-mingw32/bin/../lib/gcc/nios2-elf/4.1.2\libgcc.a(_unpack_df.o)
 .comment       0x00000000       0x27 d:/program/altera/13.0sp1/nios2eds/bin/gnu/h-i686-mingw32/bin/../lib/gcc/nios2-elf/4.1.2\libgcc.a(_fpcmp_parts_df.o)
 .comment       0x00000000       0x27 d:/program/altera/13.0sp1/nios2eds/bin/gnu/h-i686-mingw32/bin/../lib/gcc/nios2-elf/4.1.2\libgcc.a(_clz.o)
 .comment       0x00000000       0x27 d:/program/altera/13.0sp1/nios2eds/bin/gnu/h-i686-mingw32/bin/../lib/gcc/nios2-elf/4.1.2/../../../../nios2-elf/lib\libc.a(lib_a-fclose.o)
 .comment       0x00000000       0x27 d:/program/altera/13.0sp1/nios2eds/bin/gnu/h-i686-mingw32/bin/../lib/gcc/nios2-elf/4.1.2/../../../../nios2-elf/lib\libc.a(lib_a-fflush.o)
 .comment       0x00000000       0x27 d:/program/altera/13.0sp1/nios2eds/bin/gnu/h-i686-mingw32/bin/../lib/gcc/nios2-elf/4.1.2/../../../../nios2-elf/lib\libc.a(lib_a-findfp.o)
 .comment       0x00000000       0x27 d:/program/altera/13.0sp1/nios2eds/bin/gnu/h-i686-mingw32/bin/../lib/gcc/nios2-elf/4.1.2/../../../../nios2-elf/lib\libc.a(lib_a-fopen.o)
 .comment       0x00000000       0x27 d:/program/altera/13.0sp1/nios2eds/bin/gnu/h-i686-mingw32/bin/../lib/gcc/nios2-elf/4.1.2/../../../../nios2-elf/lib\libc.a(lib_a-fprintf.o)
 .comment       0x00000000       0x27 d:/program/altera/13.0sp1/nios2eds/bin/gnu/h-i686-mingw32/bin/../lib/gcc/nios2-elf/4.1.2/../../../../nios2-elf/lib\libc.a(lib_a-freer.o)
 .comment       0x00000000       0x27 d:/program/altera/13.0sp1/nios2eds/bin/gnu/h-i686-mingw32/bin/../lib/gcc/nios2-elf/4.1.2/../../../../nios2-elf/lib\libc.a(lib_a-fseek.o)
 .comment       0x00000000       0x27 d:/program/altera/13.0sp1/nios2eds/bin/gnu/h-i686-mingw32/bin/../lib/gcc/nios2-elf/4.1.2/../../../../nios2-elf/lib\libc.a(lib_a-fstatr.o)
 .comment       0x00000000       0x27 d:/program/altera/13.0sp1/nios2eds/bin/gnu/h-i686-mingw32/bin/../lib/gcc/nios2-elf/4.1.2/../../../../nios2-elf/lib\libc.a(lib_a-fwalk.o)
 .comment       0x00000000       0x27 d:/program/altera/13.0sp1/nios2eds/bin/gnu/h-i686-mingw32/bin/../lib/gcc/nios2-elf/4.1.2/../../../../nios2-elf/lib\libc.a(lib_a-impure.o)
 .comment       0x00000000       0x27 d:/program/altera/13.0sp1/nios2eds/bin/gnu/h-i686-mingw32/bin/../lib/gcc/nios2-elf/4.1.2/../../../../nios2-elf/lib\libc.a(lib_a-int_errno.o)
 .comment       0x00000000       0x27 d:/program/altera/13.0sp1/nios2eds/bin/gnu/h-i686-mingw32/bin/../lib/gcc/nios2-elf/4.1.2/../../../../nios2-elf/lib\libc.a(lib_a-makebuf.o)
 .comment       0x00000000       0x27 d:/program/altera/13.0sp1/nios2eds/bin/gnu/h-i686-mingw32/bin/../lib/gcc/nios2-elf/4.1.2/../../../../nios2-elf/lib\libc.a(lib_a-mallocr.o)
 .comment       0x00000000       0x27 d:/program/altera/13.0sp1/nios2eds/bin/gnu/h-i686-mingw32/bin/../lib/gcc/nios2-elf/4.1.2/../../../../nios2-elf/lib\libc.a(lib_a-memcpy.o)
 .comment       0x00000000       0x27 d:/program/altera/13.0sp1/nios2eds/bin/gnu/h-i686-mingw32/bin/../lib/gcc/nios2-elf/4.1.2/../../../../nios2-elf/lib\libc.a(lib_a-memset.o)
 .comment       0x00000000       0x27 d:/program/altera/13.0sp1/nios2eds/bin/gnu/h-i686-mingw32/bin/../lib/gcc/nios2-elf/4.1.2/../../../../nios2-elf/lib\libc.a(lib_a-openr.o)
 .comment       0x00000000       0x27 d:/program/altera/13.0sp1/nios2eds/bin/gnu/h-i686-mingw32/bin/../lib/gcc/nios2-elf/4.1.2/../../../../nios2-elf/lib\libc.a(lib_a-printf.o)
 .comment       0x00000000       0x27 d:/program/altera/13.0sp1/nios2eds/bin/gnu/h-i686-mingw32/bin/../lib/gcc/nios2-elf/4.1.2/../../../../nios2-elf/lib\libc.a(lib_a-puts.o)
 .comment       0x00000000       0x27 d:/program/altera/13.0sp1/nios2eds/bin/gnu/h-i686-mingw32/bin/../lib/gcc/nios2-elf/4.1.2/../../../../nios2-elf/lib\libc.a(lib_a-refill.o)
 .comment       0x00000000       0x27 d:/program/altera/13.0sp1/nios2eds/bin/gnu/h-i686-mingw32/bin/../lib/gcc/nios2-elf/4.1.2/../../../../nios2-elf/lib\libc.a(lib_a-sbrkr.o)
 .comment       0x00000000       0x27 d:/program/altera/13.0sp1/nios2eds/bin/gnu/h-i686-mingw32/bin/../lib/gcc/nios2-elf/4.1.2/../../../../nios2-elf/lib\libc.a(lib_a-sprintf.o)
 .comment       0x00000000       0x27 d:/program/altera/13.0sp1/nios2eds/bin/gnu/h-i686-mingw32/bin/../lib/gcc/nios2-elf/4.1.2/../../../../nios2-elf/lib\libc.a(lib_a-stdio.o)
 .comment       0x00000000       0x27 d:/program/altera/13.0sp1/nios2eds/bin/gnu/h-i686-mingw32/bin/../lib/gcc/nios2-elf/4.1.2/../../../../nios2-elf/lib\libc.a(lib_a-strlen.o)
 .comment       0x00000000       0x27 d:/program/altera/13.0sp1/nios2eds/bin/gnu/h-i686-mingw32/bin/../lib/gcc/nios2-elf/4.1.2/../../../../nios2-elf/lib\libc.a(lib_a-vfprintf.o)
 .comment       0x00000000       0x27 d:/program/altera/13.0sp1/nios2eds/bin/gnu/h-i686-mingw32/bin/../lib/gcc/nios2-elf/4.1.2/../../../../nios2-elf/lib\libc.a(lib_a-writer.o)
 .comment       0x00000000       0x27 d:/program/altera/13.0sp1/nios2eds/bin/gnu/h-i686-mingw32/bin/../lib/gcc/nios2-elf/4.1.2/../../../../nios2-elf/lib\libc.a(lib_a-wsetup.o)
 .comment       0x00000000       0x27 d:/program/altera/13.0sp1/nios2eds/bin/gnu/h-i686-mingw32/bin/../lib/gcc/nios2-elf/4.1.2/../../../../nios2-elf/lib\libc.a(lib_a-closer.o)
 .comment       0x00000000       0x27 d:/program/altera/13.0sp1/nios2eds/bin/gnu/h-i686-mingw32/bin/../lib/gcc/nios2-elf/4.1.2/../../../../nios2-elf/lib\libc.a(lib_a-dtoa.o)
 .comment       0x00000000       0x27 d:/program/altera/13.0sp1/nios2eds/bin/gnu/h-i686-mingw32/bin/../lib/gcc/nios2-elf/4.1.2/../../../../nios2-elf/lib\libc.a(lib_a-flags.o)
 .comment       0x00000000       0x27 d:/program/altera/13.0sp1/nios2eds/bin/gnu/h-i686-mingw32/bin/../lib/gcc/nios2-elf/4.1.2/../../../../nios2-elf/lib\libc.a(lib_a-fvwrite.o)
 .comment       0x00000000       0x27 d:/program/altera/13.0sp1/nios2eds/bin/gnu/h-i686-mingw32/bin/../lib/gcc/nios2-elf/4.1.2/../../../../nios2-elf/lib\libc.a(lib_a-isattyr.o)
 .comment       0x00000000       0x27 d:/program/altera/13.0sp1/nios2eds/bin/gnu/h-i686-mingw32/bin/../lib/gcc/nios2-elf/4.1.2/../../../../nios2-elf/lib\libc.a(lib_a-locale.o)
 .comment       0x00000000       0x27 d:/program/altera/13.0sp1/nios2eds/bin/gnu/h-i686-mingw32/bin/../lib/gcc/nios2-elf/4.1.2/../../../../nios2-elf/lib\libc.a(lib_a-lseekr.o)
 .comment       0x00000000       0x27 d:/program/altera/13.0sp1/nios2eds/bin/gnu/h-i686-mingw32/bin/../lib/gcc/nios2-elf/4.1.2/../../../../nios2-elf/lib\libc.a(lib_a-memchr.o)
 .comment       0x00000000       0x27 d:/program/altera/13.0sp1/nios2eds/bin/gnu/h-i686-mingw32/bin/../lib/gcc/nios2-elf/4.1.2/../../../../nios2-elf/lib\libc.a(lib_a-memmove.o)
 .comment       0x00000000       0x27 d:/program/altera/13.0sp1/nios2eds/bin/gnu/h-i686-mingw32/bin/../lib/gcc/nios2-elf/4.1.2/../../../../nios2-elf/lib\libc.a(lib_a-mprec.o)
 .comment       0x00000000       0x27 d:/program/altera/13.0sp1/nios2eds/bin/gnu/h-i686-mingw32/bin/../lib/gcc/nios2-elf/4.1.2/../../../../nios2-elf/lib\libc.a(lib_a-readr.o)
 .comment       0x00000000       0x27 d:/program/altera/13.0sp1/nios2eds/bin/gnu/h-i686-mingw32/bin/../lib/gcc/nios2-elf/4.1.2/../../../../nios2-elf/lib\libc.a(lib_a-reallocr.o)
 .comment       0x00000000       0x27 d:/program/altera/13.0sp1/nios2eds/bin/gnu/h-i686-mingw32/bin/../lib/gcc/nios2-elf/4.1.2/../../../../nios2-elf/lib\libc.a(lib_a-s_isinfd.o)
 .comment       0x00000000       0x27 d:/program/altera/13.0sp1/nios2eds/bin/gnu/h-i686-mingw32/bin/../lib/gcc/nios2-elf/4.1.2/../../../../nios2-elf/lib\libc.a(lib_a-s_isnand.o)
 .comment       0x00000000       0x27 d:/program/altera/13.0sp1/nios2eds/bin/gnu/h-i686-mingw32/bin/../lib/gcc/nios2-elf/4.1.2/../../../../nios2-elf/lib\libc.a(lib_a-strcmp.o)
 .comment       0x00000000       0x27 d:/program/altera/13.0sp1/nios2eds/bin/gnu/h-i686-mingw32/bin/../lib/gcc/nios2-elf/4.1.2/../../../../nios2-elf/lib\libc.a(lib_a-callocr.o)
 .comment       0x00000000       0x27 d:/program/altera/13.0sp1/nios2eds/bin/gnu/h-i686-mingw32/bin/../lib/gcc/nios2-elf/4.1.2\libgcc.a(_udivdi3.o)
 .comment       0x00000000       0x27 d:/program/altera/13.0sp1/nios2eds/bin/gnu/h-i686-mingw32/bin/../lib/gcc/nios2-elf/4.1.2\libgcc.a(_umoddi3.o)
 .comment       0x00000000       0x27 d:/program/altera/13.0sp1/nios2eds/bin/gnu/h-i686-mingw32/bin/../lib/gcc/nios2-elf/4.1.2\libgcc.a(_gt_df.o)
 .comment       0x00000000       0x27 d:/program/altera/13.0sp1/nios2eds/bin/gnu/h-i686-mingw32/bin/../lib/gcc/nios2-elf/4.1.2\libgcc.a(_lt_df.o)
 .comment       0x00000000       0x27 d:/program/altera/13.0sp1/nios2eds/bin/gnu/h-i686-mingw32/bin/../lib/gcc/nios2-elf/4.1.2\libgcc.a(_usi_to_df.o)
 .comment       0x00000000       0x27 d:/program/altera/13.0sp1/nios2eds/bin/gnu/h-i686-mingw32/bin/../lib/gcc/nios2-elf/4.1.2\libgcc.a(lib2-divmod.o)
 .comment       0x00000000       0x27 ../lcd_nios_5_bsp/\libhal_bsp.a(alt_close.o)
 .comment       0x00000000       0x27 ../lcd_nios_5_bsp/\libhal_bsp.a(alt_dev.o)
 .comment       0x00000000       0x27 ../lcd_nios_5_bsp/\libhal_bsp.a(alt_errno.o)
 .comment       0x00000000       0x27 ../lcd_nios_5_bsp/\libhal_bsp.a(alt_fstat.o)
 .comment       0x00000000       0x27 ../lcd_nios_5_bsp/\libhal_bsp.a(alt_isatty.o)
 .comment       0x00000000       0x27 ../lcd_nios_5_bsp/\libhal_bsp.a(alt_lseek.o)
 .comment       0x00000000       0x27 ../lcd_nios_5_bsp/\libhal_bsp.a(alt_main.o)
 .comment       0x00000000       0x27 ../lcd_nios_5_bsp/\libhal_bsp.a(alt_malloc_lock.o)
 .comment       0x00000000       0x27 ../lcd_nios_5_bsp/\libhal_bsp.a(alt_open.o)
 .comment       0x00000000       0x27 ../lcd_nios_5_bsp/\libhal_bsp.a(alt_read.o)
 .comment       0x00000000       0x27 ../lcd_nios_5_bsp/\libhal_bsp.a(alt_release_fd.o)
 .comment       0x00000000       0x27 ../lcd_nios_5_bsp/\libhal_bsp.a(alt_sbrk.o)
 .comment       0x00000000       0x27 ../lcd_nios_5_bsp/\libhal_bsp.a(alt_usleep.o)
 .comment       0x00000000       0x27 ../lcd_nios_5_bsp/\libhal_bsp.a(alt_write.o)
 .comment       0x00000000       0x27 ../lcd_nios_5_bsp/\libhal_bsp.a(alt_sys_init.o)
 .comment       0x00000000       0x27 ../lcd_nios_5_bsp/\libhal_bsp.a(altera_avalon_epcs_flash_controller.o)
 .comment       0x00000000       0x27 ../lcd_nios_5_bsp/\libhal_bsp.a(altera_avalon_jtag_uart_fd.o)
 .comment       0x00000000       0x27 ../lcd_nios_5_bsp/\libhal_bsp.a(altera_avalon_jtag_uart_init.o)
 .comment       0x00000000       0x27 ../lcd_nios_5_bsp/\libhal_bsp.a(altera_avalon_jtag_uart_ioctl.o)
 .comment       0x00000000       0x27 ../lcd_nios_5_bsp/\libhal_bsp.a(altera_avalon_jtag_uart_read.o)
 .comment       0x00000000       0x27 ../lcd_nios_5_bsp/\libhal_bsp.a(altera_avalon_jtag_uart_write.o)
 .comment       0x00000000       0x27 ../lcd_nios_5_bsp/\libhal_bsp.a(altera_avalon_spi.o)
 .comment       0x00000000       0x27 ../lcd_nios_5_bsp/\libhal_bsp.a(epcs_commands.o)
 .comment       0x00000000       0x27 ../lcd_nios_5_bsp/\libhal_bsp.a(alt_alarm_start.o)
 .comment       0x00000000       0x27 ../lcd_nios_5_bsp/\libhal_bsp.a(alt_busy_sleep.o)
 .comment       0x00000000       0x27 ../lcd_nios_5_bsp/\libhal_bsp.a(alt_dev_llist_insert.o)
 .comment       0x00000000       0x27 ../lcd_nios_5_bsp/\libhal_bsp.a(alt_do_ctors.o)
 .comment       0x00000000       0x27 ../lcd_nios_5_bsp/\libhal_bsp.a(alt_do_dtors.o)
 .comment       0x00000000       0x27 ../lcd_nios_5_bsp/\libhal_bsp.a(alt_find_dev.o)
 .comment       0x00000000       0x27 ../lcd_nios_5_bsp/\libhal_bsp.a(alt_find_file.o)
 .comment       0x00000000       0x27 ../lcd_nios_5_bsp/\libhal_bsp.a(alt_flash_dev.o)
 .comment       0x00000000       0x27 ../lcd_nios_5_bsp/\libhal_bsp.a(alt_get_fd.o)
 .comment       0x00000000       0x27 ../lcd_nios_5_bsp/\libhal_bsp.a(alt_iic.o)
 .comment       0x00000000       0x27 ../lcd_nios_5_bsp/\libhal_bsp.a(alt_iic_isr_register.o)
 .comment       0x00000000       0x27 ../lcd_nios_5_bsp/\libhal_bsp.a(alt_io_redirect.o)
 .comment       0x00000000       0x27 ../lcd_nios_5_bsp/\libhal_bsp.a(alt_irq_handler.o)
 .comment       0x00000000       0x27 ../lcd_nios_5_bsp/\libhal_bsp.a(alt_irq_vars.o)
 .comment       0x00000000       0x27 ../lcd_nios_5_bsp/\libhal_bsp.a(alt_tick.o)
 .comment       0x00000000       0x27 ../lcd_nios_5_bsp/\libhal_bsp.a(altera_nios2_qsys_irq.o)
 .comment       0x00000000       0x27 d:/program/altera/13.0sp1/nios2eds/bin/gnu/h-i686-mingw32/bin/../lib/gcc/nios2-elf/4.1.2/../../../../nios2-elf/lib\libc.a(lib_a-atexit.o)
 .comment       0x00000000       0x27 d:/program/altera/13.0sp1/nios2eds/bin/gnu/h-i686-mingw32/bin/../lib/gcc/nios2-elf/4.1.2/../../../../nios2-elf/lib\libc.a(lib_a-exit.o)
 .comment       0x00000000       0x27 d:/program/altera/13.0sp1/nios2eds/bin/gnu/h-i686-mingw32/bin/../lib/gcc/nios2-elf/4.1.2/../../../../nios2-elf/lib\libc.a(lib_a-memcmp.o)
 .comment       0x00000000       0x27 d:/program/altera/13.0sp1/nios2eds/bin/gnu/h-i686-mingw32/bin/../lib/gcc/nios2-elf/4.1.2/../../../../nios2-elf/lib\libc.a(lib_a-__atexit.o)
 .comment       0x00000000       0x27 d:/program/altera/13.0sp1/nios2eds/bin/gnu/h-i686-mingw32/bin/../lib/gcc/nios2-elf/4.1.2/../../../../nios2-elf/lib\libc.a(lib_a-__call_atexit.o)
 .comment       0x00000000       0x27 ../lcd_nios_5_bsp/\libhal_bsp.a(alt_exit.o)

.debug
 *(.debug)

.line
 *(.line)

.debug_srcinfo
 *(.debug_srcinfo)

.debug_sfnames
 *(.debug_sfnames)

.debug_aranges  0x00000000      0xe10
 *(.debug_aranges)
 .debug_aranges
                0x00000000       0x20 ../lcd_nios_5_bsp//obj/HAL/src/crt0.o
 .debug_aranges
                0x00000020       0x20 obj/default/AsciiLib.o
 .debug_aranges
                0x00000040       0x20 obj/default/LCD32.o
 .debug_aranges
                0x00000060       0x20 obj/default/game.o
 .debug_aranges
                0x00000080       0x20 obj/default/main.o
 .debug_aranges
                0x000000a0       0x20 obj/default/touch.o
 .debug_aranges
                0x000000c0       0x20 d:/program/altera/13.0sp1/nios2eds/bin/gnu/h-i686-mingw32/bin/../lib/gcc/nios2-elf/4.1.2\libgcc.a(_fixunsdfsi.o)
 .debug_aranges
                0x000000e0       0x20 d:/program/altera/13.0sp1/nios2eds/bin/gnu/h-i686-mingw32/bin/../lib/gcc/nios2-elf/4.1.2\libgcc.a(_addsub_df.o)
 .debug_aranges
                0x00000100       0x20 d:/program/altera/13.0sp1/nios2eds/bin/gnu/h-i686-mingw32/bin/../lib/gcc/nios2-elf/4.1.2\libgcc.a(_mul_df.o)
 .debug_aranges
                0x00000120       0x20 d:/program/altera/13.0sp1/nios2eds/bin/gnu/h-i686-mingw32/bin/../lib/gcc/nios2-elf/4.1.2\libgcc.a(_div_df.o)
 .debug_aranges
                0x00000140       0x20 d:/program/altera/13.0sp1/nios2eds/bin/gnu/h-i686-mingw32/bin/../lib/gcc/nios2-elf/4.1.2\libgcc.a(_eq_df.o)
 .debug_aranges
                0x00000160       0x20 d:/program/altera/13.0sp1/nios2eds/bin/gnu/h-i686-mingw32/bin/../lib/gcc/nios2-elf/4.1.2\libgcc.a(_ne_df.o)
 .debug_aranges
                0x00000180       0x20 d:/program/altera/13.0sp1/nios2eds/bin/gnu/h-i686-mingw32/bin/../lib/gcc/nios2-elf/4.1.2\libgcc.a(_ge_df.o)
 .debug_aranges
                0x000001a0       0x20 d:/program/altera/13.0sp1/nios2eds/bin/gnu/h-i686-mingw32/bin/../lib/gcc/nios2-elf/4.1.2\libgcc.a(_si_to_df.o)
 .debug_aranges
                0x000001c0       0x20 d:/program/altera/13.0sp1/nios2eds/bin/gnu/h-i686-mingw32/bin/../lib/gcc/nios2-elf/4.1.2\libgcc.a(_df_to_si.o)
 .debug_aranges
                0x000001e0       0x20 d:/program/altera/13.0sp1/nios2eds/bin/gnu/h-i686-mingw32/bin/../lib/gcc/nios2-elf/4.1.2\libgcc.a(_muldi3.o)
 .debug_aranges
                0x00000200       0x20 d:/program/altera/13.0sp1/nios2eds/bin/gnu/h-i686-mingw32/bin/../lib/gcc/nios2-elf/4.1.2\libgcc.a(_clzsi2.o)
 .debug_aranges
                0x00000220       0x20 d:/program/altera/13.0sp1/nios2eds/bin/gnu/h-i686-mingw32/bin/../lib/gcc/nios2-elf/4.1.2\libgcc.a(_pack_df.o)
 .debug_aranges
                0x00000240       0x20 d:/program/altera/13.0sp1/nios2eds/bin/gnu/h-i686-mingw32/bin/../lib/gcc/nios2-elf/4.1.2\libgcc.a(_unpack_df.o)
 .debug_aranges
                0x00000260       0x20 d:/program/altera/13.0sp1/nios2eds/bin/gnu/h-i686-mingw32/bin/../lib/gcc/nios2-elf/4.1.2\libgcc.a(_fpcmp_parts_df.o)
 .debug_aranges
                0x00000280       0x20 d:/program/altera/13.0sp1/nios2eds/bin/gnu/h-i686-mingw32/bin/../lib/gcc/nios2-elf/4.1.2/../../../../nios2-elf/lib\libc.a(lib_a-fclose.o)
 .debug_aranges