Archive member included because of file (symbol)

d:/program/altera/13.0sp1/nios2eds/bin/gnu/h-i686-mingw32/bin/../lib/gcc/nios2-elf/4.1.2\libgcc.a(_fixunsdfsi.o)
                              obj/default/touch.o (__fixunsdfsi)
d:/program/altera/13.0sp1/nios2eds/bin/gnu/h-i686-mingw32/bin/../lib/gcc/nios2-elf/4.1.2\libgcc.a(_addsub_df.o)
                              d:/program/altera/13.0sp1/nios2eds/bin/gnu/h-i686-mingw32/bin/../lib/gcc/nios2-elf/4.1.2\libgcc.a(_fixunsdfsi.o) (__subdf3)
d:/program/altera/13.0sp1/nios2eds/bin/gnu/h-i686-mingw32/bin/../lib/gcc/nios2-elf/4.1.2\libgcc.a(_mul_df.o)
                              obj/default/touch.o (__muldf3)
d:/program/altera/13.0sp1/nios2eds/bin/gnu/h-i686-mingw32/bin/../lib/gcc/nios2-elf/4.1.2\libgcc.a(_div_df.o)
                              obj/default/touch.o (__divdf3)
d:/program/altera/13.0sp1/nios2eds/bin/gnu/h-i686-mingw32/bin/../lib/gcc/nios2-elf/4.1.2\libgcc.a(_eq_df.o)
                              obj/default/touch.o (__eqdf2)
d:/program/altera/13.0sp1/nios2eds/bin/gnu/h-i686-mingw32/bin/../lib/gcc/nios2-elf/4.1.2\libgcc.a(_ne_df.o)
                              obj/default/touch.o (__nedf2)
d:/program/altera/13.0sp1/nios2eds/bin/gnu/h-i686-mingw32/bin/../lib/gcc/nios2-elf/4.1.2\libgcc.a(_ge_df.o)
                              d:/program/altera/13.0sp1/nios2eds/bin/gnu/h-i686-mingw32/bin/../lib/gcc/nios2-elf/4.1.2\libgcc.a(_fixunsdfsi.o) (__gedf2)
d:/program/altera/13.0sp1/nios2eds/bin/gnu/h-i686-mingw32/bin/../lib/gcc/nios2-elf/4.1.2\libgcc.a(_si_to_df.o)
                              obj/default/touch.o (__floatsidf)
d:/program/altera/13.0sp1/nios2eds/bin/gnu/h-i686-mingw32/bin/../lib/gcc/nios2-elf/4.1.2\libgcc.a(_df_to_si.o)
                              d:/program/altera/13.0sp1/nios2eds/bin/gnu/h-i686-mingw32/bin/../lib/gcc/nios2-elf/4.1.2\libgcc.a(_fixunsdfsi.o) (__fixdfsi)
d:/program/altera/13.0sp1/nios2eds/bin/gnu/h-i686-mingw32/bin/../lib/gcc/nios2-elf/4.1.2\libgcc.a(_thenan_df.o)
                              d:/program/altera/13.0sp1/nios2eds/bin/gnu/h-i686-mingw32/bin/../lib/gcc/nios2-elf/4.1.2\libgcc.a(_addsub_df.o) (__thenan_df)
d:/program/altera/13.0sp1/nios2eds/bin/gnu/h-i686-mingw32/bin/../lib/gcc/nios2-elf/4.1.2\libgcc.a(_muldi3.o)
                              d:/program/altera/13.0sp1/nios2eds/bin/gnu/h-i686-mingw32/bin/../lib/gcc/nios2-elf/4.1.2\libgcc.a(_mul_df.o) (__muldi3)
d:/program/altera/13.0sp1/nios2eds/bin/gnu/h-i686-mingw32/bin/../lib/gcc/nios2-elf/4.1.2\libgcc.a(_clzsi2.o)
                              d:/program/altera/13.0sp1/nios2eds/bin/gnu/h-i686-mingw32/bin/../lib/gcc/nios2-elf/4.1.2\libgcc.a(_si_to_df.o) (__clzsi2)
d:/program/altera/13.0sp1/nios2eds/bin/gnu/h-i686-mingw32/bin/../lib/gcc/nios2-elf/4.1.2\libgcc.a(_pack_df.o)
                              d:/program/altera/13.0sp1/nios2eds/bin/gnu/h-i686-mingw32/bin/../lib/gcc/nios2-elf/4.1.2\libgcc.a(_addsub_df.o) (__pack_d)
d:/program/altera/13.0sp1/nios2eds/bin/gnu/h-i686-mingw32/bin/../lib/gcc/nios2-elf/4.1.2\libgcc.a(_unpack_df.o)
                              d:/program/altera/13.0sp1/nios2eds/bin/gnu/h-i686-mingw32/bin/../lib/gcc/nios2-elf/4.1.2\libgcc.a(_addsub_df.o) (__unpack_d)
d:/program/altera/13.0sp1/nios2eds/bin/gnu/h-i686-mingw32/bin/../lib/gcc/nios2-elf/4.1.2\libgcc.a(_fpcmp_parts_df.o)
                              d:/program/altera/13.0sp1/nios2eds/bin/gnu/h-i686-mingw32/bin/../lib/gcc/nios2-elf/4.1.2\libgcc.a(_eq_df.o) (__fpcmp_parts_d)
d:/program/altera/13.0sp1/nios2eds/bin/gnu/h-i686-mingw32/bin/../lib/gcc/nios2-elf/4.1.2\libgcc.a(_clz.o)
                              d:/program/altera/13.0sp1/nios2eds/bin/gnu/h-i686-mingw32/bin/../lib/gcc/nios2-elf/4.1.2\libgcc.a(_clzsi2.o) (__clz_tab)
d:/program/altera/13.0sp1/nios2eds/bin/gnu/h-i686-mingw32/bin/../lib/gcc/nios2-elf/4.1.2/../../../../nios2-elf/lib\libc.a(lib_a-exit.o)
                              obj/default/game.o (exit)
d:/program/altera/13.0sp1/nios2eds/bin/gnu/h-i686-mingw32/bin/../lib/gcc/nios2-elf/4.1.2/../../../../nios2-elf/lib\libc.a(lib_a-fclose.o)
                              obj/default/game.o (fclose)
d:/program/altera/13.0sp1/nios2eds/bin/gnu/h-i686-mingw32/bin/../lib/gcc/nios2-elf/4.1.2/../../../../nios2-elf/lib\libc.a(lib_a-fflush.o)
                              d:/program/altera/13.0sp1/nios2eds/bin/gnu/h-i686-mingw32/bin/../lib/gcc/nios2-elf/4.1.2/../../../../nios2-elf/lib\libc.a(lib_a-fclose.o) (_fflush_r)
d:/program/altera/13.0sp1/nios2eds/bin/gnu/h-i686-mingw32/bin/../lib/gcc/nios2-elf/4.1.2/../../../../nios2-elf/lib\libc.a(lib_a-fgets.o)
                              obj/default/game.o (fgets)
d:/program/altera/13.0sp1/nios2eds/bin/gnu/h-i686-mingw32/bin/../lib/gcc/nios2-elf/4.1.2/../../../../nios2-elf/lib\libc.a(lib_a-findfp.o)
                              d:/program/altera/13.0sp1/nios2eds/bin/gnu/h-i686-mingw32/bin/../lib/gcc/nios2-elf/4.1.2/../../../../nios2-elf/lib\libc.a(lib_a-fclose.o) (__sfp_lock_acquire)
[...]
Memory Configuration

Name             Origin             Length             Attributes
reset            0x00000000         0x00000020
epcs             0x00000020         0x000007e0
sdram_BEFORE_EXCEPTION 0x04000000         0x00000020
sdram            0x04000020         0x01ffffe0
*default*        0x00000000         0xffffffff

Linker script and memory map

LOAD ../nios_hostFS_2_bsp//obj/HAL/src/crt0.o
LOAD obj/default/AsciiLib.o
LOAD obj/default/LCD32.o
LOAD obj/default/game.o
LOAD obj/default/main.o
LOAD obj/default/touch.o
LOAD d:/program/altera/13.0sp1/nios2eds/bin/gnu/h-i686-mingw32/bin/../lib/gcc/nios2-elf/4.1.2/../../../../nios2-elf/lib\libstdc++.a
LOAD d:/program/altera/13.0sp1/nios2eds/bin/gnu/h-i686-mingw32/bin/../lib/gcc/nios2-elf/4.1.2/../../../../nios2-elf/lib\libm.a
LOAD d:/program/altera/13.0sp1/nios2eds/bin/gnu/h-i686-mingw32/bin/../lib/gcc/nios2-elf/4.1.2\libgcc.a
START GROUP
LOAD d:/program/altera/13.0sp1/nios2eds/bin/gnu/h-i686-mingw32/bin/../lib/gcc/nios2-elf/4.1.2/../../../../nios2-elf/lib\libc.a
LOAD d:/program/altera/13.0sp1/nios2eds/bin/gnu/h-i686-mingw32/bin/../lib/gcc/nios2-elf/4.1.2\libgcc.a
LOAD ../nios_hostFS_2_bsp/\libhal_bsp.a
END GROUP
LOAD d:/program/altera/13.0sp1/nios2eds/bin/gnu/h-i686-mingw32/bin/../lib/gcc/nios2-elf/4.1.2\libgcc.a
                0x00000000                __alt_mem_epcs = 0x0
                0x04000000                __alt_mem_sdram = 0x4000000

.entry          0x00000000        0x0
 *(.entry)
 .entry         0x00000000        0x0 ../nios_hostFS_2_bsp//obj/HAL/src/crt0.o
                0x00000000                __reset

.exceptions     0x04000020      0x194
                0x04000020                PROVIDE (__ram_exceptions_start, ABSOLUTE (.))
                0x04000020                . = ALIGN (0x20)
 *(.irq)
 *(.exceptions.entry.label)
 .exceptions.entry.label
                0x04000020        0x0 ../nios_hostFS_2_bsp/\libhal_bsp.a(alt_irq_entry.o)
                0x04000020                alt_irq_entry
 .exceptions.entry.label
                0x04000020        0x0 ../nios_hostFS_2_bsp/\libhal_bsp.a(alt_exception_entry.o)
                0x04000020                alt_exception
 *(.exceptions.entry.user)
 *(.exceptions.entry)
 .exceptions.entry
                0x04000020       0x54 ../nios_hostFS_2_bsp/\libhal_bsp.a(alt_exception_entry.o)
 *(.exceptions.irqtest.user)
 *(.exceptions.irqtest)
 .exceptions.irqtest
                0x04000074       0x10 ../nios_hostFS_2_bsp/\libhal_bsp.a(alt_irq_entry.o)
 *(.exceptions.irqhandler.user)
 *(.exceptions.irqhandler)
 .exceptions.irqhandler
                0x04000084        0x4 ../nios_hostFS_2_bsp/\libhal_bsp.a(alt_irq_entry.o)
 *(.exceptions.irqreturn.user)
 *(.exceptions.irqreturn)
 .exceptions.irqreturn
                0x04000088        0x4 ../nios_hostFS_2_bsp/\libhal_bsp.a(alt_irq_entry.o)
 *(.exceptions.notirq.label)
 .exceptions.notirq.label
                0x0400008c        0x0 ../nios_hostFS_2_bsp/\libhal_bsp.a(alt_irq_entry.o)
 *(.exceptions.notirq.user)
 *(.exceptions.notirq)
 .exceptions.notirq
                0x0400008c        0x8 ../nios_hostFS_2_bsp/\libhal_bsp.a(alt_exception_entry.o)
 *(.exceptions.soft.user)
 *(.exceptions.soft)
 *(.exceptions.unknown.user)
 *(.exceptions.unknown)
 .exceptions.unknown
                0x04000094        0x4 ../nios_hostFS_2_bsp/\libhal_bsp.a(alt_exception_entry.o)
 *(.exceptions.exit.label)
 .exceptions.exit.label
                0x04000098        0x0 ../nios_hostFS_2_bsp/\libhal_bsp.a(alt_irq_entry.o)
 .exceptions.exit.label
                0x04000098        0x0 ../nios_hostFS_2_bsp/\libhal_bsp.a(alt_exception_entry.o)
 *(.exceptions.exit.user)
 *(.exceptions.exit)
 .exceptions.exit
                0x04000098       0x54 ../nios_hostFS_2_bsp/\libhal_bsp.a(alt_exception_entry.o)
 *(.exceptions)
 .exceptions    0x040000ec       0xc8 ../nios_hostFS_2_bsp/\libhal_bsp.a(alt_irq_handler.o)
                0x040000ec                alt_irq_handler
                0x040001b4                PROVIDE (__ram_exceptions_end, ABSOLUTE (.))
                0x04000020                PROVIDE (__flash_exceptions_start, LOADADDR (.exceptions))

.text           0x040001b4    0x110ec
                0x040001b4                PROVIDE (stext, ABSOLUTE (.))
 *(.interp)
 *(.hash)
 *(.dynsym)
 *(.dynstr)
 *(.gnu.version)
 *(.gnu.version_d)
 *(.gnu.version_r)
 *(.rel.init)
 *(.rela.init)
 *(.rel.text .rel.text.* .rel.gnu.linkonce.t.*)
 *(.rela.text .rela.text.* .rela.gnu.linkonce.t.*)
 *(.rel.fini)
 *(.rela.fini)
 *(.rel.rodata .rel.rodata.* .rel.gnu.linkonce.r.*)
 *(.rela.rodata .rela.rodata.* .rela.gnu.linkonce.r.*)
 *(.rel.data .rel.data.* .rel.gnu.linkonce.d.*)
 *(.rela.data .rela.data.* .rela.gnu.linkonce.d.*)
 *(.rel.tdata .rel.tdata.* .rel.gnu.linkonce.td.*)
 *(.rela.tdata .rela.tdata.* .rela.gnu.linkonce.td.*)
 *(.rel.tbss .rel.tbss.* .rel.gnu.linkonce.tb.*)
 *(.rela.tbss .rela.tbss.* .rela.gnu.linkonce.tb.*)
 *(.rel.ctors)
 *(.rela.ctors)
 *(.rel.dtors)
 *(.rela.dtors)
 *(.rel.got)
 *(.rela.got)
 *(.rel.sdata .rel.sdata.* .rel.gnu.linkonce.s.*)
 *(.rela.sdata .rela.sdata.* .rela.gnu.linkonce.s.*)
 *(.rel.sbss .rel.sbss.* .rel.gnu.linkonce.sb.*)
 *(.rela.sbss .rela.sbss.* .rela.gnu.linkonce.sb.*)
 *(.rel.sdata2 .rel.sdata2.* .rel.gnu.linkonce.s2.*)
 *(.rela.sdata2 .rela.sdata2.* .rela.gnu.linkonce.s2.*)
 *(.rel.sbss2 .rel.sbss2.* .rel.gnu.linkonce.sb2.*)
 *(.rela.sbss2 .rela.sbss2.* .rela.gnu.linkonce.sb2.*)
 *(.rel.bss .rel.bss.* .rel.gnu.linkonce.b.*)
 *(.rela.bss .rela.bss.* .rela.gnu.linkonce.b.*)
 *(.rel.plt)
 *(.rela.plt)
 *(.rel.dyn)
 *(.init)
 *(.plt)
 *(.text .stub .text.* .gnu.linkonce.t.*)
 .text          0x040001b4       0x38 ../nios_hostFS_2_bsp//obj/HAL/src/crt0.o
                0x040001b4                _start
 .text          0x040001ec       0x60 obj/default/AsciiLib.o
                0x040001ec                GetASCIICode
 .text          0x0400024c     0x124c obj/default/LCD32.o
                0x0400024c                LCD_WriteIndex
                0x040002ac                LCD_WriteData
                0x04000304                LCD_ReadData
                0x0400037c                LCD_WriteReg
                0x040003cc                LCD_ReadReg
                0x0400041c                LCD_SetCursor
                0x04000548                LCD_Initializtion
                0x04000bcc                LCD_Clear
                0x04000cd0                LCD_show_test
                0x04000df8                LCD_BGR2RGB
                0x04000e70                LCD_GetPoint
                0x04000fe4                LCD_SetPoint
                0x04001048                LCD_DrawLine
                0x040012bc                PutChar
                0x040013d0                GUI_Text
 .text          0x04001498      0x3d0 obj/default/game.o
                0x04001498                write_txt
                0x0400158c                saveCoordinatesToCSV
                0x0400167c                DrawOnLCDAndStore
                0x04001770                DisplayNumber
                0x040017cc                DisplayStoredImage
 .text          0x04001868       0x2c obj/default/main.o
                0x04001868                main
 .text          0x04001894     0x1410 obj/default/touch.o
                0x04001894                TP_Init
                0x040018c4                DelayUS
                0x040018f4                WR_CMD
                0x04001940                RD_AD
                0x04001a04                Read_X
                0x04001a60                Read_Y
                0x04001abc                TP_GetAdXY
                0x04001b18                TP_DrawPoint
                0x04001bb4                DrawCross
                0x04001e90                Read_Ads7846
                0x04002254                setCalibrationMatrix
                0x04002878                getDisplayPoint
                0x04002b60                TouchPanel_Calibrate
 .text          0x04002ca4       0xa4 d:/program/altera/13.0sp1/nios2eds/bin/gnu/h-i686-mingw32/bin/../lib/gcc/nios2-elf/4.1.2\libgcc.a(_fixunsdfsi.o)
                0x04002ca4                __fixunsdfsi
 .text          0x04002d48      0x504 d:/program/altera/13.0sp1/nios2eds/bin/gnu/h-i686-mingw32/bin/../lib/gcc/nios2-elf/4.1.2\libgcc.a(_addsub_df.o)
                0x04003158                __subdf3
                0x040031d8                __adddf3
 .text          0x0400324c      0x3c4 d:/program/altera/13.0sp1/nios2eds/bin/gnu/h-i686-mingw32/bin/../lib/gcc/nios2-elf/4.1.2\libgcc.a(_mul_df.o)
                0x0400324c                __muldf3
 .text          0x04003610      0x258 d:/program/altera/13.0sp1/nios2eds/bin/gnu/h-i686-mingw32/bin/../lib/gcc/nios2-elf/4.1.2\libgcc.a(_div_df.o)
                0x04003610                __divdf3
 .text          0x04003868       0x88 d:/program/altera/13.0sp1/nios2eds/bin/gnu/h-i686-mingw32/bin/../lib/gcc/nios2-elf/4.1.2\libgcc.a(_eq_df.o)
                0x04003868                __eqdf2
 .text          0x040038f0       0x88 d:/program/altera/13.0sp1/nios2eds/bin/gnu/h-i686-mingw32/bin/../lib/gcc/nios2-elf/4.1.2\libgcc.a(_ne_df.o)
                0x040038f0                __nedf2
 .text          0x04003978       0x88 d:/program/altera/13.0sp1/nios2eds/bin/gnu/h-i686-mingw32/bin/../lib/gcc/nios2-elf/4.1.2\libgcc.a(_ge_df.o)
                0x04003978                __gedf2
 .text          0x04003a00       0xf8 d:/program/altera/13.0sp1/nios2eds/bin/gnu/h-i686-mingw32/bin/../lib/gcc/nios2-elf/4.1.2\libgcc.a(_si_to_df.o)
                0x04003a00                __floatsidf
 .text          0x04003af8       0xd8 d:/program/altera/13.0sp1/nios2eds/bin/gnu/h-i686-mingw32/bin/../lib/gcc/nios2-elf/4.1.2\libgcc.a(_df_to_si.o)
                0x04003af8                __fixdfsi
 .text          0x04003bd0        0x0 d:/program/altera/13.0sp1/nios2eds/bin/gnu/h-i686-mingw32/bin/../lib/gcc/nios2-elf/4.1.2\libgcc.a(_thenan_df.o)
 .text          0x04003bd0       0x98 d:/program/altera/13.0sp1/nios2eds/bin/gnu/h-i686-mingw32/bin/../lib/gcc/nios2-elf/4.1.2\libgcc.a(_muldi3.o)
                0x04003bd0                __muldi3
 .text          0x04003c68       0x80 d:/program/altera/13.0sp1/nios2eds/bin/gnu/h-i686-mingw32/bin/../lib/gcc/nios2-elf/4.1.2\libgcc.a(_clzsi2.o)
                0x04003c68                __clzsi2
 .text          0x04003ce8      0x314 d:/program/altera/13.0sp1/nios2eds/bin/gnu/h-i686-mingw32/bin/../lib/gcc/nios2-elf/4.1.2\libgcc.a(_pack_df.o)
                0x04003ce8                __pack_d
 .text          0x04003ffc      0x138 d:/program/altera/13.0sp1/nios2eds/bin/gnu/h-i686-mingw32/bin/../lib/gcc/nios2-elf/4.1.2\libgcc.a(_unpack_df.o)
                0x04003ffc                __unpack_d
 .text          0x04004134       0xc8 d:/program/altera/13.0sp1/nios2eds/bin/gnu/h-i686-mingw32/bin/../lib/gcc/nios2-elf/4.1.2\libgcc.a(_fpcmp_parts_df.o)
                0x04004134                __fpcmp_parts_d
 .text          0x040041fc        0x0 d:/program/altera/13.0sp1/nios2eds/bin/gnu/h-i686-mingw32/bin/../lib/gcc/nios2-elf/4.1.2\libgcc.a(_clz.o)
 .text          0x040041fc       0x38 d:/program/altera/13.0sp1/nios2eds/bin/gnu/h-i686-mingw32/bin/../lib/gcc/nios2-elf/4.1.2/../../../../nios2-elf/lib\libc.a(lib_a-exit.o)
                0x040041fc                exit
 .text          0x04004234      0x124 d:/program/altera/13.0sp1/nios2eds/bin/gnu/h-i686-mingw32/bin/../lib/gcc/nios2-elf/4.1.2/../../../../nios2-elf/lib\libc.a(lib_a-fclose.o)
                0x04004234                _fclose_r
                0x04004344                fclose
 .text          0x04004358      0x230 d:/program/altera/13.0sp1/nios2eds/bin/gnu/h-i686-mingw32/bin/../lib/gcc/nios2-elf/4.1.2/../../../../nios2-elf/lib\libc.a(lib_a-fflush.o)
                0x04004358                _fflush_r
                0x04004554                fflush
 .text          0x04004588      0x16c d:/program/altera/13.0sp1/nios2eds/bin/gnu/h-i686-mingw32/bin/../lib/gcc/nios2-elf/4.1.2/../../../../nios2-elf/lib\libc.a(lib_a-fgets.o)
                0x04004588                _fgets_r
                0x040046d0                fgets
 .text          0x040046f4      0x2c0 d:/program/altera/13.0sp1/nios2eds/bin/gnu/h-i686-mingw32/bin/../lib/gcc/nios2-elf/4.1.2/../../../../nios2-elf/lib\libc.a(lib_a-findfp.o)
                0x0400474c                __sfp_lock_acquire
                0x04004750                __sfp_lock_release
                0x04004754                __sinit_lock_acquire
                0x04004758                __sinit_lock_release
                0x0400475c                __sinit
                0x04004810                __fp_unlock_all
                0x04004828                __fp_lock_all
                0x04004840                _cleanup_r
                0x0400484c                _cleanup
                0x0400485c                __sfmoreglue
                0x040048c4                __sfp
 .text          0x040049b4      0x110 d:/program/altera/13.0sp1/nios2eds/bin/gnu/h-i686-mingw32/bin/../lib/gcc/nios2-elf/4.1.2/../../../../nios2-elf/lib\libc.a(lib_a-fopen.o)
                0x040049b4                _fopen_r
                0x04004aa8                fopen
 .text          0x04004ac4       0x60 d:/program/altera/13.0sp1/nios2eds/bin/gnu/h-i686-mingw32/bin/../lib/gcc/nios2-elf/4.1.2/../../../../nios2-elf/lib\libc.a(lib_a-fprintf.o)
                0x04004ac4                fprintf
                0x04004af0                _fprintf_r
 .text          0x04004b24      0x440 d:/program/altera/13.0sp1/nios2eds/bin/gnu/h-i686-mingw32/bin/../lib/gcc/nios2-elf/4.1.2/../../../../nios2-elf/lib\libc.a(lib_a-freer.o)
                0x04004b24                _malloc_trim_r
                0x04004c50                _free_r
 .text          0x04004f64      0x460 d:/program/altera/13.0sp1/nios2eds/bin/gnu/h-i686-mingw32/bin/../lib/gcc/nios2-elf/4.1.2/../../../../nios2-elf/lib\libc.a(lib_a-fseek.o)
                0x04004f64                _fseek_r
                0x040053a0                fseek
 .text          0x040053c4       0x74 d:/program/altera/13.0sp1/nios2eds/bin/gnu/h-i686-mingw32/bin/../lib/gcc/nios2-elf/4.1.2/../../../../nios2-elf/lib\libc.a(lib_a-fstatr.o)
                0x040053c4                _fstat_r
 .text          0x04005438      0x180 d:/program/altera/13.0sp1/nios2eds/bin/gnu/h-i686-mingw32/bin/../lib/gcc/nios2-elf/4.1.2/../../../../nios2-elf/lib\libc.a(lib_a-fwalk.o)
                0x04005438                _fwalk_reent
                0x04005500                _fwalk
 .text          0x040055b8        0x0 d:/program/altera/13.0sp1/nios2eds/bin/gnu/h-i686-mingw32/bin/../lib/gcc/nios2-elf/4.1.2/../../../../nios2-elf/lib\libc.a(lib_a-impure.o)
 .text          0x040055b8        0x0 d:/program/altera/13.0sp1/nios2eds/bin/gnu/h-i686-mingw32/bin/../lib/gcc/nios2-elf/4.1.2/../../../../nios2-elf/lib\libc.a(lib_a-int_errno.o)
 .text          0x040055b8      0x194 d:/program/altera/13.0sp1/nios2eds/bin/gnu/h-i686-mingw32/bin/../lib/gcc/nios2-elf/4.1.2/../../../../nios2-elf/lib\libc.a(lib_a-makebuf.o)
                0x040055b8                __smakebuf_r
 .text          0x0400574c      0x740 d:/program/altera/13.0sp1/nios2eds/bin/gnu/h-i686-mingw32/bin/../lib/gcc/nios2-elf/4.1.2/../../../../nios2-elf/lib\libc.a(lib_a-mallocr.o)
                0x0400574c                _malloc_r
 .text          0x04005e8c       0xe4 d:/program/altera/13.0sp1/nios2eds/bin/gnu/h-i686-mingw32/bin/../lib/gcc/nios2-elf/4.1.2/../../../../nios2-elf/lib\libc.a(lib_a-memchr.o)
                0x04005e8c                memchr
 .text          0x04005f70       0xa0 d:/program/altera/13.0sp1/nios2eds/bin/gnu/h-i686-mingw32/bin/../lib/gcc/nios2-elf/4.1.2/../../../../nios2-elf/lib\libc.a(lib_a-memcpy.o)
                0x04005f70                memcpy
 .text          0x04006010       0x98 d:/program/altera/13.0sp1/nios2eds/bin/gnu/h-i686-mingw32/bin/../lib/gcc/nios2-elf/4.1.2/../../../../nios2-elf/lib\libc.a(lib_a-memset.o)
                0x04006010                memset
 .text          0x040060a8       0x78 d:/program/altera/13.0sp1/nios2eds/bin/gnu/h-i686-mingw32/bin/../lib/gcc/nios2-elf/4.1.2/../../../../nios2-elf/lib\libc.a(lib_a-openr.o)
                0x040060a8                _open_r
 .text          0x04006120       0x78 d:/program/altera/13.0sp1/nios2eds/bin/gnu/h-i686-mingw32/bin/../lib/gcc/nios2-elf/4.1.2/../../../../nios2-elf/lib\libc.a(lib_a-printf.o)
                0x04006120                printf
                0x04006164                _printf_r
 .text          0x04006198       0xb4 d:/program/altera/13.0sp1/nios2eds/bin/gnu/h-i686-mingw32/bin/../lib/gcc/nios2-elf/4.1.2/../../../../nios2-elf/lib\libc.a(lib_a-puts.o)
                0x04006198                _puts_r
                0x04006238                puts
 .text          0x0400624c      0x1e0 d:/program/altera/13.0sp1/nios2eds/bin/gnu/h-i686-mingw32/bin/../lib/gcc/nios2-elf/4.1.2/../../../../nios2-elf/lib\libc.a(lib_a-refill.o)
                0x0400624c                __srefill_r
 .text          0x0400642c       0x70 d:/program/altera/13.0sp1/nios2eds/bin/gnu/h-i686-mingw32/bin/../lib/gcc/nios2-elf/4.1.2/../../../../nios2-elf/lib\libc.a(lib_a-sbrkr.o)
                0x0400642c                _sbrk_r
 .text          0x0400649c       0xd4 d:/program/altera/13.0sp1/nios2eds/bin/gnu/h-i686-mingw32/bin/../lib/gcc/nios2-elf/4.1.2/../../../../nios2-elf/lib\libc.a(lib_a-sprintf.o)
                0x0400649c                sprintf
                0x04006510                _sprintf_r
 .text          0x04006570      0x14c d:/program/altera/13.0sp1/nios2eds/bin/gnu/h-i686-mingw32/bin/../lib/gcc/nios2-elf/4.1.2/../../../../nios2-elf/lib\libc.a(lib_a-stdio.o)
                0x04006570                __sclose
                0x04006578                __sseek
                0x040065e0                __swrite
                0x0400665c                __sread
 .text          0x040066bc       0x74 d:/program/altera/13.0sp1/nios2eds/bin/gnu/h-i686-mingw32/bin/../lib/gcc/nios2-elf/4.1.2/../../../../nios2-elf/lib\libc.a(lib_a-strlen.o)
                0x040066bc                strlen
 .text          0x04006730     0x1f28 d:/program/altera/13.0sp1/nios2eds/bin/gnu/h-i686-mingw32/bin/../lib/gcc/nios2-elf/4.1.2/../../../../nios2-elf/lib\libc.a(lib_a-vfprintf.o)
                0x04006788                ___vfprintf_internal_r
                0x04008634                __vfprintf_internal
 .text          0x04008658       0x78 d:/program/altera/13.0sp1/nios2eds/bin/gnu/h-i686-mingw32/bin/../lib/gcc/nios2-elf/4.1.2/../../../../nios2-elf/lib\libc.a(lib_a-writer.o)
                0x04008658                _write_r
 .text          0x040086d0      0x13c d:/program/altera/13.0sp1/nios2eds/bin/gnu/h-i686-mingw32/bin/../lib/gcc/nios2-elf/4.1.2/../../../../nios2-elf/lib\libc.a(lib_a-wsetup.o)
                0x040086d0                __swsetup_r
 .text          0x0400880c      0x1b4 d:/program/altera/13.0sp1/nios2eds/bin/gnu/h-i686-mingw32/bin/../lib/gcc/nios2-elf/4.1.2/../../../../nios2-elf/lib\libc.a(lib_a-__call_atexit.o)
                0x04008810                __call_exitprocs
 .text          0x040089c0       0x70 d:/program/altera/13.0sp1/nios2eds/bin/gnu/h-i686-mingw32/bin/../lib/gcc/nios2-elf/4.1.2/../../../../nios2-elf/lib\libc.a(lib_a-closer.o)
                0x040089c0                _close_r
 .text          0x04008a30     0x17cc d:/program/altera/13.0sp1/nios2eds/bin/gnu/h-i686-mingw32/bin/../lib/gcc/nios2-elf/4.1.2/../../../../nios2-elf/lib\libc.a(lib_a-dtoa.o)
                0x04008c48                _dtoa_r
 .text          0x0400a1fc       0xa0 d:/program/altera/13.0sp1/nios2eds/bin/gnu/h-i686-mingw32/bin/../lib/gcc/nios2-elf/4.1.2/../../../../nios2-elf/lib\libc.a(lib_a-flags.o)
                0x0400a1fc                __sflags
 .text          0x0400a29c      0x49c d:/program/altera/13.0sp1/nios2eds/bin/gnu/h-i686-mingw32/bin/../lib/gcc/nios2-elf/4.1.2/../../../../nios2-elf/lib\libc.a(lib_a-fvwrite.o)
                0x0400a29c                __sfvwrite_r
 .text          0x0400a738       0x70 d:/program/altera/13.0sp1/nios2eds/bin/gnu/h-i686-mingw32/bin/../lib/gcc/nios2-elf/4.1.2/../../../../nios2-elf/lib\libc.a(lib_a-isattyr.o)
                0x0400a738                _isatty_r
 .text          0x0400a7a8       0xc4 d:/program/altera/13.0sp1/nios2eds/bin/gnu/h-i686-mingw32/bin/../lib/gcc/nios2-elf/4.1.2/../../../../nios2-elf/lib\libc.a(lib_a-locale.o)
                0x0400a7a8                __locale_charset
                0x0400a7b0                _localeconv_r
                0x0400a7bc                localeconv
                0x0400a7cc                _setlocale_r
                0x0400a850                setlocale
 .text          0x0400a86c       0x78 d:/program/altera/13.0sp1/nios2eds/bin/gnu/h-i686-mingw32/bin/../lib/gcc/nios2-elf/4.1.2/../../../../nios2-elf/lib\libc.a(lib_a-lseekr.o)
                0x0400a86c                _lseek_r
 .text          0x0400a8e4       0xe0 d:/program/altera/13.0sp1/nios2eds/bin/gnu/h-i686-mingw32/bin/../lib/gcc/nios2-elf/4.1.2/../../../../nios2-elf/lib\libc.a(lib_a-memmove.o)
                0x0400a8e4                memmove
 .text          0x0400a9c4      0xff4 d:/program/altera/13.0sp1/nios2eds/bin/gnu/h-i686-mingw32/bin/../lib/gcc/nios2-elf/4.1.2/../../../../nios2-elf/lib\libc.a(lib_a-mprec.o)
                0x0400a9c4                _Bfree
                0x0400a9ec                __hi0bits
                0x0400aa5c                __lo0bits
                0x0400ab20                __mcmp
                0x0400ab80                __ulp
                0x0400ac00                __b2d
                0x0400ad20                __ratio
                0x0400add0                _mprec_log10
                0x0400ae64                __copybits
                0x0400aebc                __any_on
                0x0400af44                _Balloc
                0x0400b000                __d2b
                0x0400b17c                __mdiff
                0x0400b308                __lshift
                0x0400b454                __multiply
                0x0400b63c                __i2b
                0x0400b678                __multadd
                0x0400b778                __pow5mult
                0x0400b898                __s2b
 .text          0x0400b9b8       0x78 d:/program/altera/13.0sp1/nios2eds/bin/gnu/h-i686-mingw32/bin/../lib/gcc/nios2-elf/4.1.2/../../../../nios2-elf/lib\libc.a(lib_a-readr.o)
                0x0400b9b8                _read_r
 .text          0x0400ba30      0x5f4 d:/program/altera/13.0sp1/nios2eds/bin/gnu/h-i686-mingw32/bin/../lib/gcc/nios2-elf/4.1.2/../../../../nios2-elf/lib\libc.a(lib_a-reallocr.o)
                0x0400ba30                _realloc_r
 .text          0x0400c024       0x40 d:/program/altera/13.0sp1/nios2eds/bin/gnu/h-i686-mingw32/bin/../lib/gcc/nios2-elf/4.1.2/../../../../nios2-elf/lib\libc.a(lib_a-s_isinfd.o)
                0x0400c024                __isinfd
 .text          0x0400c064       0x30 d:/program/altera/13.0sp1/nios2eds/bin/gnu/h-i686-mingw32/bin/../lib/gcc/nios2-elf/4.1.2/../../../../nios2-elf/lib\libc.a(lib_a-s_isnand.o)
                0x0400c064                __isnand
 .text          0x0400c094       0xbc d:/program/altera/13.0sp1/nios2eds/bin/gnu/h-i686-mingw32/bin/../lib/gcc/nios2-elf/4.1.2/../../../../nios2-elf/lib\libc.a(lib_a-strcmp.o)
                0x0400c094                strcmp
 .text          0x0400c150       0xb4 d:/program/altera/13.0sp1/nios2eds/bin/gnu/h-i686-mingw32/bin/../lib/gcc/nios2-elf/4.1.2/../../../../nios2-elf/lib\libc.a(lib_a-callocr.o)
                0x0400c150                _calloc_r
 .text          0x0400c204      0x5dc d:/program/altera/13.0sp1/nios2eds/bin/gnu/h-i686-mingw32/bin/../lib/gcc/nios2-elf/4.1.2\libgcc.a(_udivdi3.o)
                0x0400c204                __udivdi3
 .text          0x0400c7e0      0x5b0 d:/program/altera/13.0sp1/nios2eds/bin/gnu/h-i686-mingw32/bin/../lib/gcc/nios2-elf/4.1.2\libgcc.a(_umoddi3.o)
                0x0400c7e0                __umoddi3
 .text          0x0400cd90       0x88 d:/program/altera/13.0sp1/nios2eds/bin/gnu/h-i686-mingw32/bin/../lib/gcc/nios2-elf/4.1.2\libgcc.a(_gt_df.o)
                0x0400cd90                __gtdf2
 .text          0x0400ce18       0x88 d:/program/altera/13.0sp1/nios2eds/bin/gnu/h-i686-mingw32/bin/../lib/gcc/nios2-elf/4.1.2\libgcc.a(_lt_df.o)
                0x0400ce18                __ltdf2
 .text          0x0400cea0      0x194 d:/program/altera/13.0sp1/nios2eds/bin/gnu/h-i686-mingw32/bin/../lib/gcc/nios2-elf/4.1.2\libgcc.a(_usi_to_df.o)
                0x0400cea0                __floatunsidf
 .text          0x0400d034      0x14c d:/program/altera/13.0sp1/nios2eds/bin/gnu/h-i686-mingw32/bin/../lib/gcc/nios2-elf/4.1.2\libgcc.a(lib2-divmod.o)
                0x0400d0b0                __divsi3
                0x0400d110                __modsi3
                0x0400d170                __udivsi3
                0x0400d178                __umodsi3
 .text          0x0400d180      0x15c ../nios_hostFS_2_bsp/\libhal_bsp.a(alt_close.o)
                0x0400d180                close
 .text          0x0400d2dc       0x2c ../nios_hostFS_2_bsp/\libhal_bsp.a(alt_dev.o)
 .text          0x0400d308        0x0 ../nios_hostFS_2_bsp/\libhal_bsp.a(alt_errno.o)
 .text          0x0400d308       0x60 ../nios_hostFS_2_bsp/\libhal_bsp.a(alt_exit.o)
                0x0400d348                _exit
 .text          0x0400d368      0x134 ../nios_hostFS_2_bsp/\libhal_bsp.a(alt_fstat.o)
                0x0400d368                fstat
 .text          0x0400d49c      0x120 ../nios_hostFS_2_bsp/\libhal_bsp.a(alt_isatty.o)
                0x0400d49c                isatty
 .text          0x0400d5bc      0x150 ../nios_hostFS_2_bsp/\libhal_bsp.a(alt_lseek.o)
                0x0400d5bc                lseek
 .text          0x0400d70c       0x6c ../nios_hostFS_2_bsp/\libhal_bsp.a(alt_main.o)
                0x0400d70c                alt_main
 .text          0x0400d778       0x40 ../nios_hostFS_2_bsp/\libhal_bsp.a(alt_malloc_lock.o)
                0x0400d778                __malloc_lock
                0x0400d798                __malloc_unlock
 .text          0x0400d7b8      0x2c4 ../nios_hostFS_2_bsp/\libhal_bsp.a(alt_open.o)
                0x0400d894                open
 .text          0x0400da7c      0x180 ../nios_hostFS_2_bsp/\libhal_bsp.a(alt_read.o)
                0x0400da7c                read
 .text          0x0400dbfc       0x60 ../nios_hostFS_2_bsp/\libhal_bsp.a(alt_release_fd.o)
                0x0400dbfc                alt_release_fd
 .text          0x0400dc5c       0xbc ../nios_hostFS_2_bsp/\libhal_bsp.a(alt_sbrk.o)
                0x0400dc5c                sbrk
 .text          0x0400dd18       0x30 ../nios_hostFS_2_bsp/\libhal_bsp.a(alt_usleep.o)
                0x0400dd18                usleep
 .text          0x0400dd48      0x180 ../nios_hostFS_2_bsp/\libhal_bsp.a(alt_write.o)
                0x0400dd48                write
 .text          0x0400dec8       0xc8 ../nios_hostFS_2_bsp/\libhal_bsp.a(alt_sys_init.o)
                0x0400dec8                alt_irq_init
                0x0400defc                alt_sys_init
 .text          0x0400df90      0x9e4 ../nios_hostFS_2_bsp/\libhal_bsp.a(altera_avalon_epcs_flash_controller.o)
                0x0400df90                alt_epcs_flash_init
                0x0400e3ac                alt_epcs_flash_write
                0x0400e62c                alt_epcs_flash_get_info
                0x0400e6bc                alt_epcs_flash_erase_block
                0x0400e7c0                alt_epcs_flash_write_block
                0x0400e8dc                alt_epcs_flash_read
 .text          0x0400e974      0x148 ../nios_hostFS_2_bsp/\libhal_bsp.a(altera_avalon_jtag_uart_fd.o)
                0x0400e974                altera_avalon_jtag_uart_read_fd
                0x0400e9cc                altera_avalon_jtag_uart_write_fd
                0x0400ea24                altera_avalon_jtag_uart_close_fd
                0x0400ea6c                altera_avalon_jtag_uart_ioctl_fd
 .text          0x0400eabc      0x40c ../nios_hostFS_2_bsp/\libhal_bsp.a(altera_avalon_jtag_uart_init.o)
                0x0400eabc                altera_avalon_jtag_uart_init
                0x0400ee54                altera_avalon_jtag_uart_close
 .text          0x0400eec8       0xf4 ../nios_hostFS_2_bsp/\libhal_bsp.a(altera_avalon_jtag_uart_ioctl.o)
                0x0400eec8                altera_avalon_jtag_uart_ioctl
 .text          0x0400efbc      0x224 ../nios_hostFS_2_bsp/\libhal_bsp.a(altera_avalon_jtag_uart_read.o)
                0x0400efbc                altera_avalon_jtag_uart_read
 .text          0x0400f1e0      0x240 ../nios_hostFS_2_bsp/\libhal_bsp.a(altera_avalon_jtag_uart_write.o)
                0x0400f1e0                altera_avalon_jtag_uart_write
 .text          0x0400f420      0x238 ../nios_hostFS_2_bsp/\libhal_bsp.a(altera_avalon_spi.o)
                0x0400f420                alt_avalon_spi_command
 .text          0x0400f658      0x5a0 ../nios_hostFS_2_bsp/\libhal_bsp.a(altera_hostfs.o)
                0x0400f658                alt_hostfs_open
                0x0400f7ac                alt_hostfs_close
                0x0400f800                alt_hostfs_read
                0x0400f8a0                alt_hostfs_write
                0x0400f940                alt_hostfs_seek
                0x0400f9e0                alt_hostfs_fstat
 .text          0x0400fbf8      0x6d4 ../nios_hostFS_2_bsp/\libhal_bsp.a(epcs_commands.o)
                0x0400fbf8                epcs_read_status_register
                0x0400fc58                epcs_sector_erase
                0x0400fdc0                epcs_read_buffer
                0x0400ff0c                epcs_write_enable
                0x0400ff5c                epcs_write_status_register
                0x0400ffc0                epcs_write_buffer
                0x04010130                epcs_read_electronic_signature
                0x0401019c                epcs_read_device_id
                0x0401021c                epcs_enter_4_bytes_mode
                0x04010274                epcs_exit_4_bytes_mode
 .text          0x040102cc      0x154 ../nios_hostFS_2_bsp/\libhal_bsp.a(alt_alarm_start.o)
                0x040102cc                alt_alarm_start
 .text          0x04010420      0x14c ../nios_hostFS_2_bsp/\libhal_bsp.a(alt_busy_sleep.o)
                0x04010420                alt_busy_sleep
 .text          0x0401056c      0x114 ../nios_hostFS_2_bsp/\libhal_bsp.a(alt_dev_llist_insert.o)
                0x0401056c                alt_dev_llist_insert
 .text          0x04010680       0x64 ../nios_hostFS_2_bsp/\libhal_bsp.a(alt_do_ctors.o)
                0x04010680                _do_ctors
 .text          0x040106e4       0x64 ../nios_hostFS_2_bsp/\libhal_bsp.a(alt_do_dtors.o)
                0x040106e4                _do_dtors
 .text          0x04010748       0x94 ../nios_hostFS_2_bsp/\libhal_bsp.a(alt_find_dev.o)
                0x04010748                alt_find_dev
 .text          0x040107dc      0x120 ../nios_hostFS_2_bsp/\libhal_bsp.a(alt_find_file.o)
                0x040107dc                alt_find_file
 .text          0x040108fc       0xd0 ../nios_hostFS_2_bsp/\libhal_bsp.a(alt_flash_dev.o)
                0x040108fc                alt_flash_open_dev
                0x04010978                alt_flash_close_dev
 .text          0x040109cc       0x90 ../nios_hostFS_2_bsp/\libhal_bsp.a(alt_fs_reg.o)
                0x040109cc                alt_fs_reg
 .text          0x04010a5c       0xb8 ../nios_hostFS_2_bsp/\libhal_bsp.a(alt_get_fd.o)
                0x04010a5c                alt_get_fd
 .text          0x04010b14      0x1d4 ../nios_hostFS_2_bsp/\libhal_bsp.a(alt_iic.o)
                0x04010b14                alt_ic_isr_register
                0x04010b64                alt_ic_irq_enable
                0x04010c00                alt_ic_irq_disable
                0x04010ca0                alt_ic_irq_enabled
 .text          0x04010ce8       0xf8 ../nios_hostFS_2_bsp/\libhal_bsp.a(alt_iic_isr_register.o)
                0x04010ce8                alt_iic_isr_register
 .text          0x04010de0      0x13c ../nios_hostFS_2_bsp/\libhal_bsp.a(alt_io_redirect.o)
                0x04010ea4                alt_io_redirect
 .text          0x04010f1c        0x0 ../nios_hostFS_2_bsp/\libhal_bsp.a(alt_irq_entry.o)
 .text          0x04010f1c        0x0 ../nios_hostFS_2_bsp/\libhal_bsp.a(alt_irq_handler.o)
 .text          0x04010f1c        0x0 ../nios_hostFS_2_bsp/\libhal_bsp.a(alt_irq_vars.o)
 .text          0x04010f1c      0x1a4 ../nios_hostFS_2_bsp/\libhal_bsp.a(alt_tick.o)
                0x04010f1c                alt_alarm_stop
                0x04010fb4                alt_tick
 .text          0x040110c0       0x20 ../nios_hostFS_2_bsp/\libhal_bsp.a(altera_nios2_qsys_irq.o)
                0x040110c0                altera_nios2_qsys_irq_init
 .text          0x040110e0        0x0 ../nios_hostFS_2_bsp/\libhal_bsp.a(alt_exception_entry.o)
 .text          0x040110e0       0x14 d:/program/altera/13.0sp1/nios2eds/bin/gnu/h-i686-mingw32/bin/../lib/gcc/nios2-elf/4.1.2/../../../../nios2-elf/lib\libc.a(lib_a-atexit.o)
                0x040110e0                atexit
 .text          0x040110f4       0x74 d:/program/altera/13.0sp1/nios2eds/bin/gnu/h-i686-mingw32/bin/../lib/gcc/nios2-elf/4.1.2/../../../../nios2-elf/lib\libc.a(lib_a-memcmp.o)
                0x040110f4                memcmp
 .text          0x04011168      0x134 d:/program/altera/13.0sp1/nios2eds/bin/gnu/h-i686-mingw32/bin/../lib/gcc/nios2-elf/4.1.2/../../../../nios2-elf/lib\libc.a(lib_a-__atexit.o)
                0x04011168                __register_exitproc
 *(.gnu.warning.*)
 *(.fini)
                0x0401129c                PROVIDE (__etext, ABSOLUTE (.))
                0x0401129c                PROVIDE (_etext, ABSOLUTE (.))
                0x0401129c                PROVIDE (etext, ABSOLUTE (.))
 *(.eh_frame_hdr)
                0x0401129c                . = ALIGN (0x4)
                0x0401129c                PROVIDE (__preinit_array_start, ABSOLUTE (.))
 *(.preinit_array)
                0x0401129c                PROVIDE (__preinit_array_end, ABSOLUTE (.))
                0x0401129c                PROVIDE (__init_array_start, ABSOLUTE (.))
 *(.init_array)
                0x0401129c                PROVIDE (__init_array_end, ABSOLUTE (.))
                0x0401129c                PROVIDE (__fini_array_start, ABSOLUTE (.))
 *(.fini_array)
                0x0401129c                PROVIDE (__fini_array_end, ABSOLUTE (.))
 *(.eh_frame)
 *(.gcc_except_table)
 *(.dynamic)
                0x0401129c                PROVIDE (__CTOR_LIST__, ABSOLUTE (.))
 *(.ctors)
 *(SORT(.ctors.*))
 .ctors.65535   0x0401129c        0x4 d:/program/altera/13.0sp1/nios2eds/bin/gnu/h-i686-mingw32/bin/../lib/gcc/nios2-elf/4.1.2/../../../../nios2-elf/lib\libc.a(lib_a-__call_atexit.o)
                0x040112a0                PROVIDE (__CTOR_END__, ABSOLUTE (.))
                0x040112a0                PROVIDE (__DTOR_LIST__, ABSOLUTE (.))
 *(.dtors)
 *(SORT(.dtors.*))
                0x040112a0                PROVIDE (__DTOR_END__, ABSOLUTE (.))
 *(.jcr)
                0x040112a0                . = ALIGN (0x4)

.rodata         0x040112a0      0xaac
                0x040112a0                PROVIDE (__ram_rodata_start, ABSOLUTE (.))
                0x040112a0                . = ALIGN (0x4)
 *(.rodata .rodata.* .gnu.linkonce.r.*)
 .rodata        0x040112a0      0x5f0 obj/default/AsciiLib.o
 .rodata        0x04011890       0x10 obj/default/LCD32.o
                0x04011890                colorfol1
 .rodata        0x040118a0      0x138 obj/default/game.o
 .rodata        0x040119d8       0x20 obj/default/touch.o
 .rodata        0x040119f8       0x14 d:/program/altera/13.0sp1/nios2eds/bin/gnu/h-i686-mingw32/bin/../lib/gcc/nios2-elf/4.1.2\libgcc.a(_thenan_df.o)
                0x040119f8                __thenan_df
 .rodata        0x04011a0c      0x100 d:/program/altera/13.0sp1/nios2eds/bin/gnu/h-i686-mingw32/bin/../lib/gcc/nios2-elf/4.1.2\libgcc.a(_clz.o)
                0x04011a0c                __clz_tab
 .rodata.str1.4
                0x04011b0c        0x2 d:/program/altera/13.0sp1/nios2eds/bin/gnu/h-i686-mingw32/bin/../lib/gcc/nios2-elf/4.1.2/../../../../nios2-elf/lib\libc.a(lib_a-impure.o)
                                  0x4 (size before relaxing)
 *fill*         0x04011b0e        0x2 00
 .rodata.str1.4
                0x04011b10        0x2 d:/program/altera/13.0sp1/nios2eds/bin/gnu/h-i686-mingw32/bin/../lib/gcc/nios2-elf/4.1.2/../../../../nios2-elf/lib\libc.a(lib_a-puts.o)
                                  0x4 (size before relaxing)
 *fill*         0x04011b12        0x2 00
 .rodata.str1.4
                0x04011b14       0x5e d:/program/altera/13.0sp1/nios2eds/bin/gnu/h-i686-mingw32/bin/../lib/gcc/nios2-elf/4.1.2/../../../../nios2-elf/lib\libc.a(lib_a-vfprintf.o)
                                 0x60 (size before relaxing)
 .rodata        0x04011b72       0x20 d:/program/altera/13.0sp1/nios2eds/bin/gnu/h-i686-mingw32/bin/../lib/gcc/nios2-elf/4.1.2/../../../../nios2-elf/lib\libc.a(lib_a-vfprintf.o)
 *fill*         0x04011b92        0x2 00
 .rodata.str1.4
                0x04011b94       0x10 d:/program/altera/13.0sp1/nios2eds/bin/gnu/h-i686-mingw32/bin/../lib/gcc/nios2-elf/4.1.2/../../../../nios2-elf/lib\libc.a(lib_a-dtoa.o)
                                 0x14 (size before relaxing)
 .rodata.str1.4
                0x04011ba4       0x10 d:/program/altera/13.0sp1/nios2eds/bin/gnu/h-i686-mingw32/bin/../lib/gcc/nios2-elf/4.1.2/../../../../nios2-elf/lib\libc.a(lib_a-locale.o)
                                 0x18 (size before relaxing)
 .rodata        0x04011bb4       0x30 d:/program/altera/13.0sp1/nios2eds/bin/gnu/h-i686-mingw32/bin/../lib/gcc/nios2-elf/4.1.2/../../../../nios2-elf/lib\libc.a(lib_a-locale.o)
 .rodata        0x04011be4      0x124 d:/program/altera/13.0sp1/nios2eds/bin/gnu/h-i686-mingw32/bin/../lib/gcc/nios2-elf/4.1.2/../../../../nios2-elf/lib\libc.a(lib_a-mprec.o)
                0x04011be4                __mprec_tens
                0x04011cac                __mprec_bigtens
                0x04011cd4                __mprec_tinytens
 .rodata        0x04011d08        0xc ../nios_hostFS_2_bsp/\libhal_bsp.a(alt_dev.o)
 .rodata        0x04011d14       0x10 ../nios_hostFS_2_bsp/\libhal_bsp.a(alt_main.o)
 .rodata        0x04011d24       0x28 ../nios_hostFS_2_bsp/\libhal_bsp.a(alt_sys_init.o)
 *(.rodata1)
                0x04011d4c                . = ALIGN (0x4)
                0x04011d4c                PROVIDE (__ram_rodata_end, ABSOLUTE (.))
                0x040112a0                PROVIDE (__flash_rodata_start, LOADADDR (.rodata))

.rwdata         0x04011d4c     0x1ba8
                0x04011d4c                PROVIDE (__ram_rwdata_start, ABSOLUTE (.))
                0x04011d4c                . = ALIGN (0x4)
 *(.got.plt)
 *(.got)
 *(.data1)
 *(.data .data.* .gnu.linkonce.d.*)
 .data          0x04011d4c        0x0 ../nios_hostFS_2_bsp//obj/HAL/src/crt0.o
 .data          0x04011d4c        0x0 obj/default/AsciiLib.o
 .data          0x04011d4c        0x0 obj/default/LCD32.o
 .data          0x04011d4c        0x0 obj/default/game.o
 .data          0x04011d4c        0x0 obj/default/main.o
 .data          0x04011d4c        0xc obj/default/touch.o
                0x04011d4c                DisplaySample
 .data          0x04011d58        0x0 d:/program/altera/13.0sp1/nios2eds/bin/gnu/h-i686-mingw32/bin/../lib/gcc/nios2-elf/4.1.2\libgcc.a(_fixunsdfsi.o)
 .data          0x04011d58        0x0 d:/program/altera/13.0sp1/nios2eds/bin/gnu/h-i686-mingw32/bin/../lib/gcc/nios2-elf/4.1.2\libgcc.a(_addsub_df.o)
 .data          0x04011d58        0x0 d:/program/altera/13.0sp1/nios2eds/bin/gnu/h-i686-mingw32/bin/../lib/gcc/nios2-elf/4.1.2\libgcc.a(_mul_df.o)
 .data          0x04011d58        0x0 d:/program/altera/13.0sp1/nios2eds/bin/gnu/h-i686-mingw32/bin/../lib/gcc/nios2-elf/4.1.2\libgcc.a(_div_df.o)
 .data          0x04011d58        0x0 d:/program/altera/13.0sp1/nios2eds/bin/gnu/h-i686-mingw32/bin/../lib/gcc/nios2-elf/4.1.2\libgcc.a(_eq_df.o)
 .data          0x04011d58        0x0 d:/program/altera/13.0sp1/nios2eds/bin/gnu/h-i686-mingw32/bin/../lib/gcc/nios2-elf/4.1.2\libgcc.a(_ne_df.o)
 .data          0x04011d58        0x0 d:/program/altera/13.0sp1/nios2eds/bin/gnu/h-i686-mingw32/bin/../lib/gcc/nios2-elf/4.1.2\libgcc.a(_ge_df.o)
 .data          0x04011d58        0x0 d:/program/altera/13.0sp1/nios2eds/bin/gnu/h-i686-mingw32/bin/../lib/gcc/nios2-elf/4.1.2\libgcc.a(_si_to_df.o)
 .data          0x04011d58        0x0 d:/program/altera/13.0sp1/nios2eds/bin/gnu/h-i686-mingw32/bin/../lib/gcc/nios2-elf/4.1.2\libgcc.a(_df_to_si.o)
 .data          0x04011d58        0x0 d:/program/altera/13.0sp1/nios2eds/bin/gnu/h-i686-mingw32/bin/../lib/gcc/nios2-elf/4.1.2\libgcc.a(_thenan_df.o)
 .data          0x04011d58        0x0 d:/program/altera/13.0sp1/nios2eds/bin/gnu/h-i686-mingw32/bin/../lib/gcc/nios2-elf/4.1.2\libgcc.a(_muldi3.o)
 .data          0x04011d58        0x0 d:/program/altera/13.0sp1/nios2eds/bin/gnu/h-i686-mingw32/bin/../lib/gcc/nios2-elf/4.1.2\libgcc.a(_clzsi2.o)
 .data          0x04011d58        0x0 d:/program/altera/13.0sp1/nios2eds/bin/gnu/h-i686-mingw32/bin/../lib/gcc/nios2-elf/4.1.2\libgcc.a(_pack_df.o)
 .data          0x04011d58        0x0 d:/program/altera/13.0sp1/nios2eds/bin/gnu/h-i686-mingw32/bin/../lib/gcc/nios2-elf/4.1.2\libgcc.a(_unpack_df.o)
 .data          0x04011d58        0x0 d:/program/altera/13.0sp1/nios2eds/bin/gnu/h-i686-mingw32/bin/../lib/gcc/nios2-elf/4.1.2\libgcc.a(_fpcmp_parts_df.o)
 .data          0x04011d58        0x0 d:/program/altera/13.0sp1/nios2eds/bin/gnu/h-i686-mingw32/bin/../lib/gcc/nios2-elf/4.1.2\libgcc.a(_clz.o)
 .data          0x04011d58        0x0 d:/program/altera/13.0sp1/nios2eds/bin/gnu/h-i686-mingw32/bin/../lib/gcc/nios2-elf/4.1.2/../../../../nios2-elf/lib\libc.a(lib_a-exit.o)
 .data          0x04011d58        0x0 d:/program/altera/13.0sp1/nios2eds/bin/gnu/h-i686-mingw32/bin/../lib/gcc/nios2-elf/4.1.2/../../../../nios2-elf/lib\libc.a(lib_a-fclose.o)
 .data          0x04011d58        0x0 d:/program/altera/13.0sp1/nios2eds/bin/gnu/h-i686-mingw32/bin/../lib/gcc/nios2-elf/4.1.2/../../../../nios2-elf/lib\libc.a(lib_a-fflush.o)
 .data          0x04011d58        0x0 d:/program/altera/13.0sp1/nios2eds/bin/gnu/h-i686-mingw32/bin/../lib/gcc/nios2-elf/4.1.2/../../../../nios2-elf/lib\libc.a(lib_a-fgets.o)
 .data          0x04011d58        0x0 d:/program/altera/13.0sp1/nios2eds/bin/gnu/h-i686-mingw32/bin/../lib/gcc/nios2-elf/4.1.2/../../../../nios2-elf/lib\libc.a(lib_a-findfp.o)
 .data          0x04011d58        0x0 d:/program/altera/13.0sp1/nios2eds/bin/gnu/h-i686-mingw32/bin/../lib/gcc/nios2-elf/4.1.2/../../../../nios2-elf/lib\libc.a(lib_a-fopen.o)
 .data          0x04011d58        0x0 d:/program/altera/13.0sp1/nios2eds/bin/gnu/h-i686-mingw32/bin/../lib/gcc/nios2-elf/4.1.2/../../../../nios2-elf/lib\libc.a(lib_a-fprintf.o)
 .data          0x04011d58        0x0 d:/program/altera/13.0sp1/nios2eds/bin/gnu/h-i686-mingw32/bin/../lib/gcc/nios2-elf/4.1.2/../../../../nios2-elf/lib\libc.a(lib_a-freer.o)
 .data          0x04011d58        0x0 d:/program/altera/13.0sp1/nios2eds/bin/gnu/h-i686-mingw32/bin/../lib/gcc/nios2-elf/4.1.2/../../../../nios2-elf/lib\libc.a(lib_a-fseek.o)
 .data          0x04011d58        0x0 d:/program/altera/13.0sp1/nios2eds/bin/gnu/h-i686-mingw32/bin/../lib/gcc/nios2-elf/4.1.2/../../../../nios2-elf/lib\libc.a(lib_a-fstatr.o)
 .data          0x04011d58        0x0 d:/program/altera/13.0sp1/nios2eds/bin/gnu/h-i686-mingw32/bin/../lib/gcc/nios2-elf/4.1.2/../../../../nios2-elf/lib\libc.a(lib_a-fwalk.o)
 .data          0x04011d58      0x400 d:/program/altera/13.0sp1/nios2eds/bin/gnu/h-i686-mingw32/bin/../lib/gcc/nios2-elf/4.1.2/../../../../nios2-elf/lib\libc.a(lib_a-impure.o)
 .data          0x04012158        0x0 d:/program/altera/13.0sp1/nios2eds/bin/gnu/h-i686-mingw32/bin/../lib/gcc/nios2-elf/4.1.2/../../../../nios2-elf/lib\libc.a(lib_a-int_errno.o)
 .data          0x04012158        0x0 d:/program/altera/13.0sp1/nios2eds/bin/gnu/h-i686-mingw32/bin/../lib/gcc/nios2-elf/4.1.2/../../../../nios2-elf/lib\libc.a(lib_a-makebuf.o)
 .data          0x04012158      0x408 d:/program/altera/13.0sp1/nios2eds/bin/gnu/h-i686-mingw32/bin/../lib/gcc/nios2-elf/4.1.2/../../../../nios2-elf/lib\libc.a(lib_a-mallocr.o)
                0x04012158                __malloc_av_
 .data          0x04012560        0x0 d:/program/altera/13.0sp1/nios2eds/bin/gnu/h-i686-mingw32/bin/../lib/gcc/nios2-elf/4.1.2/../../../../nios2-elf/lib\libc.a(lib_a-memchr.o)
 .data          0x04012560        0x0 d:/program/altera/13.0sp1/nios2eds/bin/gnu/h-i686-mingw32/bin/../lib/gcc/nios2-elf/4.1.2/../../../../nios2-elf/lib\libc.a(lib_a-memcpy.o)
 .data          0x04012560        0x0 d:/program/altera/13.0sp1/nios2eds/bin/gnu/h-i686-mingw32/bin/../lib/gcc/nios2-elf/4.1.2/../../../../nios2-elf/lib\libc.a(lib_a-memset.o)
 .data          0x04012560        0x0 d:/program/altera/13.0sp1/nios2eds/bin/gnu/h-i686-mingw32/bin/../lib/gcc/nios2-elf/4.1.2/../../../../nios2-elf/lib\libc.a(lib_a-openr.o)
 .data          0x04012560        0x0 d:/program/altera/13.0sp1/nios2eds/bin/gnu/h-i686-mingw32/bin/../lib/gcc/nios2-elf/4.1.2/../../../../nios2-elf/lib\libc.a(lib_a-printf.o)
 .data          0x04012560        0x0 d:/program/altera/13.0sp1/nios2eds/bin/gnu/h-i686-mingw32/bin/../lib/gcc/nios2-elf/4.1.2/../../../../nios2-elf/lib\libc.a(lib_a-puts.o)
 .data          0x04012560        0x0 d:/program/altera/13.0sp1/nios2eds/bin/gnu/h-i686-mingw32/bin/../lib/gcc/nios2-elf/4.1.2/../../../../nios2-elf/lib\libc.a(lib_a-refill.o)
 .data          0x04012560        0x0 d:/program/altera/13.0sp1/nios2eds/bin/gnu/h-i686-mingw32/bin/../lib/gcc/nios2-elf/4.1.2/../../../../nios2-elf/lib\libc.a(lib_a-sbrkr.o)
 .data          0x04012560        0x0 d:/program/altera/13.0sp1/nios2eds/bin/gnu/h-i686-mingw32/bin/../lib/gcc/nios2-elf/4.1.2/../../../../nios2-elf/lib\libc.a(lib_a-sprintf.o)
 .data          0x04012560        0x0 d:/program/altera/13.0sp1/nios2eds/bin/gnu/h-i686-mingw32/bin/../lib/gcc/nios2-elf/4.1.2/../../../../nios2-elf/lib\libc.a(lib_a-stdio.o)
 .data          0x04012560        0x0 d:/program/altera/13.0sp1/nios2eds/bin/gnu/h-i686-mingw32/bin/../lib/gcc/nios2-elf/4.1.2/../../../../nios2-elf/lib\libc.a(lib_a-strlen.o)
 .data          0x04012560        0x0 d:/program/altera/13.0sp1/nios2eds/bin/gnu/h-i686-mingw32/bin/../lib/gcc/nios2-elf/4.1.2/../../../../nios2-elf/lib\libc.a(lib_a-vfprintf.o)
 .data          0x04012560        0x0 d:/program/altera/13.0sp1/nios2eds/bin/gnu/h-i686-mingw32/bin/../lib/gcc/nios2-elf/4.1.2/../../../../nios2-elf/lib\libc.a(lib_a-writer.o)
 .data          0x04012560        0x0 d:/program/altera/13.0sp1/nios2eds/bin/gnu/h-i686-mingw32/bin/../lib/gcc/nios2-elf/4.1.2/../../../../nios2-elf/lib\libc.a(lib_a-wsetup.o)
 .data          0x04012560        0x0 d:/program/altera/13.0sp1/nios2eds/bin/gnu/h-i686-mingw32/bin/../lib/gcc/nios2-elf/4.1.2/../../../../nios2-elf/lib\libc.a(lib_a-__call_atexit.o)
 .data          0x04012560        0x0 d:/program/altera/13.0sp1/nios2eds/bin/gnu/h-i686-mingw32/bin/../lib/gcc/nios2-elf/4.1.2/../../../../nios2-elf/lib\libc.a(lib_a-closer.o)
 .data          0x04012560        0x0 d:/program/altera/13.0sp1/nios2eds/bin/gnu/h-i686-mingw32/bin/../lib/gcc/nios2-elf/4.1.2/../../../../nios2-elf/lib\libc.a(lib_a-dtoa.o)
 .data          0x04012560        0x0 d:/program/altera/13.0sp1/nios2eds/bin/gnu/h-i686-mingw32/bin/../lib/gcc/nios2-elf/4.1.2/../../../../nios2-elf/lib\libc.a(lib_a-flags.o)
 .data          0x04012560        0x0 d:/program/altera/13.0sp1/nios2eds/bin/gnu/h-i686-mingw32/bin/../lib/gcc/nios2-elf/4.1.2/../../../../nios2-elf/lib\libc.a(lib_a-fvwrite.o)
 .data          0x04012560        0x0 d:/program/altera/13.0sp1/nios2eds/bin/gnu/h-i686-mingw32/bin/../lib/gcc/nios2-elf/4.1.2/../../../../nios2-elf/lib\libc.a(lib_a-isattyr.o)
 .data          0x04012560        0xc d:/program/altera/13.0sp1/nios2eds/bin/gnu/h-i686-mingw32/bin/../lib/gcc/nios2-elf/4.1.2/../../../../nios2-elf/lib\libc.a(lib_a-locale.o)
                0x04012560                __lc_ctype
 .data          0x0401256c        0x0 d:/program/altera/13.0sp1/nios2eds/bin/gnu/h-i686-mingw32/bin/../lib/gcc/nios2-elf/4.1.2/../../../../nios2-elf/lib\libc.a(lib_a-lseekr.o)
 .data          0x0401256c        0x0 d:/program/altera/13.0sp1/nios2eds/bin/gnu/h-i686-mingw32/bin/../lib/gcc/nios2-elf/4.1.2/../../../../nios2-elf/lib\libc.a(lib_a-memmove.o)
 .data          0x0401256c        0x0 d:/program/altera/13.0sp1/nios2eds/bin/gnu/h-i686-mingw32/bin/../lib/gcc/nios2-elf/4.1.2/../../../../nios2-elf/lib\libc.a(lib_a-mprec.o)
 .data          0x0401256c        0x0 d:/program/altera/13.0sp1/nios2eds/bin/gnu/h-i686-mingw32/bin/../lib/gcc/nios2-elf/4.1.2/../../../../nios2-elf/lib\libc.a(lib_a-readr.o)
 .data          0x0401256c        0x0 d:/program/altera/13.0sp1/nios2eds/bin/gnu/h-i686-mingw32/bin/../lib/gcc/nios2-elf/4.1.2/../../../../nios2-elf/lib\libc.a(lib_a-reallocr.o)
 .data          0x0401256c        0x0 d:/program/altera/13.0sp1/nios2eds/bin/gnu/h-i686-mingw32/bin/../lib/gcc/nios2-elf/4.1.2/../../../../nios2-elf/lib\libc.a(lib_a-s_isinfd.o)
 .data          0x0401256c        0x0 d:/program/altera/13.0sp1/nios2eds/bin/gnu/h-i686-mingw32/bin/../lib/gcc/nios2-elf/4.1.2/../../../../nios2-elf/lib\libc.a(lib_a-s_isnand.o)
 .data          0x0401256c        0x0 d:/program/altera/13.0sp1/nios2eds/bin/gnu/h-i686-mingw32/bin/../lib/gcc/nios2-elf/4.1.2/../../../../nios2-elf/lib\libc.a(lib_a-strcmp.o)
 .data          0x0401256c        0x0 d:/program/altera/13.0sp1/nios2eds/bin/gnu/h-i686-mingw32/bin/../lib/gcc/nios2-elf/4.1.2/../../../../nios2-elf/lib\libc.a(lib_a-callocr.o)
 .data          0x0401256c        0x0 d:/program/altera/13.0sp1/nios2eds/bin/gnu/h-i686-mingw32/bin/../lib/gcc/nios2-elf/4.1.2\libgcc.a(_udivdi3.o)
 .data          0x0401256c        0x0 d:/program/altera/13.0sp1/nios2eds/bin/gnu/h-i686-mingw32/bin/../lib/gcc/nios2-elf/4.1.2\libgcc.a(_umoddi3.o)
 .data          0x0401256c        0x0 d:/program/altera/13.0sp1/nios2eds/bin/gnu/h-i686-mingw32/bin/../lib/gcc/nios2-elf/4.1.2\libgcc.a(_gt_df.o)
 .data          0x0401256c        0x0 d:/program/altera/13.0sp1/nios2eds/bin/gnu/h-i686-mingw32/bin/../lib/gcc/nios2-elf/4.1.2\libgcc.a(_lt_df.o)
 .data          0x0401256c        0x0 d:/program/altera/13.0sp1/nios2eds/bin/gnu/h-i686-mingw32/bin/../lib/gcc/nios2-elf/4.1.2\libgcc.a(_usi_to_df.o)
 .data          0x0401256c        0x0 d:/program/altera/13.0sp1/nios2eds/bin/gnu/h-i686-mingw32/bin/../lib/gcc/nios2-elf/4.1.2\libgcc.a(lib2-divmod.o)
 .data          0x0401256c        0x0 ../nios_hostFS_2_bsp/\libhal_bsp.a(alt_close.o)
 .data          0x0401256c      0x1a8 ../nios_hostFS_2_bsp/\libhal_bsp.a(alt_dev.o)
                0x0401256c                alt_dev_null
                0x04012594                alt_fd_list
 .data          0x04012714        0x0 ../nios_hostFS_2_bsp/\libhal_bsp.a(alt_errno.o)
 .data          0x04012714        0x0 ../nios_hostFS_2_bsp/\libhal_bsp.a(alt_exit.o)
 .data          0x04012714        0x0 ../nios_hostFS_2_bsp/\libhal_bsp.a(alt_fstat.o)
 .data          0x04012714        0x0 ../nios_hostFS_2_bsp/\libhal_bsp.a(alt_isatty.o)
 .data          0x04012714        0x0 ../nios_hostFS_2_bsp/\libhal_bsp.a(alt_lseek.o)
 .data          0x04012714        0x0 ../nios_hostFS_2_bsp/\libhal_bsp.a(alt_main.o)
 .data          0x04012714        0x0 ../nios_hostFS_2_bsp/\libhal_bsp.a(alt_malloc_lock.o)
 .data          0x04012714        0x0 ../nios_hostFS_2_bsp/\libhal_bsp.a(alt_open.o)
 .data          0x04012714        0x0 ../nios_hostFS_2_bsp/\libhal_bsp.a(alt_read.o)
 .data          0x04012714        0x0 ../nios_hostFS_2_bsp/\libhal_bsp.a(alt_release_fd.o)
 .data          0x04012714        0x0 ../nios_hostFS_2_bsp/\libhal_bsp.a(alt_sbrk.o)
 .data          0x04012714        0x0 ../nios_hostFS_2_bsp/\libhal_bsp.a(alt_usleep.o)
 .data          0x04012714        0x0 ../nios_hostFS_2_bsp/\libhal_bsp.a(alt_write.o)
 .data          0x04012714     0x1150 ../nios_hostFS_2_bsp/\libhal_bsp.a(alt_sys_init.o)
 .data          0x04013864        0x0 ../nios_hostFS_2_bsp/\libhal_bsp.a(altera_avalon_epcs_flash_controller.o)
 .data          0x04013864        0x0 ../nios_hostFS_2_bsp/\libhal_bsp.a(altera_avalon_jtag_uart_fd.o)
 .data          0x04013864        0x0 ../nios_hostFS_2_bsp/\libhal_bsp.a(altera_avalon_jtag_uart_init.o)
 .data          0x04013864        0x0 ../nios_hostFS_2_bsp/\libhal_bsp.a(altera_avalon_jtag_uart_ioctl.o)
 .data          0x04013864        0x0 ../nios_hostFS_2_bsp/\libhal_bsp.a(altera_avalon_jtag_uart_read.o)
 .data          0x04013864        0x0 ../nios_hostFS_2_bsp/\libhal_bsp.a(altera_avalon_jtag_uart_write.o)
 .data          0x04013864        0x0 ../nios_hostFS_2_bsp/\libhal_bsp.a(altera_avalon_spi.o)
 .data          0x04013864        0x0 ../nios_hostFS_2_bsp/\libhal_bsp.a(altera_hostfs.o)
 .data          0x04013864        0x0 ../nios_hostFS_2_bsp/\libhal_bsp.a(epcs_commands.o)
 .data          0x04013864        0x0 ../nios_hostFS_2_bsp/\libhal_bsp.a(alt_alarm_start.o)
 .data          0x04013864        0x0 ../nios_hostFS_2_bsp/\libhal_bsp.a(alt_busy_sleep.o)
 .data          0x04013864        0x0 ../nios_hostFS_2_bsp/\libhal_bsp.a(alt_dev_llist_insert.o)
 .data          0x04013864        0x0 ../nios_hostFS_2_bsp/\libhal_bsp.a(alt_do_ctors.o)
 .data          0x04013864        0x0 ../nios_hostFS_2_bsp/\libhal_bsp.a(alt_do_dtors.o)
 .data          0x04013864        0x0 ../nios_hostFS_2_bsp/\libhal_bsp.a(alt_find_dev.o)
 .data          0x04013864        0x0 ../nios_hostFS_2_bsp/\libhal_bsp.a(alt_find_file.o)
 .data          0x04013864        0x0 ../nios_hostFS_2_bsp/\libhal_bsp.a(alt_flash_dev.o)
 .data          0x04013864        0x0 ../nios_hostFS_2_bsp/\libhal_bsp.a(alt_fs_reg.o)
 .data          0x04013864        0x0 ../nios_hostFS_2_bsp/\libhal_bsp.a(alt_get_fd.o)
 .data          0x04013864        0x0 ../nios_hostFS_2_bsp/\libhal_bsp.a(alt_iic.o)
 .data          0x04013864        0x0 ../nios_hostFS_2_bsp/\libhal_bsp.a(alt_iic_isr_register.o)
 .data          0x04013864        0x0 ../nios_hostFS_2_bsp/\libhal_bsp.a(alt_io_redirect.o)
 .data          0x04013864        0x0 ../nios_hostFS_2_bsp/\libhal_bsp.a(alt_irq_entry.o)
 .data          0x04013864        0x0 ../nios_hostFS_2_bsp/\libhal_bsp.a(alt_irq_handler.o)
 .data          0x04013864        0x0 ../nios_hostFS_2_bsp/\libhal_bsp.a(alt_irq_vars.o)
 .data          0x04013864        0x0 ../nios_hostFS_2_bsp/\libhal_bsp.a(alt_tick.o)
 .data          0x04013864        0x0 ../nios_hostFS_2_bsp/\libhal_bsp.a(altera_nios2_qsys_irq.o)
 .data          0x04013864        0x0 ../nios_hostFS_2_bsp/\libhal_bsp.a(alt_exception_entry.o)
 .data          0x04013864        0x0 d:/program/altera/13.0sp1/nios2eds/bin/gnu/h-i686-mingw32/bin/../lib/gcc/nios2-elf/4.1.2/../../../../nios2-elf/lib\libc.a(lib_a-atexit.o)
 .data          0x04013864        0x0 d:/program/altera/13.0sp1/nios2eds/bin/gnu/h-i686-mingw32/bin/../lib/gcc/nios2-elf/4.1.2/../../../../nios2-elf/lib\libc.a(lib_a-memcmp.o)
 .data          0x04013864        0x0 d:/program/altera/13.0sp1/nios2eds/bin/gnu/h-i686-mingw32/bin/../lib/gcc/nios2-elf/4.1.2/../../../../nios2-elf/lib\libc.a(lib_a-__atexit.o)
                0x0401b864                _gp = ABSOLUTE ((. + 0x8000))
                0x0401b864                PROVIDE (gp, _gp)
 *(.rwdata .rwdata.*)
 *(.sdata .sdata.* .gnu.linkonce.s.*)
 .sdata         0x04013864        0x8 d:/program/altera/13.0sp1/nios2eds/bin/gnu/h-i686-mingw32/bin/../lib/gcc/nios2-elf/4.1.2/../../../../nios2-elf/lib\libc.a(lib_a-impure.o)
                0x04013864                _impure_ptr
                0x04013868                _global_impure_ptr
 .sdata         0x0401386c        0x8 d:/program/altera/13.0sp1/nios2eds/bin/gnu/h-i686-mingw32/bin/../lib/gcc/nios2-elf/4.1.2/../../../../nios2-elf/lib\libc.a(lib_a-mallocr.o)
                0x0401386c                __malloc_trim_threshold
                0x04013870                __malloc_sbrk_base
 .sdata         0x04013874        0x8 d:/program/altera/13.0sp1/nios2eds/bin/gnu/h-i686-mingw32/bin/../lib/gcc/nios2-elf/4.1.2/../../../../nios2-elf/lib\libc.a(lib_a-locale.o)
                0x04013874                __mb_cur_max
 .sdata         0x0401387c       0x14 ../nios_hostFS_2_bsp/\libhal_bsp.a(alt_dev.o)
                0x0401387c                alt_fs_list
                0x04013884                alt_dev_list
                0x0401388c                alt_max_fd
 .sdata         0x04013890        0x4 ../nios_hostFS_2_bsp/\libhal_bsp.a(alt_errno.o)
                0x04013890                alt_errno
 .sdata         0x04013894        0x4 ../nios_hostFS_2_bsp/\libhal_bsp.a(alt_sbrk.o)
 .sdata         0x04013898       0x48 ../nios_hostFS_2_bsp/\libhal_bsp.a(altera_hostfs.o)
 .sdata         0x040138e0        0x8 ../nios_hostFS_2_bsp/\libhal_bsp.a(alt_flash_dev.o)
                0x040138e0                alt_flash_dev_list
 .sdata         0x040138e8        0x4 ../nios_hostFS_2_bsp/\libhal_bsp.a(alt_irq_vars.o)
                0x040138e8                alt_priority_mask
 .sdata         0x040138ec        0x8 ../nios_hostFS_2_bsp/\libhal_bsp.a(alt_tick.o)
                0x040138ec                alt_alarm_list
 *(.sdata2 .sdata2.* .gnu.linkonce.s2.*)
                0x040138f4                . = ALIGN (0x4)
                0x040138f4                _edata = ABSOLUTE (.)
                0x040138f4                PROVIDE (edata, ABSOLUTE (.))
                0x040138f4                PROVIDE (__ram_rwdata_end, ABSOLUTE (.))
                0x04011d4c                PROVIDE (__flash_rwdata_start, LOADADDR (.rwdata))

.bss            0x040138f4      0x33c
                0x040138f4                __bss_start = ABSOLUTE (.)
                0x040138f4                PROVIDE (__sbss_start, ABSOLUTE (.))
                0x040138f4                PROVIDE (___sbss_start, ABSOLUTE (.))
 *(.dynsbss)
 *(.sbss .sbss.* .gnu.linkonce.sb.*)
 .sbss          0x040138f4        0x1 obj/default/LCD32.o
 *fill*         0x040138f5        0x1 00
 .sbss          0x040138f6        0x4 obj/default/touch.o
 .sbss          0x040138fa        0x4 obj/default/touch.o
                0x040138fa                display
 *fill*         0x040138fe        0x2 00
 .sbss          0x04013900        0x4 d:/program/altera/13.0sp1/nios2eds/bin/gnu/h-i686-mingw32/bin/../lib/gcc/nios2-elf/4.1.2/../../../../nios2-elf/lib\libc.a(lib_a-int_errno.o)
                0x04013900                errno
 .sbss          0x04013904        0xc d:/program/altera/13.0sp1/nios2eds/bin/gnu/h-i686-mingw32/bin/../lib/gcc/nios2-elf/4.1.2/../../../../nios2-elf/lib\libc.a(lib_a-mallocr.o)
                0x04013904                __malloc_top_pad
                0x04013908                __malloc_max_sbrked_mem
                0x0401390c                __malloc_max_total_mem
 .sbss          0x04013910        0xc d:/program/altera/13.0sp1/nios2eds/bin/gnu/h-i686-mingw32/bin/../lib/gcc/nios2-elf/4.1.2/../../../../nios2-elf/lib\libc.a(lib_a-locale.o)
                0x04013910                __nlocale_changed
                0x04013914                __mlocale_changed
                0x04013918                _PathLocale
 .sbss          0x0401391c        0xc ../nios_hostFS_2_bsp/\libhal_bsp.a(alt_main.o)
                0x0401391c                alt_argc
                0x04013920                alt_argv
                0x04013924                alt_envp
 .sbss          0x04013928        0x4 ../nios_hostFS_2_bsp/\libhal_bsp.a(alt_irq_vars.o)
                0x04013928                alt_irq_active
 .sbss          0x0401392c        0x8 ../nios_hostFS_2_bsp/\libhal_bsp.a(alt_tick.o)
                0x0401392c                _alt_tick_rate
                0x04013930                _alt_nticks
 *(.sbss2 .sbss2.* .gnu.linkonce.sb2.*)
 *(.scommon)
                0x04013934                PROVIDE (__sbss_end, ABSOLUTE (.))
                0x04013934                PROVIDE (___sbss_end, ABSOLUTE (.))
 *(.dynbss)
 *(.bss .bss.* .gnu.linkonce.b.*)
 .bss           0x04013934        0x0 ../nios_hostFS_2_bsp//obj/HAL/src/crt0.o
 .bss           0x04013934        0x0 obj/default/AsciiLib.o
 .bss           0x04013934        0x0 obj/default/LCD32.o
 .bss           0x04013934        0x0 obj/default/game.o
 .bss           0x04013934        0x0 obj/default/main.o
 .bss           0x04013934        0x0 obj/default/touch.o
 .bss           0x04013934        0x0 d:/program/altera/13.0sp1/nios2eds/bin/gnu/h-i686-mingw32/bin/../lib/gcc/nios2-elf/4.1.2\libgcc.a(_fixunsdfsi.o)
 .bss           0x04013934        0x0 d:/program/altera/13.0sp1/nios2eds/bin/gnu/h-i686-mingw32/bin/../lib/gcc/nios2-elf/4.1.2\libgcc.a(_addsub_df.o)
 .bss           0x04013934        0x0 d:/program/altera/13.0sp1/nios2eds/bin/gnu/h-i686-mingw32/bin/../lib/gcc/nios2-elf/4.1.2\libgcc.a(_mul_df.o)
 .bss           0x04013934        0x0 d:/program/altera/13.0sp1/nios2eds/bin/gnu/h-i686-mingw32/bin/../lib/gcc/nios2-elf/4.1.2\libgcc.a(_div_df.o)
 .bss           0x04013934        0x0 d:/program/altera/13.0sp1/nios2eds/bin/gnu/h-i686-mingw32/bin/../lib/gcc/nios2-elf/4.1.2\libgcc.a(_eq_df.o)
 .bss           0x04013934        0x0 d:/program/altera/13.0sp1/nios2eds/bin/gnu/h-i686-mingw32/bin/../lib/gcc/nios2-elf/4.1.2\libgcc.a(_ne_df.o)
 .bss           0x04013934        0x0 d:/program/altera/13.0sp1/nios2eds/bin/gnu/h-i686-mingw32/bin/../lib/gcc/nios2-elf/4.1.2\libgcc.a(_ge_df.o)
 .bss           0x04013934        0x0 d:/program/altera/13.0sp1/nios2eds/bin/gnu/h-i686-mingw32/bin/../lib/gcc/nios2-elf/4.1.2\libgcc.a(_si_to_df.o)
 .bss           0x04013934        0x0 d:/program/altera/13.0sp1/nios2eds/bin/gnu/h-i686-mingw32/bin/../lib/gcc/nios2-elf/4.1.2\libgcc.a(_df_to_si.o)
 .bss           0x04013934        0x0 d:/program/altera/13.0sp1/nios2eds/bin/gnu/h-i686-mingw32/bin/../lib/gcc/nios2-elf/4.1.2\libgcc.a(_thenan_df.o)
 .bss           0x04013934        0x0 d:/program/altera/13.0sp1/nios2eds/bin/gnu/h-i686-mingw32/bin/../lib/gcc/nios2-elf/4.1.2\libgcc.a(_muldi3.o)
 .bss           0x04013934        0x0 d:/program/altera/13.0sp1/nios2eds/bin/gnu/h-i686-mingw32/bin/../lib/gcc/nios2-elf/4.1.2\libgcc.a(_clzsi2.o)
 .bss           0x04013934        0x0 d:/program/altera/13.0sp1/nios2eds/bin/gnu/h-i686-mingw32/bin/../lib/gcc/nios2-elf/4.1.2\libgcc.a(_pack_df.o)
 .bss           0x04013934        0x0 d:/program/altera/13.0sp1/nios2eds/bin/gnu/h-i686-mingw32/bin/../lib/gcc/nios2-elf/4.1.2\libgcc.a(_unpack_df.o)
 .bss           0x04013934        0x0 d:/program/altera/13.0sp1/nios2eds/bin/gnu/h-i686-mingw32/bin/../lib/gcc/nios2-elf/4.1.2\libgcc.a(_fpcmp_parts_df.o)
 .bss           0x04013934        0x0 d:/program/altera/13.0sp1/nios2eds/bin/gnu/h-i686-mingw32/bin/../lib/gcc/nios2-elf/4.1.2\libgcc.a(_clz.o)
 .bss           0x04013934        0x0 d:/program/altera/13.0sp1/nios2eds/bin/gnu/h-i686-mingw32/bin/../lib/gcc/nios2-elf/4.1.2/../../../../nios2-elf/lib\libc.a(lib_a-exit.o)
 .bss           0x04013934        0x0 d:/program/altera/13.0sp1/nios2eds/bin/gnu/h-i686-mingw32/bin/../lib/gcc/nios2-elf/4.1.2/../../../../nios2-elf/lib\libc.a(lib_a-fclose.o)
 .bss           0x04013934        0x0 d:/program/altera/13.0sp1/nios2eds/bin/gnu/h-i686-mingw32/bin/../lib/gcc/nios2-elf/4.1.2/../../../../nios2-elf/lib\libc.a(lib_a-fflush.o)
 .bss           0x04013934        0x0 d:/program/altera/13.0sp1/nios2eds/bin/gnu/h-i686-mingw32/bin/../lib/gcc/nios2-elf/4.1.2/../../../../nios2-elf/lib\libc.a(lib_a-fgets.o)
 .bss           0x04013934        0x0 d:/program/altera/13.0sp1/nios2eds/bin/gnu/h-i686-mingw32/bin/../lib/gcc/nios2-elf/4.1.2/../../../../nios2-elf/lib\libc.a(lib_a-findfp.o)
 .bss           0x04013934        0x0 d:/program/altera/13.0sp1/nios2eds/bin/gnu/h-i686-mingw32/bin/../lib/gcc/nios2-elf/4.1.2/../../../../nios2-elf/lib\libc.a(lib_a-fopen.o)
 .bss           0x04013934        0x0 d:/program/altera/13.0sp1/nios2eds/bin/gnu/h-i686-mingw32/bin/../lib/gcc/nios2-elf/4.1.2/../../../../nios2-elf/lib\libc.a(lib_a-fprintf.o)
 .bss           0x04013934        0x0 d:/program/altera/13.0sp1/nios2eds/bin/gnu/h-i686-mingw32/bin/../lib/gcc/nios2-elf/4.1.2/../../../../nios2-elf/lib\libc.a(lib_a-freer.o)
 .bss           0x04013934        0x0 d:/program/altera/13.0sp1/nios2eds/bin/gnu/h-i686-mingw32/bin/../lib/gcc/nios2-elf/4.1.2/../../../../nios2-elf/lib\libc.a(lib_a-fseek.o)
 .bss           0x04013934        0x0 d:/program/altera/13.0sp1/nios2eds/bin/gnu/h-i686-mingw32/bin/../lib/gcc/nios2-elf/4.1.2/../../../../nios2-elf/lib\libc.a(lib_a-fstatr.o)
 .bss           0x04013934        0x0 d:/program/altera/13.0sp1/nios2eds/bin/gnu/h-i686-mingw32/bin/../lib/gcc/nios2-elf/4.1.2/../../../../nios2-elf/lib\libc.a(lib_a-fwalk.o)
 .bss           0x04013934        0x0 d:/program/altera/13.0sp1/nios2eds/bin/gnu/h-i686-mingw32/bin/../lib/gcc/nios2-elf/4.1.2/../../../../nios2-elf/lib\libc.a(lib_a-impure.o)
 .bss           0x04013934        0x0 d:/program/altera/13.0sp1/nios2eds/bin/gnu/h-i686-mingw32/bin/../lib/gcc/nios2-elf/4.1.2/../../../../nios2-elf/lib\libc.a(lib_a-int_errno.o)
 .bss           0x04013934        0x0 d:/program/altera/13.0sp1/nios2eds/bin/gnu/h-i686-mingw32/bin/../lib/gcc/nios2-elf/4.1.2/../../../../nios2-elf/lib\libc.a(lib_a-makebuf.o)
 .bss           0x04013934       0x28 d:/program/altera/13.0sp1/nios2eds/bin/gnu/h-i686-mingw32/bin/../lib/gcc/nios2-elf/4.1.2/../../../../nios2-elf/lib\libc.a(lib_a-mallocr.o)
                0x04013934                __malloc_current_mallinfo
 .bss           0x0401395c        0x0 d:/program/altera/13.0sp1/nios2eds/bin/gnu/h-i686-mingw32/bin/../lib/gcc/nios2-elf/4.1.2/../../../../nios2-elf/lib\libc.a(lib_a-memchr.o)
 .bss           0x0401395c        0x0 d:/program/altera/13.0sp1/nios2eds/bin/gnu/h-i686-mingw32/bin/../lib/gcc/nios2-elf/4.1.2/../../../../nios2-elf/lib\libc.a(lib_a-memcpy.o)
 .bss           0x0401395c        0x0 d:/program/altera/13.0sp1/nios2eds/bin/gnu/h-i686-mingw32/bin/../lib/gcc/nios2-elf/4.1.2/../../../../nios2-elf/lib\libc.a(lib_a-memset.o)
 .bss           0x0401395c        0x0 d:/program/altera/13.0sp1/nios2eds/bin/gnu/h-i686-mingw32/bin/../lib/gcc/nios2-elf/4.1.2/../../../../nios2-elf/lib\libc.a(lib_a-openr.o)
 .bss           0x0401395c        0x0 d:/program/altera/13.0sp1/nios2eds/bin/gnu/h-i686-mingw32/bin/../lib/gcc/nios2-elf/4.1.2/../../../../nios2-elf/lib\libc.a(lib_a-printf.o)
 .bss           0x0401395c        0x0 d:/program/altera/13.0sp1/nios2eds/bin/gnu/h-i686-mingw32/bin/../lib/gcc/nios2-elf/4.1.2/../../../../nios2-elf/lib\libc.a(lib_a-puts.o)
 .bss           0x0401395c        0x0 d:/program/altera/13.0sp1/nios2eds/bin/gnu/h-i686-mingw32/bin/../lib/gcc/nios2-elf/4.1.2/../../../../nios2-elf/lib\libc.a(lib_a-refill.o)
 .bss           0x0401395c        0x0 d:/program/altera/13.0sp1/nios2eds/bin/gnu/h-i686-mingw32/bin/../lib/gcc/nios2-elf/4.1.2/../../../../nios2-elf/lib\libc.a(lib_a-sbrkr.o)
 .bss           0x0401395c        0x0 d:/program/altera/13.0sp1/nios2eds/bin/gnu/h-i686-mingw32/bin/../lib/gcc/nios2-elf/4.1.2/../../../../nios2-elf/lib\libc.a(lib_a-sprintf.o)
 .bss           0x0401395c        0x0 d:/program/altera/13.0sp1/nios2eds/bin/gnu/h-i686-mingw32/bin/../lib/gcc/nios2-elf/4.1.2/../../../../nios2-elf/lib\libc.a(lib_a-stdio.o)
 .bss           0x0401395c        0x0 d:/program/altera/13.0sp1/nios2eds/bin/gnu/h-i686-mingw32/bin/../lib/gcc/nios2-elf/4.1.2/../../../../nios2-elf/lib\libc.a(lib_a-strlen.o)
 .bss           0x0401395c        0x0 d:/program/altera/13.0sp1/nios2eds/bin/gnu/h-i686-mingw32/bin/../lib/gcc/nios2-elf/4.1.2/../../../../nios2-elf/lib\libc.a(lib_a-vfprintf.o)
 .bss           0x0401395c        0x0 d:/program/altera/13.0sp1/nios2eds/bin/gnu/h-i686-mingw32/bin/../lib/gcc/nios2-elf/4.1.2/../../../../nios2-elf/lib\libc.a(lib_a-writer.o)
 .bss           0x0401395c        0x0 d:/program/altera/13.0sp1/nios2eds/bin/gnu/h-i686-mingw32/bin/../lib/gcc/nios2-elf/4.1.2/../../../../nios2-elf/lib\libc.a(lib_a-wsetup.o)
 .bss           0x0401395c        0x0 d:/program/altera/13.0sp1/nios2eds/bin/gnu/h-i686-mingw32/bin/../lib/gcc/nios2-elf/4.1.2/../../../../nios2-elf/lib\libc.a(lib_a-__call_atexit.o)
 .bss           0x0401395c        0x0 d:/program/altera/13.0sp1/nios2eds/bin/gnu/h-i686-mingw32/bin/../lib/gcc/nios2-elf/4.1.2/../../../../nios2-elf/lib\libc.a(lib_a-closer.o)
 .bss           0x0401395c        0x0 d:/program/altera/13.0sp1/nios2eds/bin/gnu/h-i686-mingw32/bin/../lib/gcc/nios2-elf/4.1.2/../../../../nios2-elf/lib\libc.a(lib_a-dtoa.o)
 .bss           0x0401395c        0x0 d:/program/altera/13.0sp1/nios2eds/bin/gnu/h-i686-mingw32/bin/../lib/gcc/nios2-elf/4.1.2/../../../../nios2-elf/lib\libc.a(lib_a-flags.o)
 .bss           0x0401395c        0x0 d:/program/altera/13.0sp1/nios2eds/bin/gnu/h-i686-mingw32/bin/../lib/gcc/nios2-elf/4.1.2/../../../../nios2-elf/lib\libc.a(lib_a-fvwrite.o)
 .bss           0x0401395c        0x0 d:/program/altera/13.0sp1/nios2eds/bin/gnu/h-i686-mingw32/bin/../lib/gcc/nios2-elf/4.1.2/../../../../nios2-elf/lib\libc.a(lib_a-isattyr.o)
 .bss           0x0401395c        0x0 d:/program/altera/13.0sp1/nios2eds/bin/gnu/h-i686-mingw32/bin/../lib/gcc/nios2-elf/4.1.2/../../../../nios2-elf/lib\libc.a(lib_a-locale.o)
 .bss           0x0401395c        0x0 d:/program/altera/13.0sp1/nios2eds/bin/gnu/h-i686-mingw32/bin/../lib/gcc/nios2-elf/4.1.2/../../../../nios2-elf/lib\libc.a(lib_a-lseekr.o)
 .bss           0x0401395c        0x0 d:/program/altera/13.0sp1/nios2eds/bin/gnu/h-i686-mingw32/bin/../lib/gcc/nios2-elf/4.1.2/../../../../nios2-elf/lib\libc.a(lib_a-memmove.o)
 .bss           0x0401395c        0x0 d:/program/altera/13.0sp1/nios2eds/bin/gnu/h-i686-mingw32/bin/../lib/gcc/nios2-elf/4.1.2/../../../../nios2-elf/lib\libc.a(lib_a-mprec.o)
 .bss           0x0401395c        0x0 d:/program/altera/13.0sp1/nios2eds/bin/gnu/h-i686-mingw32/bin/../lib/gcc/nios2-elf/4.1.2/../../../../nios2-elf/lib\libc.a(lib_a-readr.o)
 .bss           0x0401395c        0x0 d:/program/altera/13.0sp1/nios2eds/bin/gnu/h-i686-mingw32/bin/../lib/gcc/nios2-elf/4.1.2/../../../../nios2-elf/lib\libc.a(lib_a-reallocr.o)
 .bss           0x0401395c        0x0 d:/program/altera/13.0sp1/nios2eds/bin/gnu/h-i686-mingw32/bin/../lib/gcc/nios2-elf/4.1.2/../../../../nios2-elf/lib\libc.a(lib_a-s_isinfd.o)
 .bss           0x0401395c        0x0 d:/program/altera/13.0sp1/nios2eds/bin/gnu/h-i686-mingw32/bin/../lib/gcc/nios2-elf/4.1.2/../../../../nios2-elf/lib\libc.a(lib_a-s_isnand.o)
 .bss           0x0401395c        0x0 d:/program/altera/13.0sp1/nios2eds/bin/gnu/h-i686-mingw32/bin/../lib/gcc/nios2-elf/4.1.2/../../../../nios2-elf/lib\libc.a(lib_a-strcmp.o)
 .bss           0x0401395c        0x0 d:/program/altera/13.0sp1/nios2eds/bin/gnu/h-i686-mingw32/bin/../lib/gcc/nios2-elf/4.1.2/../../../../nios2-elf/lib\libc.a(lib_a-callocr.o)
 .bss           0x0401395c        0x0 d:/program/altera/13.0sp1/nios2eds/bin/gnu/h-i686-mingw32/bin/../lib/gcc/nios2-elf/4.1.2\libgcc.a(_udivdi3.o)
 .bss           0x0401395c        0x0 d:/program/altera/13.0sp1/nios2eds/bin/gnu/h-i686-mingw32/bin/../lib/gcc/nios2-elf/4.1.2\libgcc.a(_umoddi3.o)
 .bss           0x0401395c        0x0 d:/program/altera/13.0sp1/nios2eds/bin/gnu/h-i686-mingw32/bin/../lib/gcc/nios2-elf/4.1.2\libgcc.a(_gt_df.o)
 .bss           0x0401395c        0x0 d:/program/altera/13.0sp1/nios2eds/bin/gnu/h-i686-mingw32/bin/../lib/gcc/nios2-elf/4.1.2\libgcc.a(_lt_df.o)
 .bss           0x0401395c        0x0 d:/program/altera/13.0sp1/nios2eds/bin/gnu/h-i686-mingw32/bin/../lib/gcc/nios2-elf/4.1.2\libgcc.a(_usi_to_df.o)
 .bss           0x0401395c        0x0 d:/program/altera/13.0sp1/nios2eds/bin/gnu/h-i686-mingw32/bin/../lib/gcc/nios2-elf/4.1.2\libgcc.a(lib2-divmod.o)
 .bss           0x0401395c        0x0 ../nios_hostFS_2_bsp/\libhal_bsp.a(alt_close.o)
 .bss           0x0401395c        0x0 ../nios_hostFS_2_bsp/\libhal_bsp.a(alt_dev.o)
 .bss           0x0401395c        0x0 ../nios_hostFS_2_bsp/\libhal_bsp.a(alt_errno.o)
 .bss           0x0401395c        0x0 ../nios_hostFS_2_bsp/\libhal_bsp.a(alt_exit.o)
 .bss           0x0401395c        0x0 ../nios_hostFS_2_bsp/\libhal_bsp.a(alt_fstat.o)
 .bss           0x0401395c        0x0 ../nios_hostFS_2_bsp/\libhal_bsp.a(alt_isatty.o)
 .bss           0x0401395c        0x0 ../nios_hostFS_2_bsp/\libhal_bsp.a(alt_lseek.o)
 .bss           0x0401395c        0x0 ../nios_hostFS_2_bsp/\libhal_bsp.a(alt_main.o)
 .bss           0x0401395c        0x0 ../nios_hostFS_2_bsp/\libhal_bsp.a(alt_malloc_lock.o)
 .bss           0x0401395c        0x0 ../nios_hostFS_2_bsp/\libhal_bsp.a(alt_open.o)
 .bss           0x0401395c        0x0 ../nios_hostFS_2_bsp/\libhal_bsp.a(alt_read.o)
 .bss           0x0401395c        0x0 ../nios_hostFS_2_bsp/\libhal_bsp.a(alt_release_fd.o)
 .bss           0x0401395c        0x0 ../nios_hostFS_2_bsp/\libhal_bsp.a(alt_sbrk.o)
 .bss           0x0401395c        0x0 ../nios_hostFS_2_bsp/\libhal_bsp.a(alt_usleep.o)
 .bss           0x0401395c        0x0 ../nios_hostFS_2_bsp/\libhal_bsp.a(alt_write.o)
 .bss           0x0401395c        0x0 ../nios_hostFS_2_bsp/\libhal_bsp.a(alt_sys_init.o)
 .bss           0x0401395c        0x0 ../nios_hostFS_2_bsp/\libhal_bsp.a(altera_avalon_epcs_flash_controller.o)
 .bss           0x0401395c        0x0 ../nios_hostFS_2_bsp/\libhal_bsp.a(altera_avalon_jtag_uart_fd.o)
 .bss           0x0401395c        0x0 ../nios_hostFS_2_bsp/\libhal_bsp.a(altera_avalon_jtag_uart_init.o)
 .bss           0x0401395c        0x0 ../nios_hostFS_2_bsp/\libhal_bsp.a(altera_avalon_jtag_uart_ioctl.o)
 .bss           0x0401395c        0x0 ../nios_hostFS_2_bsp/\libhal_bsp.a(altera_avalon_jtag_uart_read.o)
 .bss           0x0401395c        0x0 ../nios_hostFS_2_bsp/\libhal_bsp.a(altera_avalon_jtag_uart_write.o)
 .bss           0x0401395c        0x0 ../nios_hostFS_2_bsp/\libhal_bsp.a(altera_avalon_spi.o)
 .bss           0x0401395c        0x0 ../nios_hostFS_2_bsp/\libhal_bsp.a(altera_hostfs.o)
 .bss           0x0401395c        0x0 ../nios_hostFS_2_bsp/\libhal_bsp.a(epcs_commands.o)
 .bss           0x0401395c        0x0 ../nios_hostFS_2_bsp/\libhal_bsp.a(alt_alarm_start.o)
 .bss           0x0401395c        0x0 ../nios_hostFS_2_bsp/\libhal_bsp.a(alt_busy_sleep.o)
 .bss           0x0401395c        0x0 ../nios_hostFS_2_bsp/\libhal_bsp.a(alt_dev_llist_insert.o)
 .bss           0x0401395c        0x0 ../nios_hostFS_2_bsp/\libhal_bsp.a(alt_do_ctors.o)
 .bss           0x0401395c        0x0 ../nios_hostFS_2_bsp/\libhal_bsp.a(alt_do_dtors.o)
 .bss           0x0401395c        0x0 ../nios_hostFS_2_bsp/\libhal_bsp.a(alt_find_dev.o)
 .bss           0x0401395c        0x0 ../nios_hostFS_2_bsp/\libhal_bsp.a(alt_find_file.o)
 .bss           0x0401395c        0x0 ../nios_hostFS_2_bsp/\libhal_bsp.a(alt_flash_dev.o)
 .bss           0x0401395c        0x0 ../nios_hostFS_2_bsp/\libhal_bsp.a(alt_fs_reg.o)
 .bss           0x0401395c        0x0 ../nios_hostFS_2_bsp/\libhal_bsp.a(alt_get_fd.o)
 .bss           0x0401395c        0x0 ../nios_hostFS_2_bsp/\libhal_bsp.a(alt_iic.o)
 .bss           0x0401395c        0x0 ../nios_hostFS_2_bsp/\libhal_bsp.a(alt_iic_isr_register.o)
 .bss           0x0401395c        0x0 ../nios_hostFS_2_bsp/\libhal_bsp.a(alt_io_redirect.o)
 .bss           0x0401395c        0x0 ../nios_hostFS_2_bsp/\libhal_bsp.a(alt_irq_entry.o)
 .bss           0x0401395c        0x0 ../nios_hostFS_2_bsp/\libhal_bsp.a(alt_irq_handler.o)
 .bss           0x0401395c        0x0 ../nios_hostFS_2_bsp/\libhal_bsp.a(alt_irq_vars.o)
 .bss           0x0401395c        0x0 ../nios_hostFS_2_bsp/\libhal_bsp.a(alt_tick.o)
 .bss           0x0401395c        0x0 ../nios_hostFS_2_bsp/\libhal_bsp.a(altera_nios2_qsys_irq.o)
 .bss           0x0401395c        0x0 ../nios_hostFS_2_bsp/\libhal_bsp.a(alt_exception_entry.o)
 .bss           0x0401395c        0x0 d:/program/altera/13.0sp1/nios2eds/bin/gnu/h-i686-mingw32/bin/../lib/gcc/nios2-elf/4.1.2/../../../../nios2-elf/lib\libc.a(lib_a-atexit.o)
 .bss           0x0401395c        0x0 d:/program/altera/13.0sp1/nios2eds/bin/gnu/h-i686-mingw32/bin/../lib/gcc/nios2-elf/4.1.2/../../../../nios2-elf/lib\libc.a(lib_a-memcmp.o)
 .bss           0x0401395c        0x0 d:/program/altera/13.0sp1/nios2eds/bin/gnu/h-i686-mingw32/bin/../lib/gcc/nios2-elf/4.1.2/../../../../nios2-elf/lib\libc.a(lib_a-__atexit.o)
 *(COMMON)
 COMMON         0x0401395c       0x44 obj/default/touch.o
                0x0401395c                ScreenSample
                0x04013968                matrix
 COMMON         0x040139a0      0x100 ../nios_hostFS_2_bsp/\libhal_bsp.a(alt_irq_handler.o)
                0x040139a0                alt_irq
 COMMON         0x04013aa0      0x190 d:/program/altera/13.0sp1/nios2eds/bin/gnu/h-i686-mingw32/bin/../lib/gcc/nios2-elf/4.1.2/../../../../nios2-elf/lib\libc.a(lib_a-atexit.o)
                0x04013aa0                _atexit0
                0x04013c30                . = ALIGN (0x4)
                0x04013c30                __bss_end = ABSOLUTE (.)

.epcs           0x00000020        0x0
                0x00000020                PROVIDE (_alt_partition_epcs_start, ABSOLUTE (.))
 *(.epcs. epcs.*)
                0x00000020                . = ALIGN (0x4)
                0x00000020                PROVIDE (_alt_partition_epcs_end, ABSOLUTE (.))
                0x00000020                PROVIDE (_alt_partition_epcs_load_addr, LOADADDR (.epcs))

.sdram          0x04013c30        0x0
                0x04013c30                PROVIDE (_alt_partition_sdram_start, ABSOLUTE (.))
 *(.sdram. sdram.*)
                0x04013c30                . = ALIGN (0x4)
                0x04013c30                PROVIDE (_alt_partition_sdram_end, ABSOLUTE (.))
                0x04013c30                _end = ABSOLUTE (.)
                0x04013c30                end = ABSOLUTE (.)
                0x04013c30                __alt_stack_base = ABSOLUTE (.)
                0x04013c30                PROVIDE (_alt_partition_sdram_load_addr, LOADADDR (.sdram))

.stab
 *(.stab)

.stabstr
 *(.stabstr)

.stab.excl
 *(.stab.excl)

.stab.exclstr
 *(.stab.exclstr)

.stab.index
 *(.stab.index)

.stab.indexstr
 *(.stab.indexstr)

.comment        0x00000000       0x26
 *(.comment)
 .comment       0x00000000       0x26 obj/default/AsciiLib.o
                                 0x27 (size before relaxing)
 .comment       0x00000000       0x27 obj/default/LCD32.o
 .comment       0x00000000       0x27 obj/default/game.o
 .comment       0x00000000       0x27 obj/default/main.o
 .comment       0x00000000       0x27 obj/default/touch.o
 .comment       0x00000000       0x27 d:/program/altera/13.0sp1/nios2eds/bin/gnu/h-i686-mingw32/bin/../lib/gcc/nios2-elf/4.1.2\libgcc.a(_fixunsdfsi.o)
 .comment       0x00000000       0x27 d:/program/altera/13.0sp1/nios2eds/bin/gnu/h-i686-mingw32/bin/../lib/gcc/nios2-elf/4.1.2\libgcc.a(_addsub_df.o)
 .comment       0x00000000       0x27 d:/program/altera/13.0sp1/nios2eds/bin/gnu/h-i686-mingw32/bin/../lib/gcc/nios2-elf/4.1.2\libgcc.a(_mul_df.o)
 .comment       0x00000000       0x27 d:/program/altera/13.0sp1/nios2eds/bin/gnu/h-i686-mingw32/bin/../lib/gcc/nios2-elf/4.1.2\libgcc.a(_div_df.o)
 .comment       0x00000000       0x27 d:/program/altera/13.0sp1/nios2eds/bin/gnu/h-i686-mingw32/bin/../lib/gcc/nios2-elf/4.1.2\libgcc.a(_eq_df.o)
 .comment       0x00000000       0x27 d:/program/altera/13.0sp1/nios2eds/bin/gnu/h-i686-mingw32/bin/../lib/gcc/nios2-elf/4.1.2\libgcc.a(_ne_df.o)
 .comment       0x00000000       0x27 d:/program/altera/13.0sp1/nios2eds/bin/gnu/h-i686-mingw32/bin/../lib/gcc/nios2-elf/4.1.2\libgcc.a(_ge_df.o)
 .comment       0x00000000       0x27 d:/program/altera/13.0sp1/nios2eds/bin/gnu/h-i686-mingw32/bin/../lib/gcc/nios2-elf/4.1.2\libgcc.a(_si_to_df.o)
 .comment       0x00000000       0x27 d:/program/altera/13.0sp1/nios2eds/bin/gnu/h-i686-mingw32/bin/../lib/gcc/nios2-elf/4.1.2\libgcc.a(_df_to_si.o)
 .comment       0x00000000       0x27 d:/program/altera/13.0sp1/nios2eds/bin/gnu/h-i686-mingw32/bin/../lib/gcc/nios2-elf/4.1.2\libgcc.a(_thenan_df.o)
 .comment       0x00000000       0x27 d:/program/altera/13.0sp1/nios2eds/bin/gnu/h-i686-mingw32/bin/../lib/gcc/nios2-elf/4.1.2\libgcc.a(_muldi3.o)
 .comment       0x00000000       0x27 d:/program/altera/13.0sp1/nios2eds/bin/gnu/h-i686-mingw32/bin/../lib/gcc/nios2-elf/4.1.2\libgcc.a(_clzsi2.o)
 .comment       0x00000000       0x27 d:/program/altera/13.0sp1/nios2eds/bin/gnu/h-i686-mingw32/bin/../lib/gcc/nios2-elf/4.1.2\libgcc.a(_pack_df.o)
 .comment       0x00000000       0x27 d:/program/altera/13.0sp1/nios2eds/bin/gnu/h-i686-mingw32/bin/../lib/gcc/nios2-elf/4.1.2\libgcc.a(_unpack_df.o)
 .comment       0x00000000       0x27 d:/program/altera/13.0sp1/nios2eds/bin/gnu/h-i686-mingw32/bin/../lib/gcc/nios2-elf/4.1.2\libgcc.a(_fpcmp_parts_df.o)
 .comment       0x00000000       0x27 d:/program/altera/13.0sp1/nios2eds/bin/gnu/h-i686-mingw32/bin/../lib/gcc/nios2-elf/4.1.2\libgcc.a(_clz.o)
 .comment       0x00000000       0x27 d:/program/altera/13.0sp1/nios2eds/bin/gnu/h-i686-mingw32/bin/../lib/gcc/nios2-elf/4.1.2/../../../../nios2-elf/lib\libc.a(lib_a-exit.o)
 .comment       0x00000000       0x27 d:/program/altera/13.0sp1/nios2eds/bin/gnu/h-i686-mingw32/bin/../lib/gcc/nios2-elf/4.1.2/../../../../nios2-elf/lib\libc.a(lib_a-fclose.o)
 .comment       0x00000000       0x27 d:/program/altera/13.0sp1/nios2eds/bin/gnu/h-i686-mingw32/bin/../lib/gcc/nios2-elf/4.1.2/../../../../nios2-elf/lib\libc.a(lib_a-fflush.o)
 .comment       0x00000000       0x27 d:/program/altera/13.0sp1/nios2eds/bin/gnu/h-i686-mingw32/bin/../lib/gcc/nios2-elf/4.1.2/../../../../nios2-elf/lib\libc.a(lib_a-fgets.o)
 .comment       0x00000000       0x27 d:/program/altera/13.0sp1/nios2eds/bin/gnu/h-i686-mingw32/bin/../lib/gcc/nios2-elf/4.1.2/../../../../nios2-elf/lib\libc.a(lib_a-findfp.o)
 .comment       0x00000000       0x27 d:/program/altera/13.0sp1/nios2eds/bin/gnu/h-i686-mingw32/bin/../lib/gcc/nios2-elf/4.1.2/../../../../nios2-elf/lib\libc.a(lib_a-fopen.o)
 .comment       0x00000000       0x27 d:/program/altera/13.0sp1/nios2eds/bin/gnu/h-i686-mingw32/bin/../lib/gcc/nios2-elf/4.1.2/../../../../nios2-elf/lib\libc.a(lib_a-fprintf.o)
 .comment       0x00000000       0x27 d:/program/altera/13.0sp1/nios2eds/bin/gnu/h-i686-mingw32/bin/../lib/gcc/nios2-elf/4.1.2/../../../../nios2-elf/lib\libc.a(lib_a-freer.o)
 .comment       0x00000000       0x27 d:/program/altera/13.0sp1/nios2eds/bin/gnu/h-i686-mingw32/bin/../lib/gcc/nios2-elf/4.1.2/../../../../nios2-elf/lib\libc.a(lib_a-fseek.o)
 .comment       0x00000000       0x27 d:/program/altera/13.0sp1/nios2eds/bin/gnu/h-i686-mingw32/bin/../lib/gcc/nios2-elf/4.1.2/../../../../nios2-elf/lib\libc.a(lib_a-fstatr.o)
 .comment       0x00000000       0x27 d:/program/altera/13.0sp1/nios2eds/bin/gnu/h-i686-mingw32/bin/../lib/gcc/nios2-elf/4.1.2/../../../../nios2-elf/lib\libc.a(lib_a-fwalk.o)
 .comment       0x00000000       0x27 d:/program/altera/13.0sp1/nios2eds/bin/gnu/h-i686-mingw32/bin/../lib/gcc/nios2-elf/4.1.2/../../../../nios2-elf/lib\libc.a(lib_a-impure.o)
 .comment       0x00000000       0x27 d:/program/altera/13.0sp1/nios2eds/bin/gnu/h-i686-mingw32/bin/../lib/gcc/nios2-elf/4.1.2/../../../../nios2-elf/lib\libc.a(lib_a-int_errno.o)
 .comment       0x00000000       0x27 d:/program/altera/13.0sp1/nios2eds/bin/gnu/h-i686-mingw32/bin/../lib/gcc/nios2-elf/4.1.2/../../../../nios2-elf/lib\libc.a(lib_a-makebuf.o)
 .comment       0x00000000       0x27 d:/program/altera/13.0sp1/nios2eds/bin/gnu/h-i686-mingw32/bin/../lib/gcc/nios2-elf/4.1.2/../../../../nios2-elf/lib\libc.a(lib_a-mallocr.o)
 .comment       0x00000000       0x27 d:/program/altera/13.0sp1/nios2eds/bin/gnu/h-i686-mingw32/bin/../lib/gcc/nios2-elf/4.1.2/../../../../nios2-elf/lib\libc.a(lib_a-memchr.o)
 .comment       0x00000000       0x27 d:/program/altera/13.0sp1/nios2eds/bin/gnu/h-i686-mingw32/bin/../lib/gcc/nios2-elf/4.1.2/../../../../nios2-elf/lib\libc.a(lib_a-memcpy.o)
 .comment       0x00000000       0x27 d:/program/altera/13.0sp1/nios2eds/bin/gnu/h-i686-mingw32/bin/../lib/gcc/nios2-elf/4.1.2/../../../../nios2-elf/lib\libc.a(lib_a-memset.o)
 .comment       0x00000000       0x27 d:/program/altera/13.0sp1/nios2eds/bin/gnu/h-i686-mingw32/bin/../lib/gcc/nios2-elf/4.1.2/../../../../nios2-elf/lib\libc.a(lib_a-openr.o)
 .comment       0x00000000       0x27 d:/program/altera/13.0sp1/nios2eds/bin/gnu/h-i686-mingw32/bin/../lib/gcc/nios2-elf/4.1.2/../../../../nios2-elf/lib\libc.a(lib_a-printf.o)
 .comment       0x00000000       0x27 d:/program/altera/13.0sp1/nios2eds/bin/gnu/h-i686-mingw32/bin/../lib/gcc/nios2-elf/4.1.2/../../../../nios2-elf/lib\libc.a(lib_a-puts.o)
 .comment       0x00000000       0x27 d:/program/altera/13.0sp1/nios2eds/bin/gnu/h-i686-mingw32/bin/../lib/gcc/nios2-elf/4.1.2/../../../../nios2-elf/lib\libc.a(lib_a-refill.o)
 .comment       0x00000000       0x27 d:/program/altera/13.0sp1/nios2eds/bin/gnu/h-i686-mingw32/bin/../lib/gcc/nios2-elf/4.1.2/../../../../nios2-elf/lib\libc.a(lib_a-sbrkr.o)
 .comment       0x00000000       0x27 d:/program/altera/13.0sp1/nios2eds/bin/gnu/h-i686-mingw32/bin/../lib/gcc/nios2-elf/4.1.2/../../../../nios2-elf/lib\libc.a(lib_a-sprintf.o)
 .comment       0x00000000       0x27 d:/program/altera/13.0sp1/nios2eds/bin/gnu/h-i686-mingw32/bin/../lib/gcc/nios2-elf/4.1.2/../../../../nios2-elf/lib\libc.a(lib_a-stdio.o)
 .comment       0x00000000       0x27 d:/program/altera/13.0sp1/nios2eds/bin/gnu/h-i686-mingw32/bin/../lib/gcc/nios2-elf/4.1.2/../../../../nios2-elf/lib\libc.a(lib_a-strlen.o)
 .comment       0x00000000       0x27 d:/program/altera/13.0sp1/nios2eds/bin/gnu/h-i686-mingw32/bin/../lib/gcc/nios2-elf/4.1.2/../../../../nios2-elf/lib\libc.a(lib_a-vfprintf.o)
 .comment       0x00000000       0x27 d:/program/altera/13.0sp1/nios2eds/bin/gnu/h-i686-mingw32/bin/../lib/gcc/nios2-elf/4.1.2/../../../../nios2-elf/lib\libc.a(lib_a-writer.o)
 .comment       0x00000000       0x27 d:/program/altera/13.0sp1/nios2eds/bin/gnu/h-i686-mingw32/bin/../lib/gcc/nios2-elf/4.1.2/../../../../nios2-elf/lib\libc.a(lib_a-wsetup.o)
 .comment       0x00000000       0x27 d:/program/altera/13.0sp1/nios2eds/bin/gnu/h-i686-mingw32/bin/../lib/gcc/nios2-elf/4.1.2/../../../../nios2-elf/lib\libc.a(lib_a-__call_atexit.o)
 .comment       0x00000000       0x27 d:/program/altera/13.0sp1/nios2eds/bin/gnu/h-i686-mingw32/bin/../lib/gcc/nios2-elf/4.1.2/../../../../nios2-elf/lib\libc.a(lib_a-closer.o)
 .comment       0x00000000       0x27 d:/program/altera/13.0sp1/nios2eds/bin/gnu/h-i686-mingw32/bin/../lib/gcc/nios2-elf/4.1.2/../../../../nios2-elf/lib\libc.a(lib_a-dtoa.o)
 .comment       0x00000000       0x27 d:/program/altera/13.0sp1/nios2eds/bin/gnu/h-i686-mingw32/bin/../lib/gcc/nios2-elf/4.1.2/../../../../nios2-elf/lib\libc.a(lib_a-flags.o)
 .comment       0x00000000       0x27 d:/program/altera/13.0sp1/nios2eds/bin/gnu/h-i686-mingw32/bin/../lib/gcc/nios2-elf/4.1.2/../../../../nios2-elf/lib\libc.a(lib_a-fvwrite.o)
 .comment       0x00000000       0x27 d:/program/altera/13.0sp1/nios2eds/bin/gnu/h-i686-mingw32/bin/../lib/gcc/nios2-elf/4.1.2/../../../../nios2-elf/lib\libc.a(lib_a-isattyr.o)
 .comment       0x00000000       0x27 d:/program/altera/13.0sp1/nios2eds/bin/gnu/h-i686-mingw32/bin/../lib/gcc/nios2-elf/4.1.2/../../../../nios2-elf/lib\libc.a(lib_a-locale.o)
 .comment       0x00000000       0x27 d:/program/altera/13.0sp1/nios2eds/bin/gnu/h-i686-mingw32/bin/../lib/gcc/nios2-elf/4.1.2/../../../../nios2-elf/lib\libc.a(lib_a-lseekr.o)
 .comment       0x00000000       0x27 d:/program/altera/13.0sp1/nios2eds/bin/gnu/h-i686-mingw32/bin/../lib/gcc/nios2-elf/4.1.2/../../../../nios2-elf/lib\libc.a(lib_a-memmove.o)
 .comment       0x00000000       0x27 d:/program/altera/13.0sp1/nios2eds/bin/gnu/h-i686-mingw32/bin/../lib/gcc/nios2-elf/4.1.2/../../../../nios2-elf/lib\libc.a(lib_a-mprec.o)
 .comment       0x00000000       0x27 d:/program/altera/13.0sp1/nios2eds/bin/gnu/h-i686-mingw32/bin/../lib/gcc/nios2-elf/4.1.2/../../../../nios2-elf/lib\libc.a(lib_a-readr.o)
 .comment       0x00000000       0x27 d:/program/altera/13.0sp1/nios2eds/bin/gnu/h-i686-mingw32/bin/../lib/gcc/nios2-elf/4.1.2/../../../../nios2-elf/lib\libc.a(lib_a-reallocr.o)
 .comment       0x00000000       0x27 d:/program/altera/13.0sp1/nios2eds/bin/gnu/h-i686-mingw32/bin/../lib/gcc/nios2-elf/4.1.2/../../../../nios2-elf/lib\libc.a(lib_a-s_isinfd.o)
 .comment       0x00000000       0x27 d:/program/altera/13.0sp1/nios2eds/bin/gnu/h-i686-mingw32/bin/../lib/gcc/nios2-elf/4.1.2/../../../../nios2-elf/lib\libc.a(lib_a-s_isnand.o)
 .comment       0x00000000       0x27 d:/program/altera/13.0sp1/nios2eds/bin/gnu/h-i686-mingw32/bin/../lib/gcc/nios2-elf/4.1.2/../../../../nios2-elf/lib\libc.a(lib_a-strcmp.o)
 .comment       0x00000000       0x27 d:/program/altera/13.0sp1/nios2eds/bin/gnu/h-i686-mingw32/bin/../lib/gcc/nios2-elf/4.1.2/../../../../nios2-elf/lib\libc.a(lib_a-callocr.o)
 .comment       0x00000000       0x27 d:/program/altera/13.0sp1/nios2eds/bin/gnu/h-i686-mingw32/bin/../lib/gcc/nios2-elf/4.1.2\libgcc.a(_udivdi3.o)
 .comment       0x00000000       0x27 d:/program/altera/13.0sp1/nios2eds/bin/gnu/h-i686-mingw32/bin/../lib/gcc/nios2-elf/4.1.2\libgcc.a(_umoddi3.o)
 .comment       0x00000000       0x27 d:/program/altera/13.0sp1/nios2eds/bin/gnu/h-i686-mingw32/bin/../lib/gcc/nios2-elf/4.1.2\libgcc.a(_gt_df.o)
 .comment       0x00000000       0x27 d:/program/altera/13.0sp1/nios2eds/bin/gnu/h-i686-mingw32/bin/../lib/gcc/nios2-elf/4.1.2\libgcc.a(_lt_df.o)
 .comment       0x00000000       0x27 d:/program/altera/13.0sp1/nios2eds/bin/gnu/h-i686-mingw32/bin/../lib/gcc/nios2-elf/4.1.2\libgcc.a(_usi_to_df.o)
 .comment       0x00000000       0x27 d:/program/altera/13.0sp1/nios2eds/bin/gnu/h-i686-mingw32/bin/../lib/gcc/nios2-elf/4.1.2\libgcc.a(lib2-divmod.o)
 .comment       0x00000000       0x27 ../nios_hostFS_2_bsp/\libhal_bsp.a(alt_close.o)
 .comment       0x00000000       0x27 ../nios_hostFS_2_bsp/\libhal_bsp.a(alt_dev.o)
 .comment       0x00000000       0x27 ../nios_hostFS_2_bsp/\libhal_bsp.a(alt_errno.o)
 .comment       0x00000000       0x27 ../nios_hostFS_2_bsp/\libhal_bsp.a(alt_exit.o)
 .comment       0x00000000       0x27 ../nios_hostFS_2_bsp/\libhal_bsp.a(alt_fstat.o)
 .comment       0x00000000       0x27 ../nios_hostFS_2_bsp/\libhal_bsp.a(alt_isatty.o)
 .comment       0x00000000       0x27 ../nios_hostFS_2_bsp/\libhal_bsp.a(alt_lseek.o)
 .comment       0x00000000       0x27 ../nios_hostFS_2_bsp/\libhal_bsp.a(alt_main.o)
 .comment       0x00000000       0x27 ../nios_hostFS_2_bsp/\libhal_bsp.a(alt_malloc_lock.o)
 .comment       0x00000000       0x27 ../nios_hostFS_2_bsp/\libhal_bsp.a(alt_open.o)
 .comment       0x00000000       0x27 ../nios_hostFS_2_bsp/\libhal_bsp.a(alt_read.o)
 .comment       0x00000000       0x27 ../nios_hostFS_2_bsp/\libhal_bsp.a(alt_release_fd.o)
 .comment       0x00000000       0x27 ../nios_hostFS_2_bsp/\libhal_bsp.a(alt_sbrk.o)
 .comment       0x00000000       0x27 ../nios_hostFS_2_bsp/\libhal_bsp.a(alt_usleep.o)
 .comment       0x00000000       0x27 ../nios_hostFS_2_bsp/\libhal_bsp.a(alt_write.o)
 .comment       0x00000000       0x27 ../nios_hostFS_2_bsp/\libhal_bsp.a(alt_sys_init.o)
 .comment       0x00000000       0x27 ../nios_hostFS_2_bsp/\libhal_bsp.a(altera_avalon_epcs_flash_controller.o)
 .comment       0x00000000       0x27 ../nios_hostFS_2_bsp/\libhal_bsp.a(altera_avalon_jtag_uart_fd.o)
 .comment       0x00000000       0x27 ../nios_hostFS_2_bsp/\libhal_bsp.a(altera_avalon_jtag_uart_init.o)
 .comment       0x00000000       0x27 ../nios_hostFS_2_bsp/\libhal_bsp.a(altera_avalon_jtag_uart_ioctl.o)
 .comment       0x00000000       0x27 ../nios_hostFS_2_bsp/\libhal_bsp.a(altera_avalon_jtag_uart_read.o)
 .comment       0x00000000       0x27 ../nios_hostFS_2_bsp/\libhal_bsp.a(altera_avalon_jtag_uart_write.o)
 .comment       0x00000000       0x27 ../nios_hostFS_2_bsp/\libhal_bsp.a(altera_avalon_spi.o)
 .comment       0x00000000       0x27 ../nios_hostFS_2_bsp/\libhal_bsp.a(altera_hostfs.o)
 .comment       0x00000000       0x27 ../nios_hostFS_2_bsp/\libhal_bsp.a(epcs_commands.o)
 .comment       0x00000000       0x27 ../nios_hostFS_2_bsp/\libhal_bsp.a(alt_alarm_start.o)
 .comment       0x00000000       0x27 ../nios_hostFS_2_bsp/\libhal_bsp.a(alt_busy_sleep.o)
 .comment       0x00000000       0x27 ../nios_hostFS_2_bsp/\libhal_bsp.a(alt_dev_llist_insert.o)
 .comment       0x00000000       0x27 ../nios_hostFS_2_bsp/\libhal_bsp.a(alt_do_ctors.o)
 .comment       0x00000000       0x27 ../nios_hostFS_2_bsp/\libhal_bsp.a(alt_do_dtors.o)
 .comment       0x00000000       0x27 ../nios_hostFS_2_bsp/\libhal_bsp.a(alt_find_dev.o)
 .comment       0x00000000       0x27 ../nios_hostFS_2_bsp/\libhal_bsp.a(alt_find_file.o)
 .comment       0x00000000       0x27 ../nios_hostFS_2_bsp/\libhal_bsp.a(alt_flash_dev.o)
 .comment       0x00000000       0x27 ../nios_hostFS_2_bsp/\libhal_bsp.a(alt_fs_reg.o)
 .comment       0x00000000       0x27 ../nios_hostFS_2_bsp/\libhal_bsp.a(alt_get_fd.o)
 .comment       0x00000000       0x27 ../nios_hostFS_2_bsp/\libhal_bsp.a(alt_iic.o)
 .comment       0x00000000       0x27 ../nios_hostFS_2_bsp/\libhal_bsp.a(alt_iic_isr_register.o)
 .comment       0x00000000       0x27 ../nios_hostFS_2_bsp/\libhal_bsp.a(alt_io_redirect.o)
 .comment       0x00000000       0x27 ../nios_hostFS_2_bsp/\libhal_bsp.a(alt_irq_handler.o)
 .comment       0x00000000       0x27 ../nios_hostFS_2_bsp/\libhal_bsp.a(alt_irq_vars.o)
 .comment       0x00000000       0x27 ../nios_hostFS_2_bsp/\libhal_bsp.a(alt_tick.o)
 .comment       0x00000000       0x27 ../nios_hostFS_2_bsp/\libhal_bsp.a(altera_nios2_qsys_irq.o)
 .comment       0x00000000       0x27 d:/program/altera/13.0sp1/nios2eds/bin/gnu/h-i686-mingw32/bin/../lib/gcc/nios2-elf/4.1.2/../../../../nios2-elf/lib\libc.a(lib_a-atexit.o)
 .comment       0x00000000       0x27 d:/program/altera/13.0sp1/nios2eds/bin/gnu/h-i686-mingw32/bin/../lib/gcc/nios2-elf/4.1.2/../../../../nios2-elf/lib\libc.a(lib_a-memcmp.o)
 .comment       0x00000000       0x27 d:/program/altera/13.0sp1/nios2eds/bin/gnu/h-i686-mingw32/bin/../lib/gcc/nios2-elf/4.1.2/../../../../nios2-elf/lib\libc.a(lib_a-__atexit.o)

.debug
 *(.debug)

.line
 *(.line)

.debug_srcinfo
 *(.debug_srcinfo)

.debug_sfnames
 *(.debug_sfnames)

.debug_aranges  0x00000000      0xe70
 *(.debug_aranges)
 .debug_aranges
                0x00000000       0x20 ../nios_hostFS_2_bsp//obj/HAL/src/crt0.o
 .debug_aranges
                0x00000020       0x20 obj/default/AsciiLib.o
 .debug_aranges
                0x00000040       0x20 obj/default/LCD32.o
 .debug_aranges
                0x00000060       0x20 obj/default/game.o
 .debug_aranges
                0x00000080       0x20 obj/default/main.o
 .debug_aranges
                0x000000a0       0x20 obj/default/touch.o